<html>
<body>
<pre>
<h1>礦ision Build Log</h1>
<h2>Project:</h2>
D:\BaiduYunDownload\STM32F103C8T6最小系统版资料\STM32F103C8T6例程\基本例程-按键（查询方式）\按键（查询方式）\USER\STM32-DEMO.uvproj
Project File Date:  03/01/2013

<h2>Output:</h2>
Build target 'KEY-DEMO'
compiling main.c...
compiling stm32f10x_it.c...
compiling led.c...
led.c(26): warning:  #1-D: last line of file ends without a newline
compiling key.c...
linking...
Program Size: Code=2724 RO-data=336 RW-data=20 ZI-data=612  
FromELF: creating hex file...
"..\Output\STM32-DEMO.axf" - 0 Errors, 1 Warning(s).
Rebuild target 'KEY-DEMO'
assembling startup_stm32f10x_hd.s...
compiling main.c...
compiling stm32f10x_it.c...
compiling led.c...
led.c(26): warning:  #1-D: last line of file ends without a newline
compiling key.c...
compiling stm32f10x_gpio.c...
compiling stm32f10x_rcc.c...
compiling misc.c...
compiling core_cm3.c...
compiling system_stm32f10x.c...
linking...
Program Size: Code=2744 RO-data=336 RW-data=20 ZI-data=612  
FromELF: creating hex file...
".\STM32-DEMO.axf" - 0 Errors, 1 Warning(s).
*** Note: 'Create Batch File' is active - using 'Rebuild'.
Rebuild target 'KEY-DEMO'
assembling startup_stm32f10x_hd.s...
compiling main.c...
compiling stm32f10x_it.c...
compiling led.c...
compiling key.c...
compiling stm32f10x_gpio.c...
compiling stm32f10x_rcc.c...
compiling misc.c...
compiling core_cm3.c...
compiling system_stm32f10x.c...
linking...
Program Size: Code=2744 RO-data=336 RW-data=20 ZI-data=612  
FromELF: creating hex file...
".\STM32-DEMO.axf" - 0 Errors, 0 Warning(s).
*** Note: 'Create Batch File' is active - using 'Rebuild'.
Rebuild target 'KEY-DEMO'
assembling startup_stm32f10x_hd.s...
compiling main.c...
compiling stm32f10x_it.c...
compiling led.c...
compiling key.c...
compiling stm32f10x_gpio.c...
compiling stm32f10x_rcc.c...
compiling misc.c...
compiling core_cm3.c...
compiling system_stm32f10x.c...
linking...
Program Size: Code=2744 RO-data=336 RW-data=20 ZI-data=612  
FromELF: creating hex file...
".\STM32-DEMO.axf" - 0 Errors, 0 Warning(s).
*** Note: 'Create Batch File' is active - using 'Rebuild'.
Rebuild target 'KEY-DEMO'
assembling startup_stm32f10x_hd.s...
compiling main.c...
compiling stm32f10x_it.c...
compiling led.c...
compiling key.c...
compiling stm32f10x_gpio.c...
compiling stm32f10x_rcc.c...
compiling misc.c...
compiling core_cm3.c...
compiling system_stm32f10x.c...
linking...
Program Size: Code=2708 RO-data=336 RW-data=20 ZI-data=612  
FromELF: creating hex file...
".\STM32-DEMO.axf" - 0 Errors, 0 Warning(s).
*** Note: 'Create Batch File' is active - using 'Rebuild'.
Rebuild target 'KEY-DEMO'
assembling startup_stm32f10x_hd.s...
compiling main.c...
compiling stm32f10x_it.c...
compiling led.c...
compiling key.c...
compiling stm32f10x_gpio.c...
compiling stm32f10x_rcc.c...
compiling misc.c...
compiling core_cm3.c...
compiling system_stm32f10x.c...
linking...
Program Size: Code=2668 RO-data=336 RW-data=20 ZI-data=612  
FromELF: creating hex file...
".\STM32-DEMO.axf" - 0 Errors, 0 Warning(s).
*** Note: 'Create Batch File' is active - using 'Rebuild'.
Rebuild target 'KEY-DEMO'
assembling startup_stm32f10x_hd.s...
compiling main.c...
compiling stm32f10x_it.c...
compiling led.c...
compiling key.c...
compiling stm32f10x_gpio.c...
compiling stm32f10x_rcc.c...
compiling misc.c...
compiling core_cm3.c...
compiling system_stm32f10x.c...
linking...
Program Size: Code=2672 RO-data=336 RW-data=20 ZI-data=612  
FromELF: creating hex file...
".\STM32-DEMO.axf" - 0 Errors, 0 Warning(s).
Load "D:\\BaiduYunDownload\\STM32F103C8T6最小系统版资料\\STM32F103C8T6例程\\基本例程-按键（查询方式）\\按键（查询方式）\\USER\\STM32-DEMO.axf" 
Erase Done.
Programming Done.
Verify OK.
Rebuild target 'KEY-DEMO'
assembling startup_stm32f10x_hd.s...
compiling main.c...
compiling stm32f10x_it.c...
compiling led.c...
compiling key.c...
compiling stm32f10x_gpio.c...
compiling stm32f10x_rcc.c...
compiling misc.c...
compiling core_cm3.c...
compiling system_stm32f10x.c...
linking...
Program Size: Code=2672 RO-data=336 RW-data=20 ZI-data=612  
FromELF: creating hex file...
".\STM32-DEMO.axf" - 0 Errors, 0 Warning(s).
