Component: ARM Compiler 5.06 update 1 (build 61) Tool: armlink [4d35a8]

==============================================================================

Section Cross References

    startup_stm32f10x_hd.o(STACK) refers (Special) to heapauxi.o(.text) for __use_two_region_memory
    startup_stm32f10x_hd.o(HEAP) refers (Special) to heapauxi.o(.text) for __use_two_region_memory
    startup_stm32f10x_hd.o(RESET) refers (Special) to heapauxi.o(.text) for __use_two_region_memory
    startup_stm32f10x_hd.o(RESET) refers to startup_stm32f10x_hd.o(.text) for Reset_Handler
    startup_stm32f10x_hd.o(RESET) refers to hal_cm3.o(.emb_text) for SVC_Handler
    startup_stm32f10x_hd.o(.text) refers (Special) to heapauxi.o(.text) for __use_two_region_memory
    startup_stm32f10x_hd.o(.text) refers to startup_stm32f10x_hd.o(STACK) for __initial_sp
    startup_stm32f10x_hd.o(.text) refers to __main.o(!!!main) for __main
    startup_stm32f10x_hd.o(.text) refers to startup_stm32f10x_hd.o(HEAP) for Heap_Mem
    main.o(.text) refers to system_stm32f10x.o(.text) for SystemInit
    main.o(.text) refers to led.o(.text) for LED_GPIO_Config
    main.o(.text) refers to key.o(.text) for Key_GPIO_Config
    main.o(.text) refers to stm32f10x_gpio.o(.text) for GPIO_WriteBit
    led.o(.text) refers to stm32f10x_rcc.o(.text) for RCC_APB2PeriphClockCmd
    led.o(.text) refers to stm32f10x_gpio.o(.text) for GPIO_Init
    key.o(.text) refers to stm32f10x_rcc.o(.text) for RCC_APB2PeriphClockCmd
    key.o(.text) refers to stm32f10x_gpio.o(.text) for GPIO_Init
    key.o(.text) refers to rt_cmsis.o(i.osDelay) for osDelay
    stm32f10x_gpio.o(.text) refers to stm32f10x_rcc.o(.text) for RCC_APB2PeriphResetCmd
    stm32f10x_rcc.o(.text) refers to stm32f10x_rcc.o(.data) for APBAHBPrescTable
    rtx_conf_cm.o(.emb_text) refers to rt_cmsis.o(i.osKernelInitialize) for osKernelInitialize
    rtx_conf_cm.o(.emb_text) refers to rt_cmsis.o(i.osThreadCreate) for osThreadCreate
    rtx_conf_cm.o(.emb_text) refers to rt_cmsis.o(i.osKernelStart) for osKernelStart
    rtx_conf_cm.o(.emb_text) refers to exit.o(.text) for exit
    rtx_conf_cm.o(.emb_text) refers to rtx_conf_cm.o(.constdata) for os_thread_def_main
    rtx_conf_cm.o(.text) refers to rt_task.o(i.rt_tsk_self) for rt_tsk_self
    rtx_conf_cm.o(.text) refers to rt_mutex.o(i.rt_mut_init) for rt_mut_init
    rtx_conf_cm.o(.text) refers to rt_cmsis.o(.data) for os_running
    rtx_conf_cm.o(.text) refers to rtx_conf_cm.o(.bss) for .bss
    rtx_conf_cm.o(.text) refers to libspace.o(.bss) for __libspace_start
    rtx_conf_cm.o(.text) refers to rtx_conf_cm.o(.data) for .data
    rtx_conf_cm.o(.text) refers to rt_mutex.o(i.rt_mut_wait) for rt_mut_wait
    rtx_conf_cm.o(.text) refers to rt_mutex.o(i.rt_mut_release) for rt_mut_release
    rtx_conf_cm.o(.constdata) refers to rt_cmsis.o(i.osTimerThread) for osTimerThread
    rtx_conf_cm.o(.constdata) refers to rtx_conf_cm.o(.bss) for os_messageQ_q_osTimerMessageQ
    rtx_conf_cm.o(.constdata) refers to main.o(.text) for main
    rt_cmsis.o(i.isrMessageGet) refers to rt_mailbox.o(i.isr_mbx_receive) for isr_mbx_receive
    rt_cmsis.o(i.isrMessagePut) refers to rt_mailbox.o(i.rt_mbx_check) for rt_mbx_check
    rt_cmsis.o(i.isrMessagePut) refers to rt_mailbox.o(i.isr_mbx_send) for isr_mbx_send
    rt_cmsis.o(i.isrSemaphoreRelease) refers to rt_cmsis.o(i.rt_id2obj) for rt_id2obj
    rt_cmsis.o(i.isrSemaphoreRelease) refers to rt_semaphore.o(i.isr_sem_send) for isr_sem_send
    rt_cmsis.o(i.isrSignalSet) refers to rt_cmsis.o(i.rt_tid2ptcb) for rt_tid2ptcb
    rt_cmsis.o(i.isrSignalSet) refers to rt_event.o(i.isr_evt_set) for isr_evt_set
    rt_cmsis.o(i.osDelay) refers to rt_cmsis.o(i.svcDelay) for svcDelay
    rt_cmsis.o(i.osKernelInitialize) refers to rt_cmsis.o(i.svcKernelInitialize) for svcKernelInitialize
    rt_cmsis.o(i.osKernelRunning) refers to rt_cmsis.o(i.svcKernelRunning) for svcKernelRunning
    rt_cmsis.o(i.osKernelRunning) refers to rt_cmsis.o(.data) for .data
    rt_cmsis.o(i.osKernelStart) refers to rtx_conf_cm.o(.constdata) for os_flags
    rt_cmsis.o(i.osKernelStart) refers to rt_cmsis.o(i.svcKernelStart) for svcKernelStart
    rt_cmsis.o(i.osKernelSysTick) refers to rt_cmsis.o(i.svcKernelSysTick) for svcKernelSysTick
    rt_cmsis.o(i.osMailAlloc) refers to rt_cmsis.o(i.sysMailAlloc) for sysMailAlloc
    rt_cmsis.o(i.osMailCAlloc) refers to rt_cmsis.o(i.sysMailAlloc) for sysMailAlloc
    rt_cmsis.o(i.osMailCAlloc) refers to rt_cmsis.o(i.rt_clr_box) for rt_clr_box
    rt_cmsis.o(i.osMailCreate) refers to rt_cmsis.o(i.svcMailCreate) for svcMailCreate
    rt_cmsis.o(i.osMailCreate) refers to rt_cmsis.o(.data) for .data
    rt_cmsis.o(i.osMailFree) refers to rt_cmsis.o(i.sysMailFree) for sysMailFree
    rt_cmsis.o(i.osMailGet) refers to rt_cmsis.o(i.osMessageGet) for osMessageGet
    rt_cmsis.o(i.osMailPut) refers to rt_cmsis.o(i.osMessagePut) for osMessagePut
    rt_cmsis.o(i.osMessageCreate) refers to rt_cmsis.o(i.svcMessageCreate) for svcMessageCreate
[...]
    _get_argv_nomalloc.o(.text) refers to defsig_rtmem_outer.o(.text) for __rt_SIGRTMEM
    _get_argv_nomalloc.o(.text) refers to sys_command.o(.text) for _sys_command_string
    sys_command.o(.text) refers (Special) to use_no_semi.o(.text) for __I$use$semihosting
    sys_command.o(.text) refers (Special) to indicate_semi.o(.text) for __semihosting_library_function
    defsig_abrt_inner.o(.text) refers to defsig_general.o(.text) for __default_signal_display
    defsig_rtred_inner.o(.text) refers to defsig_general.o(.text) for __default_signal_display
    defsig_rtmem_inner.o(.text) refers to defsig_general.o(.text) for __default_signal_display
    defsig_rtmem_outer.o(.text) refers to defsig_rtmem_inner.o(.text) for __rt_SIGRTMEM_inner
    defsig_rtmem_outer.o(.text) refers to defsig_exit.o(.text) for __sig_exit
    defsig_rtmem_formal.o(.text) refers to rt_raise.o(.text) for __rt_raise
    defsig_stak_inner.o(.text) refers to defsig_general.o(.text) for __default_signal_display
    defsig_pvfn_inner.o(.text) refers to defsig_general.o(.text) for __default_signal_display
    defsig_cppl_inner.o(.text) refers to defsig_general.o(.text) for __default_signal_display
    defsig_segv_inner.o(.text) refers to defsig_general.o(.text) for __default_signal_display
    defsig_other.o(.text) refers to defsig_general.o(.text) for __default_signal_display


==============================================================================

Removing Unused input sections from the image.

    Removing misc.o(.text), (220 bytes).
    Removing core_cm3.o(.emb_text), (32 bytes).
    Removing system_stm32f10x.o(.constdata), (20 bytes).
    Removing rt_cmsis.o(.rev16_text), (4 bytes).
    Removing rt_cmsis.o(.revsh_text), (4 bytes).
    Removing rt_cmsis.o(.rrx_text), (6 bytes).
    Removing rt_cmsis.o(i.isrSemaphoreRelease), (40 bytes).
    Removing rt_cmsis.o(i.isrSignalSet), (36 bytes).
    Removing rt_cmsis.o(i.osKernelRunning), (36 bytes).
    Removing rt_cmsis.o(i.osKernelSysTick), (24 bytes).
    Removing rt_cmsis.o(i.osMailAlloc), (28 bytes).
    Removing rt_cmsis.o(i.osMailCAlloc), (48 bytes).
    Removing rt_cmsis.o(i.osMailCreate), (44 bytes).
    Removing rt_cmsis.o(i.osMailFree), (28 bytes).
    Removing rt_cmsis.o(i.osMailGet), (22 bytes).
    Removing rt_cmsis.o(i.osMailPut), (20 bytes).
    Removing rt_cmsis.o(i.osMessageCreate), (44 bytes).
    Removing rt_cmsis.o(i.osMessagePut), (24 bytes).
    Removing rt_cmsis.o(i.osMutexCreate), (44 bytes).
    Removing rt_cmsis.o(i.osMutexDelete), (24 bytes).
    Removing rt_cmsis.o(i.osMutexRelease), (24 bytes).
    Removing rt_cmsis.o(i.osMutexWait), (24 bytes).
    Removing rt_cmsis.o(i.osPoolAlloc), (32 bytes).
    Removing rt_cmsis.o(i.osPoolCAlloc), (52 bytes).
    Removing rt_cmsis.o(i.osPoolCreate), (44 bytes).
    Removing rt_cmsis.o(i.osPoolFree), (32 bytes).
    Removing rt_cmsis.o(i.osSemaphoreCreate), (44 bytes).
    Removing rt_cmsis.o(i.osSemaphoreDelete), (24 bytes).
    Removing rt_cmsis.o(i.osSemaphoreRelease), (24 bytes).
    Removing rt_cmsis.o(i.osSemaphoreWait), (24 bytes).
    Removing rt_cmsis.o(i.osSignalClear), (24 bytes).
    Removing rt_cmsis.o(i.osSignalSet), (24 bytes).
    Removing rt_cmsis.o(i.osSignalWait), (24 bytes).
    Removing rt_cmsis.o(i.osThreadGetId), (24 bytes).
    Removing rt_cmsis.o(i.osThreadGetPriority), (24 bytes).
    Removing rt_cmsis.o(i.osThreadSetPriority), (24 bytes).
    Removing rt_cmsis.o(i.osThreadTerminate), (24 bytes).
    Removing rt_cmsis.o(i.osThreadYield), (24 bytes).
    Removing rt_cmsis.o(i.osTimerCreate), (44 bytes).
    Removing rt_cmsis.o(i.osTimerDelete), (24 bytes).
    Removing rt_cmsis.o(i.osTimerStart), (24 bytes).
    Removing rt_cmsis.o(i.osTimerStop), (24 bytes).
    Removing rt_cmsis.o(i.osWait), (4 bytes).
    Removing rt_cmsis.o(i.os_resume), (12 bytes).
    Removing rt_cmsis.o(i.os_suspend), (12 bytes).
    Removing rt_cmsis.o(i.rt_clr_box), (24 bytes).
    Removing rt_cmsis.o(i.rt_timer_remove), (60 bytes).
    Removing rt_cmsis.o(i.svcKernelRunning), (12 bytes).
    Removing rt_cmsis.o(i.svcKernelSysTick), (56 bytes).
    Removing rt_cmsis.o(i.svcMailCreate), (66 bytes).
    Removing rt_cmsis.o(i.svcMessagePut), (54 bytes).
    Removing rt_cmsis.o(i.svcMutexCreate), (28 bytes).
    Removing rt_cmsis.o(i.svcMutexDelete), (26 bytes).
    Removing rt_cmsis.o(i.svcMutexRelease), (34 bytes).
    Removing rt_cmsis.o(i.svcMutexWait), (58 bytes).
    Removing rt_cmsis.o(i.svcPoolCreate), (40 bytes).
    Removing rt_cmsis.o(i.svcSemaphoreCreate), (36 bytes).
    Removing rt_cmsis.o(i.svcSemaphoreDelete), (26 bytes).
    Removing rt_cmsis.o(i.svcSemaphoreRelease), (40 bytes).
    Removing rt_cmsis.o(i.svcSemaphoreWait), (50 bytes).
    Removing rt_cmsis.o(i.svcSignalClear), (36 bytes).
    Removing rt_cmsis.o(i.svcSignalSet), (36 bytes).
    Removing rt_cmsis.o(i.svcSignalWait), (84 bytes).
    Removing rt_cmsis.o(i.svcThreadGetPriority), (18 bytes).
    Removing rt_cmsis.o(i.svcThreadSetPriority), (46 bytes).
    Removing rt_cmsis.o(i.svcThreadYield), (10 bytes).
    Removing rt_cmsis.o(i.svcTimerCreate), (56 bytes).
    Removing rt_cmsis.o(i.svcTimerDelete), (40 bytes).
    Removing rt_cmsis.o(i.svcTimerStart), (100 bytes).
    Removing rt_cmsis.o(i.svcTimerStop), (36 bytes).
    Removing rt_cmsis.o(i.sysMailAlloc), (88 bytes).
    Removing rt_cmsis.o(i.sysMailFree), (96 bytes).
    Removing rt_cmsis.o(i.sysPoolAlloc), (10 bytes).
    Removing rt_cmsis.o(i.sysPoolFree), (20 bytes).
    Removing rt_cmsis.o(i.sysUserTimerUpdate), (48 bytes).
    Removing rt_cmsis.o(i.sysUserTimerWakeupTime), (20 bytes).
    Removing rt_task.o(i.rt_tsk_pass), (48 bytes).
    Removing rt_mutex.o(i.rt_mut_delete), (176 bytes).
    Removing rt_system.o(.emb_text), (0 bytes).
    Removing rt_system.o(i.os_tick_ovf), (16 bytes).
    Removing rt_system.o(i.os_tick_val), (20 bytes).
    Removing rt_system.o(i.rt_resume), (136 bytes).
    Removing rt_system.o(i.rt_suspend), (36 bytes).
    Removing rt_system.o(i.rt_tsk_lock), (80 bytes).
    Removing rt_system.o(i.rt_tsk_unlock), (80 bytes).
    Removing rt_event.o(i.isr_evt_set), (40 bytes).
    Removing rt_event.o(i.rt_evt_clr), (28 bytes).
    Removing rt_event.o(i.rt_evt_get), (12 bytes).
    Removing rt_event.o(i.rt_evt_set), (92 bytes).
    Removing rt_event.o(i.rt_evt_wait), (60 bytes).
    Removing rt_list.o(i.rt_get_same_rdy_prio), (36 bytes).
    Removing rt_mailbox.o(i.rt_mbx_send), (152 bytes).
    Removing rt_semaphore.o(i.isr_sem_send), (16 bytes).
    Removing rt_semaphore.o(i.rt_sem_delete), (92 bytes).
    Removing rt_semaphore.o(i.rt_sem_init), (12 bytes).
    Removing rt_semaphore.o(i.rt_sem_send), (42 bytes).
    Removing rt_semaphore.o(i.rt_sem_wait), (64 bytes).
    Removing rt_time.o(i.rt_itv_set), (24 bytes).
    Removing rt_time.o(i.rt_itv_wait), (40 bytes).
    Removing rt_time.o(i.rt_time_get), (12 bytes).
    Removing rt_membox.o(i._calloc_box), (30 bytes).

101 unused section(s) (total 4106 bytes) removed from the image.

==============================================================================

Image Symbol Table

    Local Symbols

    Symbol Name                              Value     Ov Type        Size  Object(Section)

    ../clib/angel/boardlib.s                 0x00000000   Number         0  boardinit1.o ABSOLUTE
    ../clib/angel/boardlib.s                 0x00000000   Number         0  boardinit2.o ABSOLUTE
    ../clib/angel/boardlib.s                 0x00000000   Number         0  boardshut.o ABSOLUTE
    ../clib/angel/handlers.s                 0x00000000   Number         0  __scatter_zi.o ABSOLUTE
    ../clib/angel/handlers.s                 0x00000000   Number         0  __scatter_copy.o ABSOLUTE
    ../clib/angel/kernel.s                   0x00000000   Number         0  __rtentry2.o ABSOLUTE
    ../clib/angel/kernel.s                   0x00000000   Number         0  __rtentry4.o ABSOLUTE
    ../clib/angel/kernel.s                   0x00000000   Number         0  rtexit2.o ABSOLUTE
    ../clib/angel/kernel.s                   0x00000000   Number         0  __rtentry.o ABSOLUTE
    ../clib/angel/kernel.s                   0x00000000   Number         0  rtexit.o ABSOLUTE
    ../clib/angel/rt.s                       0x00000000   Number         0  rt_div0.o ABSOLUTE
    ../clib/angel/rt.s                       0x00000000   Number         0  rt_raise.o ABSOLUTE
    ../clib/angel/rt.s                       0x00000000   Number         0  aeabi_ldiv0.o ABSOLUTE
    ../clib/angel/rt.s                       0x00000000   Number         0  aeabi_ldiv0_sigfpe.o ABSOLUTE
    ../clib/angel/scatter.s                  0x00000000   Number         0  __scatter.o ABSOLUTE
    ../clib/angel/startup.s                  0x00000000   Number         0  __main.o ABSOLUTE
    ../clib/angel/sys.s                      0x00000000   Number         0  libspace.o ABSOLUTE
    ../clib/angel/sys.s                      0x00000000   Number         0  sys_stackheap_outer.o ABSOLUTE
    ../clib/angel/sys.s                      0x00000000   Number         0  use_no_semi.o ABSOLUTE
    ../clib/angel/sys.s                      0x00000000   Number         0  indicate_semi.o ABSOLUTE
    ../clib/angel/sysapp.c                   0x00000000   Number         0  sys_exit.o ABSOLUTE
    ../clib/angel/sysapp.c                   0x00000000   Number         0  sys_wrch.o ABSOLUTE
    ../clib/angel/sysapp.c                   0x00000000   Number         0  sys_command.o ABSOLUTE
    ../clib/armsys.c                         0x00000000   Number         0  argv_veneer.o ABSOLUTE
    ../clib/armsys.c                         0x00000000   Number         0  argv_veneer.o ABSOLUTE
    ../clib/armsys.c                         0x00000000   Number         0  no_argv.o ABSOLUTE
    ../clib/armsys.c                         0x00000000   Number         0  _get_argv_nomalloc.o ABSOLUTE
    ../clib/heapalloc.c                      0x00000000   Number         0  hrguard.o ABSOLUTE
    ../clib/heapaux.c                        0x00000000   Number         0  heapauxi.o ABSOLUTE
    ../clib/libinit.s                        0x00000000   Number         0  libshutdown2.o ABSOLUTE
    ../clib/libinit.s                        0x00000000   Number         0  libinit2.o ABSOLUTE
    ../clib/libinit.s                        0x00000000   Number         0  libshutdown.o ABSOLUTE
    ../clib/libinit.s                        0x00000000   Number         0  libinit.o ABSOLUTE
    ../clib/longlong.s                       0x00000000   Number         0  lludivv7m.o ABSOLUTE
    ../clib/signal.c                         0x00000000   Number         0  defsig_fpe_inner.o ABSOLUTE
    ../clib/signal.c                         0x00000000   Number         0  defsig_cppl_inner.o ABSOLUTE
    ../clib/signal.c                         0x00000000   Number         0  defsig_fpe_outer.o ABSOLUTE
    ../clib/signal.c                         0x00000000   Number         0  defsig_abrt_inner.o ABSOLUTE
    ../clib/signal.c                         0x00000000   Number         0  defsig_rtred_inner.o ABSOLUTE
    ../clib/signal.c                         0x00000000   Number         0  defsig_general.o ABSOLUTE
    ../clib/signal.c                         0x00000000   Number         0  __raise.o ABSOLUTE
    ../clib/signal.c                         0x00000000   Number         0  defsig_rtmem_inner.o ABSOLUTE
    ../clib/signal.c                         0x00000000   Number         0  defsig_stak_inner.o ABSOLUTE
    ../clib/signal.c                         0x00000000   Number         0  defsig_rtmem_outer.o ABSOLUTE
    ../clib/signal.c                         0x00000000   Number         0  defsig_rtmem_formal.o ABSOLUTE
    ../clib/signal.c                         0x00000000   Number         0  defsig_fpe_formal.o ABSOLUTE
    ../clib/signal.c                         0x00000000   Number         0  defsig_exit.o ABSOLUTE
    ../clib/signal.c                         0x00000000   Number         0  defsig_other.o ABSOLUTE
    ../clib/signal.c                         0x00000000   Number         0  defsig_segv_inner.o ABSOLUTE
    ../clib/signal.c                         0x00000000   Number         0  defsig_pvfn_inner.o ABSOLUTE
    ../clib/signal.s                         0x00000000   Number         0  defsig.o ABSOLUTE
    ../clib/stdlib.c                         0x00000000   Number         0  exit.o ABSOLUTE
    ../fplib/fpinit.s                        0x00000000   Number         0  fpinit.o ABSOLUTE
    ..\CMSIS\core_cm3.c                      0x00000000   Number         0  core_cm3.o ABSOLUTE
    ..\CMSIS\startup\startup_stm32f10x_hd.s  0x00000000   Number         0  startup_stm32f10x_hd.o ABSOLUTE
    ..\CMSIS\system_stm32f10x.c              0x00000000   Number         0  system_stm32f10x.o ABSOLUTE
    ..\FWlib\src\misc.c                      0x00000000   Number         0  misc.o ABSOLUTE
    ..\FWlib\src\stm32f10x_gpio.c            0x00000000   Number         0  stm32f10x_gpio.o ABSOLUTE
    ..\FWlib\src\stm32f10x_rcc.c             0x00000000   Number         0  stm32f10x_rcc.o ABSOLUTE
    ..\HAL_CM.c                              0x00000000   Number         0  hal_cm.o ABSOLUTE
    ..\\CMSIS\\core_cm3.c                    0x00000000   Number         0  core_cm3.o ABSOLUTE
    ..\\rt_CMSIS.c                           0x00000000   Number         0  rt_cmsis.o ABSOLUTE
    ..\\rt_System.c                          0x00000000   Number         0  rt_system.o ABSOLUTE
    ..\rt_CMSIS.c                            0x00000000   Number         0  rt_cmsis.o ABSOLUTE
    ..\rt_Event.c                            0x00000000   Number         0  rt_event.o ABSOLUTE
    ..\rt_List.c                             0x00000000   Number         0  rt_list.o ABSOLUTE
    ..\rt_Mailbox.c                          0x00000000   Number         0  rt_mailbox.o ABSOLUTE
    ..\rt_MemBox.c                           0x00000000   Number         0  rt_membox.o ABSOLUTE
    ..\rt_Memory.c                           0x00000000   Number         0  rt_memory.o ABSOLUTE
    ..\rt_Mutex.c                            0x00000000   Number         0  rt_mutex.o ABSOLUTE
    ..\rt_Robin.c                            0x00000000   Number         0  rt_robin.o ABSOLUTE
    ..\rt_Semaphore.c                        0x00000000   Number         0  rt_semaphore.o ABSOLUTE
    ..\rt_System.c                           0x00000000   Number         0  rt_system.o ABSOLUTE
    ..\rt_Task.c                             0x00000000   Number         0  rt_task.o ABSOLUTE
    ..\rt_Time.c                             0x00000000   Number         0  rt_time.o ABSOLUTE
    HAL_CM3.c                                0x00000000   Number         0  hal_cm3.o ABSOLUTE
    HAL_CM3.c                                0x00000000   Number         0  hal_cm3.o ABSOLUTE
    RTE\CMSIS\RTX_Conf_CM.c                  0x00000000   Number         0  rtx_conf_cm.o ABSOLUTE
    RTE\\CMSIS\\RTX_Conf_CM.c                0x00000000   Number         0  rtx_conf_cm.o ABSOLUTE
    SVC_Table.s                              0x00000000   Number         0  svc_table.o ABSOLUTE
    dc.s                                     0x00000000   Number         0  dc.o ABSOLUTE
    key.c                                    0x00000000   Number         0  key.o ABSOLUTE
    led.c                                    0x00000000   Number         0  led.o ABSOLUTE
    main.c                                   0x00000000   Number         0  main.o ABSOLUTE
    RESET                                    0x08000000   Section      304  startup_stm32f10x_hd.o(RESET)
    !!!main                                  0x08000130   Section        8  __main.o(!!!main)
    !!!scatter                               0x08000138   Section       52  __scatter.o(!!!scatter)
    !!handler_copy                           0x0800016c   Section       26  __scatter_copy.o(!!handler_copy)
    !!handler_zi                             0x08000188   Section       28  __scatter_zi.o(!!handler_zi)
    .ARM.Collect$$libinit$$00000000          0x080001a4   Section        2  libinit.o(.ARM.Collect$$libinit$$00000000)
    .ARM.Collect$$libinit$$00000002          0x080001a6   Section        0  libinit2.o(.ARM.Collect$$libinit$$00000002)
    .ARM.Collect$$libinit$$00000004          0x080001a6   Section        0  libinit2.o(.ARM.Collect$$libinit$$00000004)
    .ARM.Collect$$libinit$$0000000A          0x080001a6   Section        0  libinit2.o(.ARM.Collect$$libinit$$0000000A)
    .ARM.Collect$$libinit$$0000000C          0x080001a6   Section        0  libinit2.o(.ARM.Collect$$libinit$$0000000C)
    .ARM.Collect$$libinit$$0000000E          0x080001a6   Section        0  libinit2.o(.ARM.Collect$$libinit$$0000000E)
    .ARM.Collect$$libinit$$00000011          0x080001a6   Section        0  libinit2.o(.ARM.Collect$$libinit$$00000011)
    .ARM.Collect$$libinit$$00000013          0x080001a6   Section        0  libinit2.o(.ARM.Collect$$libinit$$00000013)
    .ARM.Collect$$libinit$$00000015          0x080001a6   Section        0  libinit2.o(.ARM.Collect$$libinit$$00000015)
    .ARM.Collect$$libinit$$00000017          0x080001a6   Section        0  libinit2.o(.ARM.Collect$$libinit$$00000017)
    .ARM.Collect$$libinit$$00000019          0x080001a6   Section        0  libinit2.o(.ARM.Collect$$libinit$$00000019)
    .ARM.Collect$$libinit$$0000001B          0x080001a6   Section        0  libinit2.o(.ARM.Collect$$libinit$$0000001B)
    .ARM.Collect$$libinit$$0000001D          0x080001a6   Section        0  libinit2.o(.ARM.Collect$$libinit$$0000001D)
    .ARM.Collect$$libinit$$0000001F          0x080001a6   Section        0  libinit2.o(.ARM.Collect$$libinit$$0000001F)
    .ARM.Collect$$libinit$$00000021          0x080001a6   Section        0  libinit2.o(.ARM.Collect$$libinit$$00000021)
    .ARM.Collect$$libinit$$00000023          0x080001a6   Section        0  libinit2.o(.ARM.Collect$$libinit$$00000023)
    .ARM.Collect$$libinit$$00000025          0x080001a6   Section        0  libinit2.o(.ARM.Collect$$libinit$$00000025)
    .ARM.Collect$$libinit$$0000002C          0x080001a6   Section        0  libinit2.o(.ARM.Collect$$libinit$$0000002C)
    .ARM.Collect$$libinit$$0000002E          0x080001a6   Section        0  libinit2.o(.ARM.Collect$$libinit$$0000002E)
    .ARM.Collect$$libinit$$00000030          0x080001a6   Section        0  libinit2.o(.ARM.Collect$$libinit$$00000030)
    .ARM.Collect$$libinit$$00000032          0x080001a6   Section        0  libinit2.o(.ARM.Collect$$libinit$$00000032)
    .ARM.Collect$$libinit$$00000033          0x080001a6   Section        2  libinit2.o(.ARM.Collect$$libinit$$00000033)
    .ARM.Collect$$libshutdown$$00000000      0x080001a8   Section        2  libshutdown.o(.ARM.Collect$$libshutdown$$00000000)
    .ARM.Collect$$libshutdown$$00000002      0x080001aa   Section        0  libshutdown2.o(.ARM.Collect$$libshutdown$$00000002)
    .ARM.Collect$$libshutdown$$00000004      0x080001aa   Section        0  libshutdown2.o(.ARM.Collect$$libshutdown$$00000004)
    .ARM.Collect$$libshutdown$$00000007      0x080001aa   Section        0  libshutdown2.o(.ARM.Collect$$libshutdown$$00000007)
    .ARM.Collect$$libshutdown$$0000000A      0x080001aa   Section        0  libshutdown2.o(.ARM.Collect$$libshutdown$$0000000A)
    .ARM.Collect$$libshutdown$$0000000C      0x080001aa   Section        0  libshutdown2.o(.ARM.Collect$$libshutdown$$0000000C)
    .ARM.Collect$$libshutdown$$0000000F      0x080001aa   Section        0  libshutdown2.o(.ARM.Collect$$libshutdown$$0000000F)
    .ARM.Collect$$libshutdown$$00000010      0x080001aa   Section        2  libshutdown2.o(.ARM.Collect$$libshutdown$$00000010)
    .ARM.Collect$$rtentry$$00000000          0x080001ac   Section        0  __rtentry.o(.ARM.Collect$$rtentry$$00000000)
    .ARM.Collect$$rtentry$$00000002          0x080001ac   Section        0  __rtentry2.o(.ARM.Collect$$rtentry$$00000002)
    .ARM.Collect$$rtentry$$00000004          0x080001ac   Section        6  __rtentry4.o(.ARM.Collect$$rtentry$$00000004)
    .ARM.Collect$$rtentry$$00000009          0x080001b2   Section        0  __rtentry2.o(.ARM.Collect$$rtentry$$00000009)
    .ARM.Collect$$rtentry$$0000000A          0x080001b2   Section        4  __rtentry2.o(.ARM.Collect$$rtentry$$0000000A)
    .ARM.Collect$$rtentry$$0000000B          0x080001b6   Section        8  __rtentry2.o(.ARM.Collect$$rtentry$$0000000B)
    .ARM.Collect$$rtentry$$0000000D          0x080001be   Section        8  __rtentry2.o(.ARM.Collect$$rtentry$$0000000D)
    .ARM.Collect$$rtexit$$00000000           0x080001c6   Section        2  rtexit.o(.ARM.Collect$$rtexit$$00000000)
    .ARM.Collect$$rtexit$$00000002           0x080001c8   Section        0  rtexit2.o(.ARM.Collect$$rtexit$$00000002)
    .ARM.Collect$$rtexit$$00000003           0x080001c8   Section        4  rtexit2.o(.ARM.Collect$$rtexit$$00000003)
    .ARM.Collect$$rtexit$$00000004           0x080001cc   Section        6  rtexit2.o(.ARM.Collect$$rtexit$$00000004)
    .emb_text                                0x080001d4   Section       28  rtx_conf_cm.o(.emb_text)
    .emb_text                                0x080001f0   Section      304  hal_cm3.o(.emb_text)
    .text                                    0x08000320   Section       72  startup_stm32f10x_hd.o(.text)
    .text                                    0x08000368   Section        0  main.o(.text)
    .text                                    0x080003a8   Section        0  led.o(.text)
    .text                                    0x080003e0   Section        0  key.o(.text)
    .text                                    0x080004b0   Section        0  stm32f10x_gpio.o(.text)
    .text                                    0x080007e0   Section        0  stm32f10x_rcc.o(.text)
    .text                                    0x08000b80   Section        0  system_stm32f10x.o(.text)
    SetSysClockTo72                          0x08000b81   Thumb Code   220  system_stm32f10x.o(.text)
    SetSysClock                              0x08000c5d   Thumb Code     8  system_stm32f10x.o(.text)
    .text                                    0x08000cb8   Section        0  rtx_conf_cm.o(.text)
    __tagsym$$used                           0x08000d21   Number         0  rtx_conf_cm.o(.text)
    __tagsym$$used                           0x08000d37   Number         0  rtx_conf_cm.o(.text)
    .text                                    0x08000d64   Section        8  libspace.o(.text)
    .text                                    0x08000d6c   Section        0  exit.o(.text)
    .text                                    0x08000d7e   Section        0  heapauxi.o(.text)
    .text                                    0x08000d84   Section        0  sys_exit.o(.text)
    .text                                    0x08000d90   Section       74  sys_stackheap_outer.o(.text)
    .text                                    0x08000dda   Section        2  use_no_semi.o(.text)
    .text                                    0x08000ddc   Section        0  indicate_semi.o(.text)
    SVC_TABLE                                0x08000ddc   Section        4  svc_table.o(SVC_TABLE)
    i._init_box                              0x08000de0   Section        0  rt_membox.o(i._init_box)
    i.dbg_init                               0x08000e28   Section        0  hal_cm.o(i.dbg_init)
    i.dbg_task_notify                        0x08000e58   Section        0  hal_cm.o(i.dbg_task_notify)
    i.dbg_task_switch                        0x08000e78   Section        0  hal_cm.o(i.dbg_task_switch)
    i.isrMessageGet                          0x08000e88   Section        0  rt_cmsis.o(i.isrMessageGet)
    i.isrMessagePut                          0x08000eb2   Section        0  rt_cmsis.o(i.isrMessagePut)
    i.isr_mbx_receive                        0x08000ee0   Section        0  rt_mailbox.o(i.isr_mbx_receive)
    i.isr_mbx_send                           0x08000f36   Section        0  rt_mailbox.o(i.isr_mbx_send)
    i.osDelay                                0x08000f44   Section        0  rt_cmsis.o(i.osDelay)
    i.osKernelInitialize                     0x08000f5c   Section        0  rt_cmsis.o(i.osKernelInitialize)
    i.osKernelStart                          0x08000f80   Section        0  rt_cmsis.o(i.osKernelStart)
    i.osMessageGet                           0x08000fec   Section        0  rt_cmsis.o(i.osMessageGet)
    i.osThreadCreate                         0x08001004   Section        0  rt_cmsis.o(i.osThreadCreate)
    i.osThreadExit                           0x08001030   Section        0  rt_cmsis.o(i.osThreadExit)
    i.osTimerCall                            0x08001048   Section        0  rt_cmsis.o(i.osTimerCall)
    i.osTimerThread                          0x08001054   Section        0  rt_cmsis.o(i.osTimerThread)
    i.os_tick_init                           0x08001080   Section        0  rt_system.o(i.os_tick_init)
    i.os_tick_irqack                         0x080010a8   Section        0  rt_system.o(i.os_tick_irqack)
    i.rt_alloc_box                           0x080010aa   Section        0  rt_membox.o(i.rt_alloc_box)
    i.rt_alloc_mem                           0x080010c4   Section        0  rt_memory.o(i.rt_alloc_mem)
    i.rt_block                               0x08001104   Section        0  rt_task.o(i.rt_block)
    i.rt_chk_robin                           0x0800113c   Section        0  rt_robin.o(i.rt_chk_robin)
    i.rt_dec_dly                             0x08001184   Section        0  rt_list.o(i.rt_dec_dly)
    i.rt_dispatch                            0x080011f4   Section        0  rt_task.o(i.rt_dispatch)
    i.rt_dly_wait                            0x08001238   Section        0  rt_time.o(i.rt_dly_wait)
    i.rt_evt_psh                             0x08001240   Section        0  rt_event.o(i.rt_evt_psh)
    i.rt_free_box                            0x08001290   Section        0  rt_membox.o(i.rt_free_box)
    i.rt_free_mem                            0x080012bc   Section        0  rt_memory.o(i.rt_free_mem)
    i.rt_get_first                           0x080012e4   Section        0  rt_list.o(i.rt_get_first)
    i.rt_id2obj                              0x0800130c   Section        0  rt_cmsis.o(i.rt_id2obj)
    rt_id2obj                                0x0800130d   Thumb Code     8  rt_cmsis.o(i.rt_id2obj)
    i.rt_init_context                        0x08001314   Section        0  rt_task.o(i.rt_init_context)
    rt_init_context                          0x08001315   Thumb Code    66  rt_task.o(i.rt_init_context)
    i.rt_init_mem                            0x0800135c   Section        0  rt_memory.o(i.rt_init_mem)
    i.rt_init_robin                          0x08001378   Section        0  rt_robin.o(i.rt_init_robin)
    i.rt_init_stack                          0x08001390   Section        0  hal_cm.o(i.rt_init_stack)
    i.rt_mbx_check                           0x08001410   Section        0  rt_mailbox.o(i.rt_mbx_check)
    i.rt_mbx_init                            0x08001418   Section        0  rt_mailbox.o(i.rt_mbx_init)
    i.rt_mbx_psh                             0x08001434   Section        0  rt_mailbox.o(i.rt_mbx_psh)
    i.rt_mbx_wait                            0x08001524   Section        0  rt_mailbox.o(i.rt_mbx_wait)
    i.rt_ms2tick                             0x080015d8   Section        0  rt_cmsis.o(i.rt_ms2tick)
    rt_ms2tick                               0x080015d9   Thumb Code    58  rt_cmsis.o(i.rt_ms2tick)
    i.rt_mut_init                            0x0800161c   Section        0  rt_mutex.o(i.rt_mut_init)
    i.rt_mut_release                         0x0800162c   Section        0  rt_mutex.o(i.rt_mut_release)
    i.rt_mut_wait                            0x08001704   Section        0  rt_mutex.o(i.rt_mut_wait)
    i.rt_pop_req                             0x0800177c   Section        0  rt_system.o(i.rt_pop_req)
    i.rt_psh_req                             0x080017f8   Section        0  rt_system.o(i.rt_psh_req)
    i.rt_psq_enq                             0x08001818   Section        0  rt_list.o(i.rt_psq_enq)
    i.rt_put_dly                             0x08001874   Section        0  rt_list.o(i.rt_put_dly)
    i.rt_put_prio                            0x080018bc   Section        0  rt_list.o(i.rt_put_prio)
    i.rt_put_rdy_first                       0x080018f4   Section        0  rt_list.o(i.rt_put_rdy_first)
    i.rt_resort_prio                         0x08001908   Section        0  rt_list.o(i.rt_resort_prio)
    i.rt_ret_val                             0x0800193c   Section        0  hal_cm.o(i.rt_ret_val)
    i.rt_ret_val2                            0x08001942   Section        0  hal_cm.o(i.rt_ret_val2)
    i.rt_rmv_dly                             0x0800194a   Section        0  rt_list.o(i.rt_rmv_dly)
    i.rt_rmv_list                            0x08001974   Section        0  rt_list.o(i.rt_rmv_list)
    i.rt_sem_psh                             0x080019a4   Section        0  rt_semaphore.o(i.rt_sem_psh)
    i.rt_stk_check                           0x080019d8   Section        0  rt_system.o(i.rt_stk_check)
    i.rt_switch_req                          0x080019fc   Section        0  rt_task.o(i.rt_switch_req)
    i.rt_sys_init                            0x08001a24   Section        0  rt_task.o(i.rt_sys_init)
    i.rt_sys_start                           0x08001af0   Section        0  rt_task.o(i.rt_sys_start)
    i.rt_systick                             0x08001b68   Section        0  rt_system.o(i.rt_systick)
    i.rt_tid2ptcb                            0x08001ba8   Section        0  rt_cmsis.o(i.rt_tid2ptcb)
    rt_tid2ptcb                              0x08001ba9   Thumb Code    18  rt_cmsis.o(i.rt_tid2ptcb)
    i.rt_timer_insert                        0x08001bbc   Section        0  rt_cmsis.o(i.rt_timer_insert)
    rt_timer_insert                          0x08001bbd   Thumb Code    48  rt_cmsis.o(i.rt_timer_insert)
    i.rt_tsk_create                          0x08001bf0   Section        0  rt_task.o(i.rt_tsk_create)
    i.rt_tsk_delete                          0x08001c78   Section        0  rt_task.o(i.rt_tsk_delete)
    i.rt_tsk_prio                            0x08001df4   Section        0  rt_task.o(i.rt_tsk_prio)
    i.rt_tsk_self                            0x08001e70   Section        0  rt_task.o(i.rt_tsk_self)
    i.svcDelay                               0x08001e80   Section        0  rt_cmsis.o(i.svcDelay)
    i.svcKernelInitialize                    0x08001e94   Section        0  rt_cmsis.o(i.svcKernelInitialize)
    i.svcKernelStart                         0x08001f04   Section        0  rt_cmsis.o(i.svcKernelStart)
    i.svcMessageCreate                       0x08001f4c   Section        0  rt_cmsis.o(i.svcMessageCreate)
    i.svcMessageGet                          0x08001f70   Section        0  rt_cmsis.o(i.svcMessageGet)
    i.svcThreadCreate                        0x08001fac   Section        0  rt_cmsis.o(i.svcThreadCreate)
    i.svcThreadGetId                         0x08002018   Section        0  rt_cmsis.o(i.svcThreadGetId)
    i.svcThreadTerminate                     0x08002034   Section        0  rt_cmsis.o(i.svcThreadTerminate)
    i.svcTimerCall                           0x0800206c   Section        0  rt_cmsis.o(i.svcTimerCall)
    i.sysTimerTick                           0x08002084   Section        0  rt_cmsis.o(i.sysTimerTick)
    .constdata                               0x080020e0   Section      104  rtx_conf_cm.o(.constdata)
    __tagsym$$used                           0x080020fc   Number         0  rtx_conf_cm.o(.constdata)
    __tagsym$$used                           0x08002100   Number         0  rtx_conf_cm.o(.constdata)
    __tagsym$$used                           0x08002104   Number         0  rtx_conf_cm.o(.constdata)
    __tagsym$$used                           0x08002108   Number         0  rtx_conf_cm.o(.constdata)
    .data                                    0x20000000   Section       20  stm32f10x_rcc.o(.data)
    APBAHBPrescTable                         0x20000000   Data          16  stm32f10x_rcc.o(.data)
    ADCPrescTable                            0x20000010   Data           4  stm32f10x_rcc.o(.data)
    .data                                    0x20000014   Section       20  rtx_conf_cm.o(.data)
    nr_mutex                                 0x20000024   Data           4  rtx_conf_cm.o(.data)
    .data                                    0x20000028   Section        8  rt_cmsis.o(.data)
    .data                                    0x20000030   Section        8  rt_task.o(.data)
    .data                                    0x20000038   Section        8  rt_system.o(.data)
    os_lock                                  0x20000038   Data           1  rt_system.o(.data)
    os_psh_flag                              0x20000039   Data           1  rt_system.o(.data)
    pend_flags                               0x2000003a   Data           1  rt_system.o(.data)
    .data                                    0x20000040   Section        4  rt_time.o(.data)
    .data                                    0x20000044   Section        8  rt_robin.o(.data)
    .data                                    0x2000004c   Section        1  hal_cm.o(.data)
    .bss                                     0x20000050   Section     4424  rtx_conf_cm.o(.bss)
    std_libspace                             0x20000cf8   Data        1056  rtx_conf_cm.o(.bss)
    std_libmutex                             0x20001118   Data         128  rtx_conf_cm.o(.bss)
    .bss                                     0x20001198   Section       52  rt_task.o(.bss)
    .bss                                     0x200011cc   Section       48  rt_list.o(.bss)
    .bss                                     0x200011fc   Section       96  libspace.o(.bss)
    HEAP                                     0x20001260   Section        0  startup_stm32f10x_hd.o(HEAP)
    STACK                                    0x20001260   Section      512  startup_stm32f10x_hd.o(STACK)
    Heap_Mem                                 0x20001260   Data           0  startup_stm32f10x_hd.o(HEAP)
    Stack_Mem                                0x20001260   Data         512  startup_stm32f10x_hd.o(STACK)
    __initial_sp                             0x20001460   Data           0  startup_stm32f10x_hd.o(STACK)

    Global Symbols

    Symbol Name                              Value     Ov Type        Size  Object(Section)

    BuildAttributes$$THM_ISAv4$P$D$K$B$S$PE$A:L22UL41UL21$X:L11$S22US41US21$IEEE1$IW$USESV6$~STKCKD$USESV7$~SHL$OSPACE$ROPI$EBA8$UX$STANDARDLIB$REQ8$PRES8$EABIv2 0x00000000   Number         0  anon$$obj.o ABSOLUTE
    __ARM_use_no_argv                        0x00000000   Number         0  main.o ABSOLUTE
    __ARM_exceptions_init                     - Undefined Weak Reference
    __alloca_initialize                       - Undefined Weak Reference
    __arm_preinit_                            - Undefined Weak Reference
    __cpp_initialize__aeabi_                  - Undefined Weak Reference
    __cxa_finalize                            - Undefined Weak Reference
    __rt_locale                               - Undefined Weak Reference
    __sigvec_lookup                           - Undefined Weak Reference
    _atexit_init                              - Undefined Weak Reference
    _call_atexit_fns                          - Undefined Weak Reference
    _clock_init                               - Undefined Weak Reference
    _fp_trap_init                             - Undefined Weak Reference
    _fp_trap_shutdown                         - Undefined Weak Reference
    _get_lc_collate                           - Undefined Weak Reference
    _get_lc_ctype                             - Undefined Weak Reference
    _get_lc_monetary                          - Undefined Weak Reference
    _get_lc_numeric                           - Undefined Weak Reference
    _get_lc_time                              - Undefined Weak Reference
    _getenv_init                              - Undefined Weak Reference
    _handle_redirection                       - Undefined Weak Reference
    _init_alloc                               - Undefined Weak Reference
    _init_user_alloc                          - Undefined Weak Reference
    _initio                                   - Undefined Weak Reference
    _rand_init                                - Undefined Weak Reference
    _signal_finish                            - Undefined Weak Reference
    _signal_init                              - Undefined Weak Reference
    _terminate_alloc                          - Undefined Weak Reference
    _terminate_user_alloc                     - Undefined Weak Reference
    _terminateio                              - Undefined Weak Reference
    __Vectors_Size                           0x00000130   Number         0  startup_stm32f10x_hd.o ABSOLUTE
    __RL_RTX_VER                             0x00000482   Number         0  rt_system.o ABSOLUTE
    __Vectors                                0x08000000   Data           4  startup_stm32f10x_hd.o(RESET)
    __Vectors_End                            0x08000130   Data           0  startup_stm32f10x_hd.o(RESET)
    __main                                   0x08000131   Thumb Code     8  __main.o(!!!main)
    __scatterload                            0x08000139   Thumb Code     0  __scatter.o(!!!scatter)
    __scatterload_rt2                        0x08000139   Thumb Code    44  __scatter.o(!!!scatter)
    __scatterload_rt2_thumb_only             0x08000139   Thumb Code     0  __scatter.o(!!!scatter)
    __scatterload_null                       0x08000147   Thumb Code     0  __scatter.o(!!!scatter)
    __scatterload_copy                       0x0800016d   Thumb Code    26  __scatter_copy.o(!!handler_copy)
    __scatterload_zeroinit                   0x08000189   Thumb Code    28  __scatter_zi.o(!!handler_zi)
    __rt_lib_init                            0x080001a5   Thumb Code     0  libinit.o(.ARM.Collect$$libinit$$00000000)
    __rt_lib_init_alloca_1                   0x080001a7   Thumb Code     0  libinit2.o(.ARM.Collect$$libinit$$0000002E)
    __rt_lib_init_argv_1                     0x080001a7   Thumb Code     0  libinit2.o(.ARM.Collect$$libinit$$0000002C)
    __rt_lib_init_atexit_1                   0x080001a7   Thumb Code     0  libinit2.o(.ARM.Collect$$libinit$$0000001B)
    __rt_lib_init_clock_1                    0x080001a7   Thumb Code     0  libinit2.o(.ARM.Collect$$libinit$$00000021)
    __rt_lib_init_cpp_1                      0x080001a7   Thumb Code     0  libinit2.o(.ARM.Collect$$libinit$$00000032)
    __rt_lib_init_exceptions_1               0x080001a7   Thumb Code     0  libinit2.o(.ARM.Collect$$libinit$$00000030)
    __rt_lib_init_fp_1                       0x080001a7   Thumb Code     0  libinit2.o(.ARM.Collect$$libinit$$00000002)
    __rt_lib_init_fp_trap_1                  0x080001a7   Thumb Code     0  libinit2.o(.ARM.Collect$$libinit$$0000001F)
    __rt_lib_init_getenv_1                   0x080001a7   Thumb Code     0  libinit2.o(.ARM.Collect$$libinit$$00000023)
    __rt_lib_init_heap_1                     0x080001a7   Thumb Code     0  libinit2.o(.ARM.Collect$$libinit$$0000000A)
    __rt_lib_init_lc_collate_1               0x080001a7   Thumb Code     0  libinit2.o(.ARM.Collect$$libinit$$00000011)
    __rt_lib_init_lc_ctype_1                 0x080001a7   Thumb Code     0  libinit2.o(.ARM.Collect$$libinit$$00000013)
    __rt_lib_init_lc_monetary_1              0x080001a7   Thumb Code     0  libinit2.o(.ARM.Collect$$libinit$$00000015)
    __rt_lib_init_lc_numeric_1               0x080001a7   Thumb Code     0  libinit2.o(.ARM.Collect$$libinit$$00000017)
    __rt_lib_init_lc_time_1                  0x080001a7   Thumb Code     0  libinit2.o(.ARM.Collect$$libinit$$00000019)
    __rt_lib_init_preinit_1                  0x080001a7   Thumb Code     0  libinit2.o(.ARM.Collect$$libinit$$00000004)
    __rt_lib_init_rand_1                     0x080001a7   Thumb Code     0  libinit2.o(.ARM.Collect$$libinit$$0000000E)
    __rt_lib_init_return                     0x080001a7   Thumb Code     0  libinit2.o(.ARM.Collect$$libinit$$00000033)
    __rt_lib_init_signal_1                   0x080001a7   Thumb Code     0  libinit2.o(.ARM.Collect$$libinit$$0000001D)
    __rt_lib_init_stdio_1                    0x080001a7   Thumb Code     0  libinit2.o(.ARM.Collect$$libinit$$00000025)
    __rt_lib_init_user_alloc_1               0x080001a7   Thumb Code     0  libinit2.o(.ARM.Collect$$libinit$$0000000C)
    __rt_lib_shutdown                        0x080001a9   Thumb Code     0  libshutdown.o(.ARM.Collect$$libshutdown$$00000000)
    __rt_lib_shutdown_cpp_1                  0x080001ab   Thumb Code     0  libshutdown2.o(.ARM.Collect$$libshutdown$$00000002)
    __rt_lib_shutdown_fp_trap_1              0x080001ab   Thumb Code     0  libshutdown2.o(.ARM.Collect$$libshutdown$$00000007)
    __rt_lib_shutdown_heap_1                 0x080001ab   Thumb Code     0  libshutdown2.o(.ARM.Collect$$libshutdown$$0000000F)
    __rt_lib_shutdown_return                 0x080001ab   Thumb Code     0  libshutdown2.o(.ARM.Collect$$libshutdown$$00000010)
    __rt_lib_shutdown_signal_1               0x080001ab   Thumb Code     0  libshutdown2.o(.ARM.Collect$$libshutdown$$0000000A)
    __rt_lib_shutdown_stdio_1                0x080001ab   Thumb Code     0  libshutdown2.o(.ARM.Collect$$libshutdown$$00000004)
    __rt_lib_shutdown_user_alloc_1           0x080001ab   Thumb Code     0  libshutdown2.o(.ARM.Collect$$libshutdown$$0000000C)
    __rt_entry                               0x080001ad   Thumb Code     0  __rtentry.o(.ARM.Collect$$rtentry$$00000000)
    __rt_entry_presh_1                       0x080001ad   Thumb Code     0  __rtentry2.o(.ARM.Collect$$rtentry$$00000002)
    __rt_entry_sh                            0x080001ad   Thumb Code     0  __rtentry4.o(.ARM.Collect$$rtentry$$00000004)
    __rt_entry_li                            0x080001b3   Thumb Code     0  __rtentry2.o(.ARM.Collect$$rtentry$$0000000A)
    __rt_entry_postsh_1                      0x080001b3   Thumb Code     0  __rtentry2.o(.ARM.Collect$$rtentry$$00000009)
    __rt_entry_postli_1                      0x080001b7   Thumb Code     0  __rtentry2.o(.ARM.Collect$$rtentry$$0000000B)
    __rt_entry_main                          0x080001bf   Thumb Code     0  __rtentry2.o(.ARM.Collect$$rtentry$$0000000D)
    __rt_exit                                0x080001c7   Thumb Code     0  rtexit.o(.ARM.Collect$$rtexit$$00000000)
    __rt_exit_ls                             0x080001c9   Thumb Code     0  rtexit2.o(.ARM.Collect$$rtexit$$00000003)
    __rt_exit_prels_1                        0x080001c9   Thumb Code     0  rtexit2.o(.ARM.Collect$$rtexit$$00000002)
    __rt_exit_exit                           0x080001cd   Thumb Code     0  rtexit2.o(.ARM.Collect$$rtexit$$00000004)
    _platform_post_lib_init                  0x080001d5   Thumb Code    24  rtx_conf_cm.o(.emb_text)
    rt_set_PSP                               0x080001f1   Thumb Code     6  hal_cm3.o(.emb_text)
    rt_get_PSP                               0x080001f7   Thumb Code     6  hal_cm3.o(.emb_text)
    os_set_env                               0x080001fd   Thumb Code    24  hal_cm3.o(.emb_text)
    _alloc_box                               0x08000219   Thumb Code    28  hal_cm3.o(.emb_text)
    _free_box                                0x08000239   Thumb Code    28  hal_cm3.o(.emb_text)
    SVC_Handler                              0x08000259   Thumb Code   108  hal_cm3.o(.emb_text)
    PendSV_Handler                           0x080002d1   Thumb Code    56  hal_cm3.o(.emb_text)
    SysTick_Handler                          0x0800030d   Thumb Code     8  hal_cm3.o(.emb_text)
    OS_Tick_Handler                          0x08000315   Thumb Code    12  hal_cm3.o(.emb_text)
    SystemInit_ExtMemCtl                     0x08000321   Thumb Code     2  startup_stm32f10x_hd.o(.text)
    Reset_Handler                            0x08000323   Thumb Code    14  startup_stm32f10x_hd.o(.text)
    NMI_Handler                              0x08000331   Thumb Code     2  startup_stm32f10x_hd.o(.text)
    HardFault_Handler                        0x08000333   Thumb Code     2  startup_stm32f10x_hd.o(.text)
    MemManage_Handler                        0x08000335   Thumb Code     2  startup_stm32f10x_hd.o(.text)
    BusFault_Handler                         0x08000337   Thumb Code     2  startup_stm32f10x_hd.o(.text)
    UsageFault_Handler                       0x08000339   Thumb Code     2  startup_stm32f10x_hd.o(.text)
    DebugMon_Handler                         0x0800033d   Thumb Code     2  startup_stm32f10x_hd.o(.text)
    ADC1_2_IRQHandler                        0x08000343   Thumb Code     0  startup_stm32f10x_hd.o(.text)
    ADC3_IRQHandler                          0x08000343   Thumb Code     0  startup_stm32f10x_hd.o(.text)
    CAN1_RX1_IRQHandler                      0x08000343   Thumb Code     0  startup_stm32f10x_hd.o(.text)
    CAN1_SCE_IRQHandler                      0x08000343   Thumb Code     0  startup_stm32f10x_hd.o(.text)
    DMA1_Channel1_IRQHandler                 0x08000343   Thumb Code     0  startup_stm32f10x_hd.o(.text)
    DMA1_Channel2_IRQHandler                 0x08000343   Thumb Code     0  startup_stm32f10x_hd.o(.text)
    DMA1_Channel3_IRQHandler                 0x08000343   Thumb Code     0  startup_stm32f10x_hd.o(.text)
    DMA1_Channel4_IRQHandler                 0x08000343   Thumb Code     0  startup_stm32f10x_hd.o(.text)
    DMA1_Channel5_IRQHandler                 0x08000343   Thumb Code     0  startup_stm32f10x_hd.o(.text)
    DMA1_Channel6_IRQHandler                 0x08000343   Thumb Code     0  startup_stm32f10x_hd.o(.text)
    DMA1_Channel7_IRQHandler                 0x08000343   Thumb Code     0  startup_stm32f10x_hd.o(.text)
    DMA2_Channel1_IRQHandler                 0x08000343   Thumb Code     0  startup_stm32f10x_hd.o(.text)
    DMA2_Channel2_IRQHandler                 0x08000343   Thumb Code     0  startup_stm32f10x_hd.o(.text)
    DMA2_Channel3_IRQHandler                 0x08000343   Thumb Code     0  startup_stm32f10x_hd.o(.text)
    DMA2_Channel4_5_IRQHandler               0x08000343   Thumb Code     0  startup_stm32f10x_hd.o(.text)
    EXTI0_IRQHandler                         0x08000343   Thumb Code     0  startup_stm32f10x_hd.o(.text)
    EXTI15_10_IRQHandler                     0x08000343   Thumb Code     0  startup_stm32f10x_hd.o(.text)
    EXTI1_IRQHandler                         0x08000343   Thumb Code     0  startup_stm32f10x_hd.o(.text)
    EXTI2_IRQHandler                         0x08000343   Thumb Code     0  startup_stm32f10x_hd.o(.text)
    EXTI3_IRQHandler                         0x08000343   Thumb Code     0  startup_stm32f10x_hd.o(.text)
    EXTI4_IRQHandler                         0x08000343   Thumb Code     0  startup_stm32f10x_hd.o(.text)
    EXTI9_5_IRQHandler                       0x08000343   Thumb Code     0  startup_stm32f10x_hd.o(.text)
    FLASH_IRQHandler                         0x08000343   Thumb Code     0  startup_stm32f10x_hd.o(.text)
    FSMC_IRQHandler                          0x08000343   Thumb Code     0  startup_stm32f10x_hd.o(.text)
    I2C1_ER_IRQHandler                       0x08000343   Thumb Code     0  startup_stm32f10x_hd.o(.text)
    I2C1_EV_IRQHandler                       0x08000343   Thumb Code     0  startup_stm32f10x_hd.o(.text)
    I2C2_ER_IRQHandler                       0x08000343   Thumb Code     0  startup_stm32f10x_hd.o(.text)
    I2C2_EV_IRQHandler                       0x08000343   Thumb Code     0  startup_stm32f10x_hd.o(.text)
    PVD_IRQHandler                           0x08000343   Thumb Code     0  startup_stm32f10x_hd.o(.text)
    RCC_IRQHandler                           0x08000343   Thumb Code     0  startup_stm32f10x_hd.o(.text)
    RTCAlarm_IRQHandler                      0x08000343   Thumb Code     0  startup_stm32f10x_hd.o(.text)
    RTC_IRQHandler                           0x08000343   Thumb Code     0  startup_stm32f10x_hd.o(.text)
    SDIO_IRQHandler                          0x08000343   Thumb Code     0  startup_stm32f10x_hd.o(.text)
    SPI1_IRQHandler                          0x08000343   Thumb Code     0  startup_stm32f10x_hd.o(.text)
    SPI2_IRQHandler                          0x08000343   Thumb Code     0  startup_stm32f10x_hd.o(.text)
    SPI3_IRQHandler                          0x08000343   Thumb Code     0  startup_stm32f10x_hd.o(.text)
    TAMPER_IRQHandler                        0x08000343   Thumb Code     0  startup_stm32f10x_hd.o(.text)
    TIM1_BRK_IRQHandler                      0x08000343   Thumb Code     0  startup_stm32f10x_hd.o(.text)
    TIM1_CC_IRQHandler                       0x08000343   Thumb Code     0  startup_stm32f10x_hd.o(.text)
    TIM1_TRG_COM_IRQHandler                  0x08000343   Thumb Code     0  startup_stm32f10x_hd.o(.text)
    TIM1_UP_IRQHandler                       0x08000343   Thumb Code     0  startup_stm32f10x_hd.o(.text)
    TIM2_IRQHandler                          0x08000343   Thumb Code     0  startup_stm32f10x_hd.o(.text)
    TIM3_IRQHandler                          0x08000343   Thumb Code     0  startup_stm32f10x_hd.o(.text)
    TIM4_IRQHandler                          0x08000343   Thumb Code     0  startup_stm32f10x_hd.o(.text)
    TIM5_IRQHandler                          0x08000343   Thumb Code     0  startup_stm32f10x_hd.o(.text)
    TIM6_IRQHandler                          0x08000343   Thumb Code     0  startup_stm32f10x_hd.o(.text)
    TIM7_IRQHandler                          0x08000343   Thumb Code     0  startup_stm32f10x_hd.o(.text)
    TIM8_BRK_IRQHandler                      0x08000343   Thumb Code     0  startup_stm32f10x_hd.o(.text)
    TIM8_CC_IRQHandler                       0x08000343   Thumb Code     0  startup_stm32f10x_hd.o(.text)
    TIM8_TRG_COM_IRQHandler                  0x08000343   Thumb Code     0  startup_stm32f10x_hd.o(.text)
    TIM8_UP_IRQHandler                       0x08000343   Thumb Code     0  startup_stm32f10x_hd.o(.text)
    UART4_IRQHandler                         0x08000343   Thumb Code     0  startup_stm32f10x_hd.o(.text)
    UART5_IRQHandler                         0x08000343   Thumb Code     0  startup_stm32f10x_hd.o(.text)
    USART1_IRQHandler                        0x08000343   Thumb Code     0  startup_stm32f10x_hd.o(.text)
    USART2_IRQHandler                        0x08000343   Thumb Code     0  startup_stm32f10x_hd.o(.text)
    USART3_IRQHandler                        0x08000343   Thumb Code     0  startup_stm32f10x_hd.o(.text)
    USBWakeUp_IRQHandler                     0x08000343   Thumb Code     0  startup_stm32f10x_hd.o(.text)
    USB_HP_CAN1_TX_IRQHandler                0x08000343   Thumb Code     0  startup_stm32f10x_hd.o(.text)
    USB_LP_CAN1_RX0_IRQHandler               0x08000343   Thumb Code     0  startup_stm32f10x_hd.o(.text)
    WWDG_IRQHandler                          0x08000343   Thumb Code     0  startup_stm32f10x_hd.o(.text)
    __user_initial_stackheap                 0x08000345   Thumb Code     0  startup_stm32f10x_hd.o(.text)
    main                                     0x08000369   Thumb Code    60  main.o(.text)
    LED_GPIO_Config                          0x080003a9   Thumb Code    50  led.o(.text)
    Delay                                    0x080003e1   Thumb Code    18  key.o(.text)
    Key_GPIO_Config                          0x080003f3   Thumb Code    96  key.o(.text)
    Key_Scan                                 0x08000453   Thumb Code    90  key.o(.text)
    GPIO_DeInit                              0x080004b1   Thumb Code   188  stm32f10x_gpio.o(.text)
    GPIO_AFIODeInit                          0x0800056d   Thumb Code    20  stm32f10x_gpio.o(.text)
    GPIO_Init                                0x08000581   Thumb Code   278  stm32f10x_gpio.o(.text)
    GPIO_StructInit                          0x08000697   Thumb Code    16  stm32f10x_gpio.o(.text)
    GPIO_ReadInputDataBit                    0x080006a7   Thumb Code    18  stm32f10x_gpio.o(.text)
    GPIO_ReadInputData                       0x080006b9   Thumb Code     8  stm32f10x_gpio.o(.text)
    GPIO_ReadOutputDataBit                   0x080006c1   Thumb Code    18  stm32f10x_gpio.o(.text)
    GPIO_ReadOutputData                      0x080006d3   Thumb Code     8  stm32f10x_gpio.o(.text)
    GPIO_SetBits                             0x080006db   Thumb Code     4  stm32f10x_gpio.o(.text)
    GPIO_ResetBits                           0x080006df   Thumb Code     4  stm32f10x_gpio.o(.text)
    GPIO_WriteBit                            0x080006e3   Thumb Code    10  stm32f10x_gpio.o(.text)
    GPIO_Write                               0x080006ed   Thumb Code     4  stm32f10x_gpio.o(.text)
    GPIO_PinLockConfig                       0x080006f1   Thumb Code    18  stm32f10x_gpio.o(.text)
    GPIO_EventOutputConfig                   0x08000703   Thumb Code    26  stm32f10x_gpio.o(.text)
    GPIO_EventOutputCmd                      0x0800071d   Thumb Code     6  stm32f10x_gpio.o(.text)
    GPIO_PinRemapConfig                      0x08000723   Thumb Code   106  stm32f10x_gpio.o(.text)
    GPIO_EXTILineConfig                      0x0800078d   Thumb Code    66  stm32f10x_gpio.o(.text)
    RCC_DeInit                               0x080007e1   Thumb Code    62  stm32f10x_rcc.o(.text)
    RCC_HSEConfig                            0x0800081f   Thumb Code    70  stm32f10x_rcc.o(.text)
    RCC_GetFlagStatus                        0x08000865   Thumb Code    56  stm32f10x_rcc.o(.text)
    RCC_WaitForHSEStartUp                    0x0800089d   Thumb Code    54  stm32f10x_rcc.o(.text)
    RCC_AdjustHSICalibrationValue            0x080008d3   Thumb Code    20  stm32f10x_rcc.o(.text)
    RCC_HSICmd                               0x080008e7   Thumb Code     6  stm32f10x_rcc.o(.text)
    RCC_PLLConfig                            0x080008ed   Thumb Code    24  stm32f10x_rcc.o(.text)
    RCC_PLLCmd                               0x08000905   Thumb Code     6  stm32f10x_rcc.o(.text)
    RCC_SYSCLKConfig                         0x0800090b   Thumb Code    18  stm32f10x_rcc.o(.text)
    RCC_GetSYSCLKSource                      0x0800091d   Thumb Code    10  stm32f10x_rcc.o(.text)
    RCC_HCLKConfig                           0x08000927   Thumb Code    18  stm32f10x_rcc.o(.text)
    RCC_PCLK1Config                          0x08000939   Thumb Code    18  stm32f10x_rcc.o(.text)
    RCC_PCLK2Config                          0x0800094b   Thumb Code    20  stm32f10x_rcc.o(.text)
    RCC_ITConfig                             0x0800095f   Thumb Code    26  stm32f10x_rcc.o(.text)
    RCC_USBCLKConfig                         0x08000979   Thumb Code     8  stm32f10x_rcc.o(.text)
    RCC_ADCCLKConfig                         0x08000981   Thumb Code    18  stm32f10x_rcc.o(.text)
    RCC_LSEConfig                            0x08000993   Thumb Code    50  stm32f10x_rcc.o(.text)
    RCC_LSICmd                               0x080009c5   Thumb Code     6  stm32f10x_rcc.o(.text)
    RCC_RTCCLKConfig                         0x080009cb   Thumb Code    12  stm32f10x_rcc.o(.text)
    RCC_RTCCLKCmd                            0x080009d7   Thumb Code     8  stm32f10x_rcc.o(.text)
    RCC_GetClocksFreq                        0x080009df   Thumb Code   192  stm32f10x_rcc.o(.text)
    RCC_AHBPeriphClockCmd                    0x08000a9f   Thumb Code    26  stm32f10x_rcc.o(.text)
    RCC_APB2PeriphClockCmd                   0x08000ab9   Thumb Code    26  stm32f10x_rcc.o(.text)
    RCC_APB1PeriphClockCmd                   0x08000ad3   Thumb Code    26  stm32f10x_rcc.o(.text)
    RCC_APB2PeriphResetCmd                   0x08000aed   Thumb Code    26  stm32f10x_rcc.o(.text)
    RCC_APB1PeriphResetCmd                   0x08000b07   Thumb Code    26  stm32f10x_rcc.o(.text)
    RCC_BackupResetCmd                       0x08000b21   Thumb Code     8  stm32f10x_rcc.o(.text)
    RCC_ClockSecuritySystemCmd               0x08000b29   Thumb Code     6  stm32f10x_rcc.o(.text)
    RCC_MCOConfig                            0x08000b2f   Thumb Code     6  stm32f10x_rcc.o(.text)
    RCC_ClearFlag                            0x08000b35   Thumb Code    14  stm32f10x_rcc.o(.text)
    RCC_GetITStatus                          0x08000b43   Thumb Code    20  stm32f10x_rcc.o(.text)
    RCC_ClearITPendingBit                    0x08000b57   Thumb Code     6  stm32f10x_rcc.o(.text)
    SystemInit                               0x08000c65   Thumb Code    68  system_stm32f10x.o(.text)
    os_idle_demon                            0x08000cb9   Thumb Code     4  rtx_conf_cm.o(.text)
    os_error                                 0x08000cbd   Thumb Code    34  rtx_conf_cm.o(.text)
    __user_perthread_libspace                0x08000cdf   Thumb Code    32  rtx_conf_cm.o(.text)
    _mutex_initialize                        0x08000cff   Thumb Code    34  rtx_conf_cm.o(.text)
    _mutex_acquire                           0x08000d21   Thumb Code    22  rtx_conf_cm.o(.text)
    _mutex_release                           0x08000d37   Thumb Code    18  rtx_conf_cm.o(.text)
    __user_libspace                          0x08000d65   Thumb Code     8  libspace.o(.text)
    __user_perproc_libspace                  0x08000d65   Thumb Code     0  libspace.o(.text)
    exit                                     0x08000d6d   Thumb Code    18  exit.o(.text)
    __use_two_region_memory                  0x08000d7f   Thumb Code     2  heapauxi.o(.text)
    __rt_heap_escrow$2region                 0x08000d81   Thumb Code     2  heapauxi.o(.text)
    __rt_heap_expand$2region                 0x08000d83   Thumb Code     2  heapauxi.o(.text)
    _sys_exit                                0x08000d85   Thumb Code     8  sys_exit.o(.text)
    __user_setup_stackheap                   0x08000d91   Thumb Code    74  sys_stackheap_outer.o(.text)
    __I$use$semihosting                      0x08000ddb   Thumb Code     0  use_no_semi.o(.text)
    __use_no_semihosting_swi                 0x08000ddb   Thumb Code     2  use_no_semi.o(.text)
    SVC_Count                                0x08000ddc   Data           4  svc_table.o(SVC_TABLE)
    __semihosting_library_function           0x08000ddd   Thumb Code     0  indicate_semi.o(.text)
    SVC_Table                                0x08000de0   Data           0  svc_table.o(SVC_TABLE)
    _init_box                                0x08000de1   Thumb Code    70  rt_membox.o(i._init_box)
    dbg_init                                 0x08000e29   Thumb Code    34  hal_cm.o(i.dbg_init)
    dbg_task_notify                          0x08000e59   Thumb Code    32  hal_cm.o(i.dbg_task_notify)
    dbg_task_switch                          0x08000e79   Thumb Code    16  hal_cm.o(i.dbg_task_switch)
    isrMessageGet                            0x08000e89   Thumb Code    42  rt_cmsis.o(i.isrMessageGet)
    isrMessagePut                            0x08000eb3   Thumb Code    44  rt_cmsis.o(i.isrMessagePut)
    isr_mbx_receive                          0x08000ee1   Thumb Code    86  rt_mailbox.o(i.isr_mbx_receive)
    isr_mbx_send                             0x08000f37   Thumb Code    14  rt_mailbox.o(i.isr_mbx_send)
    osDelay                                  0x08000f45   Thumb Code    18  rt_cmsis.o(i.osDelay)
    osKernelInitialize                       0x08000f5d   Thumb Code    30  rt_cmsis.o(i.osKernelInitialize)
    osKernelStart                            0x08000f81   Thumb Code    98  rt_cmsis.o(i.osKernelStart)
    osMessageGet                             0x08000fed   Thumb Code    18  rt_cmsis.o(i.osMessageGet)
    osThreadCreate                           0x08001005   Thumb Code    36  rt_cmsis.o(i.osThreadCreate)
    osThreadExit                             0x08001031   Thumb Code    14  rt_cmsis.o(i.osThreadExit)
    osTimerCall                              0x08001049   Thumb Code     8  rt_cmsis.o(i.osTimerCall)
    osTimerThread                            0x08001055   Thumb Code    38  rt_cmsis.o(i.osTimerThread)
    os_tick_init                             0x08001081   Thumb Code    32  rt_system.o(i.os_tick_init)
    os_tick_irqack                           0x080010a9   Thumb Code     2  rt_system.o(i.os_tick_irqack)
    rt_alloc_box                             0x080010ab   Thumb Code    26  rt_membox.o(i.rt_alloc_box)
    rt_alloc_mem                             0x080010c5   Thumb Code    62  rt_memory.o(i.rt_alloc_mem)
    rt_block                                 0x08001105   Thumb Code    48  rt_task.o(i.rt_block)
    rt_chk_robin                             0x0800113d   Thumb Code    60  rt_robin.o(i.rt_chk_robin)
    rt_dec_dly                               0x08001185   Thumb Code   102  rt_list.o(i.rt_dec_dly)
    rt_dispatch                              0x080011f5   Thumb Code    60  rt_task.o(i.rt_dispatch)
    rt_dly_wait                              0x08001239   Thumb Code     6  rt_time.o(i.rt_dly_wait)
    rt_evt_psh                               0x08001241   Thumb Code    76  rt_event.o(i.rt_evt_psh)
    rt_free_box                              0x08001291   Thumb Code    44  rt_membox.o(i.rt_free_box)
    rt_free_mem                              0x080012bd   Thumb Code    40  rt_memory.o(i.rt_free_mem)
    rt_get_first                             0x080012e5   Thumb Code    40  rt_list.o(i.rt_get_first)
    rt_init_mem                              0x0800135d   Thumb Code    26  rt_memory.o(i.rt_init_mem)
    rt_init_robin                            0x08001379   Thumb Code    14  rt_robin.o(i.rt_init_robin)
    rt_init_stack                            0x08001391   Thumb Code   118  hal_cm.o(i.rt_init_stack)
    rt_mbx_check                             0x08001411   Thumb Code     8  rt_mailbox.o(i.rt_mbx_check)
    rt_mbx_init                              0x08001419   Thumb Code    26  rt_mailbox.o(i.rt_mbx_init)
    rt_mbx_psh                               0x08001435   Thumb Code   236  rt_mailbox.o(i.rt_mbx_psh)
    rt_mbx_wait                              0x08001525   Thumb Code   174  rt_mailbox.o(i.rt_mbx_wait)
    rt_mut_init                              0x0800161d   Thumb Code    16  rt_mutex.o(i.rt_mut_init)
    rt_mut_release                           0x0800162d   Thumb Code   208  rt_mutex.o(i.rt_mut_release)
    rt_mut_wait                              0x08001705   Thumb Code   114  rt_mutex.o(i.rt_mut_wait)
    rt_pop_req                               0x0800177d   Thumb Code   112  rt_system.o(i.rt_pop_req)
    rt_psh_req                               0x080017f9   Thumb Code    22  rt_system.o(i.rt_psh_req)
    rt_psq_enq                               0x08001819   Thumb Code    88  rt_list.o(i.rt_psq_enq)
    rt_put_dly                               0x08001875   Thumb Code    68  rt_list.o(i.rt_put_dly)
    rt_put_prio                              0x080018bd   Thumb Code    54  rt_list.o(i.rt_put_prio)
    rt_put_rdy_first                         0x080018f5   Thumb Code    14  rt_list.o(i.rt_put_rdy_first)
    rt_resort_prio                           0x08001909   Thumb Code    46  rt_list.o(i.rt_resort_prio)
    rt_ret_val                               0x0800193d   Thumb Code     6  hal_cm.o(i.rt_ret_val)
    rt_ret_val2                              0x08001943   Thumb Code     8  hal_cm.o(i.rt_ret_val2)
    rt_rmv_dly                               0x0800194b   Thumb Code    40  rt_list.o(i.rt_rmv_dly)
    rt_rmv_list                              0x08001975   Thumb Code    44  rt_list.o(i.rt_rmv_list)
    rt_sem_psh                               0x080019a5   Thumb Code    48  rt_semaphore.o(i.rt_sem_psh)
    rt_stk_check                             0x080019d9   Thumb Code    28  rt_system.o(i.rt_stk_check)
    rt_switch_req                            0x080019fd   Thumb Code    30  rt_task.o(i.rt_switch_req)
    rt_sys_init                              0x08001a25   Thumb Code   138  rt_task.o(i.rt_sys_init)
    rt_sys_start                             0x08001af1   Thumb Code   110  rt_task.o(i.rt_sys_start)
    rt_systick                               0x08001b69   Thumb Code    50  rt_system.o(i.rt_systick)
    rt_tsk_create                            0x08001bf1   Thumb Code   118  rt_task.o(i.rt_tsk_create)
    rt_tsk_delete                            0x08001c79   Thumb Code   352  rt_task.o(i.rt_tsk_delete)
    rt_tsk_prio                              0x08001df5   Thumb Code   108  rt_task.o(i.rt_tsk_prio)
    rt_tsk_self                              0x08001e71   Thumb Code    12  rt_task.o(i.rt_tsk_self)
    svcDelay                                 0x08001e81   Thumb Code    18  rt_cmsis.o(i.svcDelay)
    svcKernelInitialize                      0x08001e95   Thumb Code    80  rt_cmsis.o(i.svcKernelInitialize)
    svcKernelStart                           0x08001f05   Thumb Code    62  rt_cmsis.o(i.svcKernelStart)
    svcMessageCreate                         0x08001f4d   Thumb Code    36  rt_cmsis.o(i.svcMessageCreate)
    svcMessageGet                            0x08001f71   Thumb Code    58  rt_cmsis.o(i.svcMessageGet)
    svcThreadCreate                          0x08001fad   Thumb Code    96  rt_cmsis.o(i.svcThreadCreate)
    svcThreadGetId                           0x08002019   Thumb Code    22  rt_cmsis.o(i.svcThreadGetId)
    svcThreadTerminate                       0x08002035   Thumb Code    50  rt_cmsis.o(i.svcThreadTerminate)
    svcTimerCall                             0x0800206d   Thumb Code    24  rt_cmsis.o(i.svcTimerCall)
    sysTimerTick                             0x08002085   Thumb Code    84  rt_cmsis.o(i.sysTimerTick)
    os_maxtaskrun                            0x080020e0   Data           2  rtx_conf_cm.o(.constdata)
    os_stackinfo                             0x080020e4   Data           4  rtx_conf_cm.o(.constdata)
    os_rrobin                                0x080020e8   Data           4  rtx_conf_cm.o(.constdata)
    os_tickfreq                              0x080020ec   Data           4  rtx_conf_cm.o(.constdata)
    os_tickus_i                              0x080020f0   Data           2  rtx_conf_cm.o(.constdata)
    os_tickus_f                              0x080020f2   Data           2  rtx_conf_cm.o(.constdata)
    os_trv                                   0x080020f4   Data           4  rtx_conf_cm.o(.constdata)
    os_flags                                 0x080020f8   Data           1  rtx_conf_cm.o(.constdata)
    CMSIS_RTOS_API_Version                   0x080020fc   Data           4  rtx_conf_cm.o(.constdata)
    CMSIS_RTOS_RTX_Version                   0x08002100   Data           4  rtx_conf_cm.o(.constdata)
    os_clockrate                             0x08002104   Data           4  rtx_conf_cm.o(.constdata)
    os_timernum                              0x08002108   Data           4  rtx_conf_cm.o(.constdata)
    mp_tcb_size                              0x0800210c   Data           2  rtx_conf_cm.o(.constdata)
    mp_stk_size                              0x08002110   Data           4  rtx_conf_cm.o(.constdata)
    os_stack_sz                              0x08002114   Data           4  rtx_conf_cm.o(.constdata)
    os_fifo_size                             0x08002118   Data           1  rtx_conf_cm.o(.constdata)
    os_thread_def_osTimerThread              0x0800211c   Data          16  rtx_conf_cm.o(.constdata)
    os_messageQ_def_osTimerMessageQ          0x0800212c   Data           8  rtx_conf_cm.o(.constdata)
    mp_tmr_size                              0x08002134   Data           2  rtx_conf_cm.o(.constdata)
    os_thread_def_main                       0x08002138   Data          16  rtx_conf_cm.o(.constdata)
    Region$$Table$$Base                      0x08002148   Number         0  anon$$obj.o(Region$$Table)
    Region$$Table$$Limit                     0x08002168   Number         0  anon$$obj.o(Region$$Table)
    osThreadId_osTimerThread                 0x20000014   Data           4  rtx_conf_cm.o(.data)
    osMessageQId_osTimerMessageQ             0x20000018   Data           4  rtx_conf_cm.o(.data)
    os_tmr                                   0x2000001c   Data           4  rtx_conf_cm.o(.data)
    m_tmr                                    0x20000020   Data           4  rtx_conf_cm.o(.data)
    os_initialized                           0x20000028   Data           1  rt_cmsis.o(.data)
    os_running                               0x20000029   Data           1  rt_cmsis.o(.data)
    os_timer_head                            0x2000002c   Data           4  rt_cmsis.o(.data)
    os_tsk                                   0x20000030   Data           8  rt_task.o(.data)
    os_tick_irqn                             0x2000003c   Data           4  rt_system.o(.data)
    os_time                                  0x20000040   Data           4  rt_time.o(.data)
    os_robin                                 0x20000044   Data           8  rt_robin.o(.data)
    dbg_msg                                  0x2000004c   Data           1  hal_cm.o(.data)
    mp_tcb                                   0x20000050   Data         584  rtx_conf_cm.o(.bss)
    mp_stk                                   0x20000298   Data        2016  rtx_conf_cm.o(.bss)
    os_stack_mem                             0x20000a78   Data         432  rtx_conf_cm.o(.bss)
    os_fifo                                  0x20000c28   Data         132  rtx_conf_cm.o(.bss)
    os_active_TCB                            0x20000cac   Data          44  rtx_conf_cm.o(.bss)
    os_messageQ_q_osTimerMessageQ            0x20000cd8   Data          32  rtx_conf_cm.o(.bss)
    os_idle_TCB                              0x20001198   Data          52  rt_task.o(.bss)
    os_rdy                                   0x200011cc   Data          24  rt_list.o(.bss)
    os_dly                                   0x200011e4   Data          24  rt_list.o(.bss)
    __libspace_start                         0x200011fc   Data          96  libspace.o(.bss)
    __temporary_stack_top$libspace           0x2000125c   Data           0  libspace.o(.bss)



==============================================================================

Memory Map of the image

  Image Entry point : 0x08000323

  Load Region LR_1 (Base: 0x08000000, Size: 0x000021b8, Max: 0xffffffff, ABSOLUTE)

    Execution Region ER_RO (Exec base: 0x08000000, Load base: 0x08000000, Size: 0x00002168, Max: 0xffffffff, ABSOLUTE)

    Exec Addr    Load Addr    Size         Type   Attr      Idx    E Section Name        Object

    0x08000000   0x08000000   0x00000130   Data   RO            3    RESET               startup_stm32f10x_hd.o
    0x08000130   0x08000130   0x00000008   Code   RO         1401  * !!!main             c_w.l(__main.o)
    0x08000138   0x08000138   0x00000034   Code   RO         1562    !!!scatter          c_w.l(__scatter.o)
    0x0800016c   0x0800016c   0x0000001a   Code   RO         1564    !!handler_copy      c_w.l(__scatter_copy.o)
    0x08000186   0x08000186   0x00000002   PAD
    0x08000188   0x08000188   0x0000001c   Code   RO         1566    !!handler_zi        c_w.l(__scatter_zi.o)
    0x080001a4   0x080001a4   0x00000002   Code   RO         1448    .ARM.Collect$$libinit$$00000000  c_w.l(libinit.o)
    0x080001a6   0x080001a6   0x00000000   Code   RO         1460    .ARM.Collect$$libinit$$00000002  c_w.l(libinit2.o)
    0x080001a6   0x080001a6   0x00000000   Code   RO         1462    .ARM.Collect$$libinit$$00000004  c_w.l(libinit2.o)
    0x080001a6   0x080001a6   0x00000000   Code   RO         1465    .ARM.Collect$$libinit$$0000000A  c_w.l(libinit2.o)
    0x080001a6   0x080001a6   0x00000000   Code   RO         1467    .ARM.Collect$$libinit$$0000000C  c_w.l(libinit2.o)
    0x080001a6   0x080001a6   0x00000000   Code   RO         1469    .ARM.Collect$$libinit$$0000000E  c_w.l(libinit2.o)
    0x080001a6   0x080001a6   0x00000000   Code   RO         1472    .ARM.Collect$$libinit$$00000011  c_w.l(libinit2.o)
    0x080001a6   0x080001a6   0x00000000   Code   RO         1474    .ARM.Collect$$libinit$$00000013  c_w.l(libinit2.o)
    0x080001a6   0x080001a6   0x00000000   Code   RO         1476    .ARM.Collect$$libinit$$00000015  c_w.l(libinit2.o)
    0x080001a6   0x080001a6   0x00000000   Code   RO         1478    .ARM.Collect$$libinit$$00000017  c_w.l(libinit2.o)
    0x080001a6   0x080001a6   0x00000000   Code   RO         1480    .ARM.Collect$$libinit$$00000019  c_w.l(libinit2.o)
    0x080001a6   0x080001a6   0x00000000   Code   RO         1482    .ARM.Collect$$libinit$$0000001B  c_w.l(libinit2.o)
    0x080001a6   0x080001a6   0x00000000   Code   RO         1484    .ARM.Collect$$libinit$$0000001D  c_w.l(libinit2.o)
    0x080001a6   0x080001a6   0x00000000   Code   RO         1486    .ARM.Collect$$libinit$$0000001F  c_w.l(libinit2.o)
    0x080001a6   0x080001a6   0x00000000   Code   RO         1488    .ARM.Collect$$libinit$$00000021  c_w.l(libinit2.o)
    0x080001a6   0x080001a6   0x00000000   Code   RO         1490    .ARM.Collect$$libinit$$00000023  c_w.l(libinit2.o)
    0x080001a6   0x080001a6   0x00000000   Code   RO         1492    .ARM.Collect$$libinit$$00000025  c_w.l(libinit2.o)
    0x080001a6   0x080001a6   0x00000000   Code   RO         1496    .ARM.Collect$$libinit$$0000002C  c_w.l(libinit2.o)
    0x080001a6   0x080001a6   0x00000000   Code   RO         1498    .ARM.Collect$$libinit$$0000002E  c_w.l(libinit2.o)
    0x080001a6   0x080001a6   0x00000000   Code   RO         1500    .ARM.Collect$$libinit$$00000030  c_w.l(libinit2.o)
    0x080001a6   0x080001a6   0x00000000   Code   RO         1502    .ARM.Collect$$libinit$$00000032  c_w.l(libinit2.o)
    0x080001a6   0x080001a6   0x00000002   Code   RO         1503    .ARM.Collect$$libinit$$00000033  c_w.l(libinit2.o)
    0x080001a8   0x080001a8   0x00000002   Code   RO         1449    .ARM.Collect$$libshutdown$$00000000  c_w.l(libshutdown.o)
    0x080001aa   0x080001aa   0x00000000   Code   RO         1505    .ARM.Collect$$libshutdown$$00000002  c_w.l(libshutdown2.o)
    0x080001aa   0x080001aa   0x00000000   Code   RO         1507    .ARM.Collect$$libshutdown$$00000004  c_w.l(libshutdown2.o)
    0x080001aa   0x080001aa   0x00000000   Code   RO         1510    .ARM.Collect$$libshutdown$$00000007  c_w.l(libshutdown2.o)
    0x080001aa   0x080001aa   0x00000000   Code   RO         1513    .ARM.Collect$$libshutdown$$0000000A  c_w.l(libshutdown2.o)
    0x080001aa   0x080001aa   0x00000000   Code   RO         1515    .ARM.Collect$$libshutdown$$0000000C  c_w.l(libshutdown2.o)
    0x080001aa   0x080001aa   0x00000000   Code   RO         1518    .ARM.Collect$$libshutdown$$0000000F  c_w.l(libshutdown2.o)
    0x080001aa   0x080001aa   0x00000002   Code   RO         1519    .ARM.Collect$$libshutdown$$00000010  c_w.l(libshutdown2.o)
    0x080001ac   0x080001ac   0x00000000   Code   RO         1403    .ARM.Collect$$rtentry$$00000000  c_w.l(__rtentry.o)
    0x080001ac   0x080001ac   0x00000000   Code   RO         1411    .ARM.Collect$$rtentry$$00000002  c_w.l(__rtentry2.o)
    0x080001ac   0x080001ac   0x00000006   Code   RO         1423    .ARM.Collect$$rtentry$$00000004  c_w.l(__rtentry4.o)
    0x080001b2   0x080001b2   0x00000000   Code   RO         1413    .ARM.Collect$$rtentry$$00000009  c_w.l(__rtentry2.o)
    0x080001b2   0x080001b2   0x00000004   Code   RO         1414    .ARM.Collect$$rtentry$$0000000A  c_w.l(__rtentry2.o)
    0x080001b6   0x080001b6   0x00000008   Code   RO         1415    .ARM.Collect$$rtentry$$0000000B  c_w.l(__rtentry2.o)
    0x080001be   0x080001be   0x00000008   Code   RO         1417    .ARM.Collect$$rtentry$$0000000D  c_w.l(__rtentry2.o)
    0x080001c6   0x080001c6   0x00000002   Code   RO         1404    .ARM.Collect$$rtexit$$00000000  c_w.l(rtexit.o)
    0x080001c8   0x080001c8   0x00000000   Code   RO         1426    .ARM.Collect$$rtexit$$00000002  c_w.l(rtexit2.o)
    0x080001c8   0x080001c8   0x00000004   Code   RO         1427    .ARM.Collect$$rtexit$$00000003  c_w.l(rtexit2.o)
    0x080001cc   0x080001cc   0x00000006   Code   RO         1428    .ARM.Collect$$rtexit$$00000004  c_w.l(rtexit2.o)
    0x080001d2   0x080001d2   0x00000002   PAD
    0x080001d4   0x080001d4   0x0000001c   Code   RO          154    .emb_text           rtx_conf_cm.o
    0x080001f0   0x080001f0   0x00000130   Code   RO         1377    .emb_text           RTX_CM3.lib(hal_cm3.o)
    0x08000320   0x08000320   0x00000048   Code   RO            4  * .text               startup_stm32f10x_hd.o
    0x08000368   0x08000368   0x00000040   Code   RO           10    .text               main.o
    0x080003a8   0x080003a8   0x00000038   Code   RO           64    .text               led.o
    0x080003e0   0x080003e0   0x000000d0   Code   RO           76    .text               key.o
    0x080004b0   0x080004b0   0x00000330   Code   RO           88    .text               stm32f10x_gpio.o
    0x080007e0   0x080007e0   0x000003a0   Code   RO          100    .text               stm32f10x_rcc.o
    0x08000b80   0x08000b80   0x00000138   Code   RO          136    .text               system_stm32f10x.o
    0x08000cb8   0x08000cb8   0x000000ac   Code   RO          155    .text               rtx_conf_cm.o
    0x08000d64   0x08000d64   0x00000008   Code   RO         1392    .text               c_w.l(libspace.o)
    0x08000d6c   0x08000d6c   0x00000012   Code   RO         1397    .text               c_w.l(exit.o)
    0x08000d7e   0x08000d7e   0x00000006   Code   RO         1399    .text               c_w.l(heapauxi.o)
    0x08000d84   0x08000d84   0x0000000c   Code   RO         1434    .text               c_w.l(sys_exit.o)
    0x08000d90   0x08000d90   0x0000004a   Code   RO         1436    .text               c_w.l(sys_stackheap_outer.o)
    0x08000dda   0x08000dda   0x00000002   Code   RO         1450    .text               c_w.l(use_no_semi.o)
    0x08000ddc   0x08000ddc   0x00000000   Code   RO         1452    .text               c_w.l(indicate_semi.o)
    0x08000ddc   0x08000ddc   0x00000004   Code   RO         1387    SVC_TABLE           RTX_CM3.lib(svc_table.o)
    0x08000de0   0x08000de0   0x00000046   Code   RO         1276    i._init_box         RTX_CM3.lib(rt_membox.o)
    0x08000e26   0x08000e26   0x00000002   PAD
    0x08000e28   0x08000e28   0x00000030   Code   RO         1329    i.dbg_init          RTX_CM3.lib(hal_cm.o)
    0x08000e58   0x08000e58   0x00000020   Code   RO         1330    i.dbg_task_notify   RTX_CM3.lib(hal_cm.o)
    0x08000e78   0x08000e78   0x00000010   Code   RO         1331    i.dbg_task_switch   RTX_CM3.lib(hal_cm.o)
    0x08000e88   0x08000e88   0x0000002a   Code   RO          185    i.isrMessageGet     RTX_CM3.lib(rt_cmsis.o)
    0x08000eb2   0x08000eb2   0x0000002c   Code   RO          186    i.isrMessagePut     RTX_CM3.lib(rt_cmsis.o)
    0x08000ede   0x08000ede   0x00000002   PAD
    0x08000ee0   0x08000ee0   0x00000056   Code   RO         1131    i.isr_mbx_receive   RTX_CM3.lib(rt_mailbox.o)
    0x08000f36   0x08000f36   0x0000000e   Code   RO         1132    i.isr_mbx_send      RTX_CM3.lib(rt_mailbox.o)
    0x08000f44   0x08000f44   0x00000018   Code   RO          189    i.osDelay           RTX_CM3.lib(rt_cmsis.o)
    0x08000f5c   0x08000f5c   0x00000024   Code   RO          190    i.osKernelInitialize  RTX_CM3.lib(rt_cmsis.o)
    0x08000f80   0x08000f80   0x0000006c   Code   RO          192    i.osKernelStart     RTX_CM3.lib(rt_cmsis.o)
    0x08000fec   0x08000fec   0x00000018   Code   RO          201    i.osMessageGet      RTX_CM3.lib(rt_cmsis.o)
    0x08001004   0x08001004   0x0000002c   Code   RO          218    i.osThreadCreate    RTX_CM3.lib(rt_cmsis.o)
    0x08001030   0x08001030   0x00000018   Code   RO          219    i.osThreadExit      RTX_CM3.lib(rt_cmsis.o)
    0x08001048   0x08001048   0x0000000c   Code   RO          225    i.osTimerCall       RTX_CM3.lib(rt_cmsis.o)
    0x08001054   0x08001054   0x0000002c   Code   RO          230    i.osTimerThread     RTX_CM3.lib(rt_cmsis.o)
    0x08001080   0x08001080   0x00000028   Code   RO          923    i.os_tick_init      RTX_CM3.lib(rt_system.o)
    0x080010a8   0x080010a8   0x00000002   Code   RO          924    i.os_tick_irqack    RTX_CM3.lib(rt_system.o)
    0x080010aa   0x080010aa   0x0000001a   Code   RO         1277    i.rt_alloc_box      RTX_CM3.lib(rt_membox.o)
    0x080010c4   0x080010c4   0x0000003e   Code   RO         1305    i.rt_alloc_mem      RTX_CM3.lib(rt_memory.o)
    0x08001102   0x08001102   0x00000002   PAD
    0x08001104   0x08001104   0x00000038   Code   RO          804    i.rt_block          RTX_CM3.lib(rt_task.o)
    0x0800113c   0x0800113c   0x00000048   Code   RO         1254    i.rt_chk_robin      RTX_CM3.lib(rt_robin.o)
    0x08001184   0x08001184   0x00000070   Code   RO         1055    i.rt_dec_dly        RTX_CM3.lib(rt_list.o)
    0x080011f4   0x080011f4   0x00000044   Code   RO          805    i.rt_dispatch       RTX_CM3.lib(rt_task.o)
    0x08001238   0x08001238   0x00000006   Code   RO         1221    i.rt_dly_wait       RTX_CM3.lib(rt_time.o)
    0x0800123e   0x0800123e   0x00000002   PAD
    0x08001240   0x08001240   0x00000050   Code   RO         1016    i.rt_evt_psh        RTX_CM3.lib(rt_event.o)
    0x08001290   0x08001290   0x0000002c   Code   RO         1278    i.rt_free_box       RTX_CM3.lib(rt_membox.o)
    0x080012bc   0x080012bc   0x00000028   Code   RO         1306    i.rt_free_mem       RTX_CM3.lib(rt_memory.o)
    0x080012e4   0x080012e4   0x00000028   Code   RO         1056    i.rt_get_first      RTX_CM3.lib(rt_list.o)
    0x0800130c   0x0800130c   0x00000008   Code   RO          235    i.rt_id2obj         RTX_CM3.lib(rt_cmsis.o)
    0x08001314   0x08001314   0x00000048   Code   RO          806    i.rt_init_context   RTX_CM3.lib(rt_task.o)
    0x0800135c   0x0800135c   0x0000001a   Code   RO         1307    i.rt_init_mem       RTX_CM3.lib(rt_memory.o)
    0x08001376   0x08001376   0x00000002   PAD
    0x08001378   0x08001378   0x00000018   Code   RO         1255    i.rt_init_robin     RTX_CM3.lib(rt_robin.o)
    0x08001390   0x08001390   0x00000080   Code   RO         1332    i.rt_init_stack     RTX_CM3.lib(hal_cm.o)
    0x08001410   0x08001410   0x00000008   Code   RO         1133    i.rt_mbx_check      RTX_CM3.lib(rt_mailbox.o)
    0x08001418   0x08001418   0x0000001a   Code   RO         1134    i.rt_mbx_init       RTX_CM3.lib(rt_mailbox.o)
    0x08001432   0x08001432   0x00000002   PAD
    0x08001434   0x08001434   0x000000f0   Code   RO         1135    i.rt_mbx_psh        RTX_CM3.lib(rt_mailbox.o)
    0x08001524   0x08001524   0x000000b4   Code   RO         1137    i.rt_mbx_wait       RTX_CM3.lib(rt_mailbox.o)
    0x080015d8   0x080015d8   0x00000044   Code   RO          236    i.rt_ms2tick        RTX_CM3.lib(rt_cmsis.o)
    0x0800161c   0x0800161c   0x00000010   Code   RO          889    i.rt_mut_init       RTX_CM3.lib(rt_mutex.o)
    0x0800162c   0x0800162c   0x000000d8   Code   RO          890    i.rt_mut_release    RTX_CM3.lib(rt_mutex.o)
    0x08001704   0x08001704   0x00000078   Code   RO          891    i.rt_mut_wait       RTX_CM3.lib(rt_mutex.o)
    0x0800177c   0x0800177c   0x0000007c   Code   RO          927    i.rt_pop_req        RTX_CM3.lib(rt_system.o)
    0x080017f8   0x080017f8   0x00000020   Code   RO          928    i.rt_psh_req        RTX_CM3.lib(rt_system.o)
    0x08001818   0x08001818   0x0000005c   Code   RO         1058    i.rt_psq_enq        RTX_CM3.lib(rt_list.o)
    0x08001874   0x08001874   0x00000048   Code   RO         1059    i.rt_put_dly        RTX_CM3.lib(rt_list.o)
    0x080018bc   0x080018bc   0x00000036   Code   RO         1060    i.rt_put_prio       RTX_CM3.lib(rt_list.o)
    0x080018f2   0x080018f2   0x00000002   PAD
    0x080018f4   0x080018f4   0x00000014   Code   RO         1061    i.rt_put_rdy_first  RTX_CM3.lib(rt_list.o)
    0x08001908   0x08001908   0x00000034   Code   RO         1062    i.rt_resort_prio    RTX_CM3.lib(rt_list.o)
    0x0800193c   0x0800193c   0x00000006   Code   RO         1333    i.rt_ret_val        RTX_CM3.lib(hal_cm.o)
    0x08001942   0x08001942   0x00000008   Code   RO         1334    i.rt_ret_val2       RTX_CM3.lib(hal_cm.o)
    0x0800194a   0x0800194a   0x00000028   Code   RO         1063    i.rt_rmv_dly        RTX_CM3.lib(rt_list.o)
    0x08001972   0x08001972   0x00000002   PAD
    0x08001974   0x08001974   0x00000030   Code   RO         1064    i.rt_rmv_list       RTX_CM3.lib(rt_list.o)
    0x080019a4   0x080019a4   0x00000034   Code   RO         1182    i.rt_sem_psh        RTX_CM3.lib(rt_semaphore.o)
    0x080019d8   0x080019d8   0x00000024   Code   RO          930    i.rt_stk_check      RTX_CM3.lib(rt_system.o)
    0x080019fc   0x080019fc   0x00000028   Code   RO          807    i.rt_switch_req     RTX_CM3.lib(rt_task.o)
    0x08001a24   0x08001a24   0x000000cc   Code   RO          808    i.rt_sys_init       RTX_CM3.lib(rt_task.o)
    0x08001af0   0x08001af0   0x00000078   Code   RO          809    i.rt_sys_start      RTX_CM3.lib(rt_task.o)
    0x08001b68   0x08001b68   0x00000040   Code   RO          932    i.rt_systick        RTX_CM3.lib(rt_system.o)
    0x08001ba8   0x08001ba8   0x00000012   Code   RO          237    i.rt_tid2ptcb       RTX_CM3.lib(rt_cmsis.o)
    0x08001bba   0x08001bba   0x00000002   PAD
    0x08001bbc   0x08001bbc   0x00000034   Code   RO          238    i.rt_timer_insert   RTX_CM3.lib(rt_cmsis.o)
    0x08001bf0   0x08001bf0   0x00000088   Code   RO          810    i.rt_tsk_create     RTX_CM3.lib(rt_task.o)
    0x08001c78   0x08001c78   0x0000017c   Code   RO          811    i.rt_tsk_delete     RTX_CM3.lib(rt_task.o)
    0x08001df4   0x08001df4   0x0000007c   Code   RO          813    i.rt_tsk_prio       RTX_CM3.lib(rt_task.o)
    0x08001e70   0x08001e70   0x00000010   Code   RO          814    i.rt_tsk_self       RTX_CM3.lib(rt_task.o)
    0x08001e80   0x08001e80   0x00000012   Code   RO          240    i.svcDelay          RTX_CM3.lib(rt_cmsis.o)
    0x08001e92   0x08001e92   0x00000002   PAD
    0x08001e94   0x08001e94   0x00000070   Code   RO          241    i.svcKernelInitialize  RTX_CM3.lib(rt_cmsis.o)
    0x08001f04   0x08001f04   0x00000048   Code   RO          243    i.svcKernelStart    RTX_CM3.lib(rt_cmsis.o)
    0x08001f4c   0x08001f4c   0x00000024   Code   RO          246    i.svcMessageCreate  RTX_CM3.lib(rt_cmsis.o)
    0x08001f70   0x08001f70   0x0000003a   Code   RO          247    i.svcMessageGet     RTX_CM3.lib(rt_cmsis.o)
    0x08001faa   0x08001faa   0x00000002   PAD
    0x08001fac   0x08001fac   0x0000006c   Code   RO          261    i.svcThreadCreate   RTX_CM3.lib(rt_cmsis.o)
    0x08002018   0x08002018   0x0000001c   Code   RO          262    i.svcThreadGetId    RTX_CM3.lib(rt_cmsis.o)
    0x08002034   0x08002034   0x00000038   Code   RO          265    i.svcThreadTerminate  RTX_CM3.lib(rt_cmsis.o)
    0x0800206c   0x0800206c   0x00000018   Code   RO          267    i.svcTimerCall      RTX_CM3.lib(rt_cmsis.o)
    0x08002084   0x08002084   0x0000005c   Code   RO          276    i.sysTimerTick      RTX_CM3.lib(rt_cmsis.o)
    0x080020e0   0x080020e0   0x00000068   Data   RO          157    .constdata          rtx_conf_cm.o
    0x08002148   0x08002148   0x00000020   Data   RO         1560    Region$$Table       anon$$obj.o


    Execution Region ER_RW (Exec base: 0x20000000, Load base: 0x08002168, Size: 0x00000050, Max: 0xffffffff, ABSOLUTE)

    Exec Addr    Load Addr    Size         Type   Attr      Idx    E Section Name        Object

    0x20000000   0x08002168   0x00000014   Data   RW          101    .data               stm32f10x_rcc.o
    0x20000014   0x0800217c   0x00000014   Data   RW          158    .data               rtx_conf_cm.o
    0x20000028   0x08002190   0x00000008   Data   RW          279    .data               RTX_CM3.lib(rt_cmsis.o)
    0x20000030   0x08002198   0x00000008   Data   RW          816    .data               RTX_CM3.lib(rt_task.o)
    0x20000038   0x080021a0   0x00000008   Data   RW          935    .data               RTX_CM3.lib(rt_system.o)
    0x20000040   0x080021a8   0x00000004   Data   RW         1225    .data               RTX_CM3.lib(rt_time.o)
    0x20000044   0x080021ac   0x00000008   Data   RW         1256    .data               RTX_CM3.lib(rt_robin.o)
    0x2000004c   0x080021b4   0x00000001   Data   RW         1335    .data               RTX_CM3.lib(hal_cm.o)


    Execution Region ER_ZI (Exec base: 0x20000050, Load base: 0x080021b8, Size: 0x00001410, Max: 0xffffffff, ABSOLUTE)

    Exec Addr    Load Addr    Size         Type   Attr      Idx    E Section Name        Object

    0x20000050        -       0x00001148   Zero   RW          156    .bss                rtx_conf_cm.o
    0x20001198        -       0x00000034   Zero   RW          815    .bss                RTX_CM3.lib(rt_task.o)
    0x200011cc        -       0x00000030   Zero   RW         1065    .bss                RTX_CM3.lib(rt_list.o)
    0x200011fc        -       0x00000060   Zero   RW         1393    .bss                c_w.l(libspace.o)
    0x2000125c   0x080021b8   0x00000004   PAD
    0x20001260        -       0x00000000   Zero   RW            2    HEAP                startup_stm32f10x_hd.o
    0x20001260        -       0x00000200   Zero   RW            1    STACK               startup_stm32f10x_hd.o


==============================================================================

Image component sizes


      Code (inc. data)   RO Data    RW Data    ZI Data      Debug   Object Name

       208          4          0          0          0       1389   key.o
        56          6          0          0          0        458   led.o
        64          4          0          0          0     218103   main.o
       200         34        104         20       4424       8757   rtx_conf_cm.o
        72         26        304          0        512        892   startup_stm32f10x_hd.o
       816         18          0          0          0       5187   stm32f10x_gpio.o
       928         36          0         20          0       8828   stm32f10x_rcc.o
       312         16          0          0          0       1165   system_stm32f10x.o

    ----------------------------------------------------------------------
      2656        144        440         40       4936     244779   Object Totals
         0          0         32          0          0          0   (incl. Generated)
         0          0          0          0          0          0   (incl. Padding)

    ----------------------------------------------------------------------

      Code (inc. data)   RO Data    RW Data    ZI Data      Debug   Library Member Name

       238         24          0          1          0       3312   hal_cm.o
       304         36          0          0          0        768   hal_cm3.o
      1152        144          0          8          0      32862   rt_cmsis.o
        80          4          0          0          0        661   rt_event.o
       530         34          0          0         48       8253   rt_list.o
       554         10          0          0          0       3949   rt_mailbox.o
       140          0          0          0          0       1925   rt_membox.o
       128          0          0          0          0       2307   rt_memory.o
       352         14          0          0          0       2105   rt_mutex.o
        96         22          0          8          0       1158   rt_robin.o
        52          4          0          0          0        573   rt_semaphore.o
       298         52          0          8          0       6223   rt_system.o
      1216        174          0          8         52       9649   rt_task.o
         6          0          0          4          0        652   rt_time.o
         4          4          0          0          0        208   svc_table.o
         8          0          0          0          0         68   __main.o
         0          0          0          0          0          0   __rtentry.o
        20          0          0          0          0          0   __rtentry2.o
         6          0          0          0          0          0   __rtentry4.o
        52          8          0          0          0          0   __scatter.o
        26          0          0          0          0          0   __scatter_copy.o
        28          0          0          0          0          0   __scatter_zi.o
        18          0          0          0          0         80   exit.o
         6          0          0          0          0        152   heapauxi.o
         0          0          0          0          0          0   indicate_semi.o
         2          0          0          0          0          0   libinit.o
         2          0          0          0          0          0   libinit2.o
         2          0          0          0          0          0   libshutdown.o
         2          0          0          0          0          0   libshutdown2.o
         8          4          0          0         96         68   libspace.o
         2          0          0          0          0          0   rtexit.o
        10          0          0          0          0          0   rtexit2.o
        12          4          0          0          0         68   sys_exit.o
        74          0          0          0          0         80   sys_stackheap_outer.o
         2          0          0          0          0         68   use_no_semi.o

    ----------------------------------------------------------------------
      5456        538          0         40        200      75189   Library Totals
        26          0          0          3          4          0   (incl. Padding)

    ----------------------------------------------------------------------

      Code (inc. data)   RO Data    RW Data    ZI Data      Debug   Library Name

      5150        522          0         37        100      74605   RTX_CM3.lib
       280         16          0          0         96        584   c_w.l

    ----------------------------------------------------------------------
      5456        538          0         40        200      75189   Library Totals

    ----------------------------------------------------------------------

==============================================================================


      Code (inc. data)   RO Data    RW Data    ZI Data      Debug   

      8112        682        440         80       5136     315544   Grand Totals
      8112        682        440         80       5136     315544   ELF Image Totals
      8112        682        440         80          0          0   ROM Totals

==============================================================================

    Total RO  Size (Code + RO Data)                 8552 (   8.35kB)
    Total RW  Size (RW Data + ZI Data)              5216 (   5.09kB)
    Total ROM Size (Code + RO Data + RW Data)       8632 (   8.43kB)

==============================================================================

