Component: ARM Compiler 5.06 update 1 (build 61) Tool: armlink [4d35a8]

==============================================================================

Section Cross References

    startup_stm32f10x_hd.o(STACK) refers (Special) to heapauxi.o(.text) for __use_two_region_memory
    startup_stm32f10x_hd.o(HEAP) refers (Special) to heapauxi.o(.text) for __use_two_region_memory
    startup_stm32f10x_hd.o(RESET) refers (Special) to heapauxi.o(.text) for __use_two_region_memory
    startup_stm32f10x_hd.o(RESET) refers to startup_stm32f10x_hd.o(.text) for Reset_Handler
    startup_stm32f10x_hd.o(RESET) refers to hal_cm3.o(.emb_text) for SVC_Handler
    startup_stm32f10x_hd.o(RESET) refers to main.o(.text) for EXTI0_IRQHandler
    startup_stm32f10x_hd.o(.text) refers (Special) to heapauxi.o(.text) for __use_two_region_memory
    startup_stm32f10x_hd.o(.text) refers to startup_stm32f10x_hd.o(STACK) for __initial_sp
    startup_stm32f10x_hd.o(.text) refers to __main.o(!!!main) for __main
    startup_stm32f10x_hd.o(.text) refers to startup_stm32f10x_hd.o(HEAP) for Heap_Mem
    main.o(.text) refers to rt_cmsis.o(i.osPoolAlloc) for osPoolAlloc
    main.o(.text) refers to rt_cmsis.o(i.osMessagePut) for osMessagePut
    main.o(.text) refers to rt_cmsis.o(i.osSignalWait) for osSignalWait
    main.o(.text) refers to rt_cmsis.o(i.osPoolFree) for osPoolFree
    main.o(.text) refers to main.o(.data) for task_air_pool
    main.o(.text) refers to main.o(.bss) for uv_private
    main.o(.text) refers to stm32f10x_gpio.o(.text) for GPIO_WriteBit
    main.o(.text) refers to rt_cmsis.o(i.osDelay) for osDelay
    main.o(.text) refers to rt_cmsis.o(i.osMessageGet) for osMessageGet
    main.o(.text) refers to pwm_out.o(.text) for TM1_PWM1_LIGHTNESS_ENABLE
    main.o(.text) refers to rt_cmsis.o(i.osSignalSet) for osSignalSet
    main.o(.text) refers to adc.o(.data) for ADC_ConvertedValue
    main.o(.text) refers to stm32f10x_tim.o(.text) for TIM_Cmd
    main.o(.text) refers to stm32f10x_rcc.o(.text) for RCC_APB1PeriphClockCmd
    main.o(.text) refers to timer3.o(.text) for TIM2_Configuration
    main.o(.text) refers to led.o(.text) for LED_Round_robin_blink
    main.o(.text) refers to system_stm32f10x.o(.text) for SystemInit
    main.o(.text) refers to key.o(.text) for Key_GPIO_Config
    main.o(.text) refers to adc.o(.text) for ADC1_Init
    main.o(.text) refers to rt_cmsis.o(i.osMessageCreate) for osMessageCreate
    main.o(.text) refers to rt_cmsis.o(i.osPoolCreate) for osPoolCreate
    main.o(.text) refers to rt_cmsis.o(i.osThreadCreate) for osThreadCreate
    main.o(.text) refers to main.o(.constdata) for os_messageQ_def_task_dispatcher_quenue
    main.o(.constdata) refers to main.o(.bss) for os_pool_m_task_dispatcher_pool
    main.o(.constdata) refers to main.o(.text) for task_bat_monitor
    led.o(.text) refers to stm32f10x_rcc.o(.text) for RCC_APB2PeriphClockCmd
    led.o(.text) refers to stm32f10x_gpio.o(.text) for GPIO_Init
    led.o(.text) refers to led.o(.constdata) for LED_CTL_TABLE
    key.o(.text) refers to stm32f10x_rcc.o(.text) for RCC_APB2PeriphClockCmd
    key.o(.text) refers to stm32f10x_gpio.o(.text) for GPIO_Init
    pwm_out.o(.text) refers to stm32f10x_rcc.o(.text) for RCC_APB2PeriphClockCmd
    pwm_out.o(.text) refers to stm32f10x_gpio.o(.text) for GPIO_Init
    pwm_out.o(.text) refers to stm32f10x_tim.o(.text) for TIM_TimeBaseInit
    adc.o(.text) refers to stm32f10x_rcc.o(.text) for RCC_APB2PeriphClockCmd
    adc.o(.text) refers to stm32f10x_gpio.o(.text) for GPIO_Init
    adc.o(.text) refers to stm32f10x_dma.o(.text) for DMA_DeInit
    adc.o(.text) refers to stm32f10x_adc.o(.text) for ADC_Init
    adc.o(.text) refers to adc.o(.data) for ADC_ConvertedValue
    timer3.o(.text) refers to misc.o(.text) for NVIC_PriorityGroupConfig
    timer3.o(.text) refers to stm32f10x_rcc.o(.text) for RCC_APB1PeriphClockCmd
    timer3.o(.text) refers to stm32f10x_tim.o(.text) for TIM_DeInit
    stm32f10x_gpio.o(.text) refers to stm32f10x_rcc.o(.text) for RCC_APB2PeriphResetCmd
    stm32f10x_rcc.o(.text) refers to stm32f10x_rcc.o(.data) for APBAHBPrescTable
    stm32f10x_tim.o(.text) refers to stm32f10x_rcc.o(.text) for RCC_APB2PeriphResetCmd
    stm32f10x_adc.o(.text) refers to stm32f10x_rcc.o(.text) for RCC_APB2PeriphResetCmd
    rtx_conf_cm.o(.emb_text) refers to rt_cmsis.o(i.osKernelInitialize) for osKernelInitialize
    rtx_conf_cm.o(.emb_text) refers to rt_cmsis.o(i.osThreadCreate) for osThreadCreate
    rtx_conf_cm.o(.emb_text) refers to rt_cmsis.o(i.osKernelStart) for osKernelStart
    rtx_conf_cm.o(.emb_text) refers to exit.o(.text) for exit
    rtx_conf_cm.o(.emb_text) refers to rtx_conf_cm.o(.data) for os_thread_def_main
    rtx_conf_cm.o(.text) refers to rt_task.o(i.rt_tsk_self) for rt_tsk_self
    rtx_conf_cm.o(.text) refers to rt_mutex.o(i.rt_mut_init) for rt_mut_init
    rtx_conf_cm.o(.text) refers to rt_cmsis.o(.data) for os_running
    rtx_conf_cm.o(.text) refers to rtx_conf_cm.o(.bss) for .bss
[...]
    i.os_tick_irqack                         0x08003e34   Section        0  rt_system.o(i.os_tick_irqack)
    i.rt_alloc_box                           0x08003e36   Section        0  rt_membox.o(i.rt_alloc_box)
    i.rt_alloc_mem                           0x08003e50   Section        0  rt_memory.o(i.rt_alloc_mem)
    i.rt_block                               0x08003e90   Section        0  rt_task.o(i.rt_block)
    i.rt_chk_robin                           0x08003ec8   Section        0  rt_robin.o(i.rt_chk_robin)
    i.rt_dec_dly                             0x08003f10   Section        0  rt_list.o(i.rt_dec_dly)
    i.rt_dispatch                            0x08003f80   Section        0  rt_task.o(i.rt_dispatch)
    i.rt_dly_wait                            0x08003fc4   Section        0  rt_time.o(i.rt_dly_wait)
    i.rt_evt_psh                             0x08003fcc   Section        0  rt_event.o(i.rt_evt_psh)
    i.rt_evt_set                             0x0800401c   Section        0  rt_event.o(i.rt_evt_set)
    i.rt_evt_wait                            0x08004078   Section        0  rt_event.o(i.rt_evt_wait)
    i.rt_free_box                            0x080040b4   Section        0  rt_membox.o(i.rt_free_box)
    i.rt_free_mem                            0x080040e0   Section        0  rt_memory.o(i.rt_free_mem)
    i.rt_get_first                           0x08004108   Section        0  rt_list.o(i.rt_get_first)
    i.rt_id2obj                              0x08004130   Section        0  rt_cmsis.o(i.rt_id2obj)
    rt_id2obj                                0x08004131   Thumb Code     8  rt_cmsis.o(i.rt_id2obj)
    i.rt_init_context                        0x08004138   Section        0  rt_task.o(i.rt_init_context)
    rt_init_context                          0x08004139   Thumb Code    66  rt_task.o(i.rt_init_context)
    i.rt_init_mem                            0x08004180   Section        0  rt_memory.o(i.rt_init_mem)
    i.rt_init_robin                          0x0800419c   Section        0  rt_robin.o(i.rt_init_robin)
    i.rt_init_stack                          0x080041b4   Section        0  hal_cm.o(i.rt_init_stack)
    i.rt_mbx_check                           0x08004234   Section        0  rt_mailbox.o(i.rt_mbx_check)
    i.rt_mbx_init                            0x0800423c   Section        0  rt_mailbox.o(i.rt_mbx_init)
    i.rt_mbx_psh                             0x08004258   Section        0  rt_mailbox.o(i.rt_mbx_psh)
    i.rt_mbx_send                            0x08004348   Section        0  rt_mailbox.o(i.rt_mbx_send)
    i.rt_mbx_wait                            0x080043e0   Section        0  rt_mailbox.o(i.rt_mbx_wait)
    i.rt_ms2tick                             0x08004494   Section        0  rt_cmsis.o(i.rt_ms2tick)
    rt_ms2tick                               0x08004495   Thumb Code    58  rt_cmsis.o(i.rt_ms2tick)
    i.rt_mut_init                            0x080044d8   Section        0  rt_mutex.o(i.rt_mut_init)
    i.rt_mut_release                         0x080044e8   Section        0  rt_mutex.o(i.rt_mut_release)
    i.rt_mut_wait                            0x080045c0   Section        0  rt_mutex.o(i.rt_mut_wait)
    i.rt_pop_req                             0x08004628   Section        0  rt_system.o(i.rt_pop_req)
    i.rt_psh_req                             0x080046a4   Section        0  rt_system.o(i.rt_psh_req)
    i.rt_psq_enq                             0x080046c4   Section        0  rt_list.o(i.rt_psq_enq)
    i.rt_put_dly                             0x08004720   Section        0  rt_list.o(i.rt_put_dly)
    i.rt_put_prio                            0x08004768   Section        0  rt_list.o(i.rt_put_prio)
    i.rt_put_rdy_first                       0x080047a0   Section        0  rt_list.o(i.rt_put_rdy_first)
    i.rt_resort_prio                         0x080047b4   Section        0  rt_list.o(i.rt_resort_prio)
    i.rt_ret_val                             0x080047e8   Section        0  hal_cm.o(i.rt_ret_val)
    i.rt_ret_val2                            0x080047ee   Section        0  hal_cm.o(i.rt_ret_val2)
    i.rt_rmv_dly                             0x080047f6   Section        0  rt_list.o(i.rt_rmv_dly)
    i.rt_rmv_list                            0x08004820   Section        0  rt_list.o(i.rt_rmv_list)
    i.rt_sem_psh                             0x08004850   Section        0  rt_semaphore.o(i.rt_sem_psh)
    i.rt_stk_check                           0x08004884   Section        0  rt_system.o(i.rt_stk_check)
    i.rt_switch_req                          0x080048a8   Section        0  rt_task.o(i.rt_switch_req)
    i.rt_sys_init                            0x080048d0   Section        0  rt_task.o(i.rt_sys_init)
    i.rt_sys_start                           0x0800499c   Section        0  rt_task.o(i.rt_sys_start)
    i.rt_systick                             0x08004a14   Section        0  rt_system.o(i.rt_systick)
    i.rt_tid2ptcb                            0x08004a54   Section        0  rt_cmsis.o(i.rt_tid2ptcb)
    rt_tid2ptcb                              0x08004a55   Thumb Code    18  rt_cmsis.o(i.rt_tid2ptcb)
    i.rt_timer_insert                        0x08004a68   Section        0  rt_cmsis.o(i.rt_timer_insert)
    rt_timer_insert                          0x08004a69   Thumb Code    48  rt_cmsis.o(i.rt_timer_insert)
    i.rt_tsk_create                          0x08004a9c   Section        0  rt_task.o(i.rt_tsk_create)
    i.rt_tsk_delete                          0x08004b24   Section        0  rt_task.o(i.rt_tsk_delete)
    i.rt_tsk_prio                            0x08004ca0   Section        0  rt_task.o(i.rt_tsk_prio)
    i.rt_tsk_self                            0x08004d1c   Section        0  rt_task.o(i.rt_tsk_self)
    i.svcDelay                               0x08004d2c   Section        0  rt_cmsis.o(i.svcDelay)
    i.svcKernelInitialize                    0x08004d40   Section        0  rt_cmsis.o(i.svcKernelInitialize)
    i.svcKernelStart                         0x08004db0   Section        0  rt_cmsis.o(i.svcKernelStart)
    i.svcMessageCreate                       0x08004df8   Section        0  rt_cmsis.o(i.svcMessageCreate)
    i.svcMessageGet                          0x08004e1c   Section        0  rt_cmsis.o(i.svcMessageGet)
    i.svcMessagePut                          0x08004e56   Section        0  rt_cmsis.o(i.svcMessagePut)
    i.svcPoolCreate                          0x08004e8c   Section        0  rt_cmsis.o(i.svcPoolCreate)
    i.svcSignalSet                           0x08004eb4   Section        0  rt_cmsis.o(i.svcSignalSet)
    i.svcSignalWait                          0x08004ed8   Section        0  rt_cmsis.o(i.svcSignalWait)
    i.svcThreadCreate                        0x08004f2c   Section        0  rt_cmsis.o(i.svcThreadCreate)
    i.svcThreadGetId                         0x08004f9c   Section        0  rt_cmsis.o(i.svcThreadGetId)
    i.svcThreadTerminate                     0x08004fb8   Section        0  rt_cmsis.o(i.svcThreadTerminate)
    i.svcTimerCall                           0x08004ff0   Section        0  rt_cmsis.o(i.svcTimerCall)
    i.sysPoolAlloc                           0x08005008   Section        0  rt_cmsis.o(i.sysPoolAlloc)
    i.sysPoolFree                            0x08005012   Section        0  rt_cmsis.o(i.sysPoolFree)
    i.sysTimerTick                           0x08005028   Section        0  rt_cmsis.o(i.sysTimerTick)
    .constdata                               0x08005084   Section      212  main.o(.constdata)
    .constdata                               0x08005158   Section      120  led.o(.constdata)
    .constdata                               0x080051d0   Section       86  rtx_conf_cm.o(.constdata)
    __tagsym$$used                           0x080051ec   Number         0  rtx_conf_cm.o(.constdata)
    __tagsym$$used                           0x080051f0   Number         0  rtx_conf_cm.o(.constdata)
    __tagsym$$used                           0x080051f4   Number         0  rtx_conf_cm.o(.constdata)
    __tagsym$$used                           0x080051f8   Number         0  rtx_conf_cm.o(.constdata)
    .data                                    0x20000000   Section       69  main.o(.data)
    .data                                    0x20000046   Section        2  adc.o(.data)
    .data                                    0x20000048   Section       20  stm32f10x_rcc.o(.data)
    APBAHBPrescTable                         0x20000048   Data          16  stm32f10x_rcc.o(.data)
    ADCPrescTable                            0x20000058   Data           4  stm32f10x_rcc.o(.data)
    .data                                    0x2000005c   Section       36  rtx_conf_cm.o(.data)
    nr_mutex                                 0x2000006c   Data           4  rtx_conf_cm.o(.data)
    .data                                    0x20000080   Section        8  rt_cmsis.o(.data)
    .data                                    0x20000088   Section        8  rt_task.o(.data)
    .data                                    0x20000090   Section        8  rt_system.o(.data)
    os_lock                                  0x20000090   Data           1  rt_system.o(.data)
    os_psh_flag                              0x20000091   Data           1  rt_system.o(.data)
    pend_flags                               0x20000092   Data           1  rt_system.o(.data)
    .data                                    0x20000098   Section        4  rt_time.o(.data)
    .data                                    0x2000009c   Section        8  rt_robin.o(.data)
    .data                                    0x200000a4   Section        1  hal_cm.o(.data)
    .bss                                     0x200000a8   Section      484  main.o(.bss)
    .bss                                     0x20000290   Section     7384  rtx_conf_cm.o(.bss)
    std_libspace                             0x20001ac8   Data        1056  rtx_conf_cm.o(.bss)
    std_libmutex                             0x20001ee8   Data         128  rtx_conf_cm.o(.bss)
    .bss                                     0x20001f68   Section       52  rt_task.o(.bss)
    .bss                                     0x20001f9c   Section       48  rt_list.o(.bss)
    .bss                                     0x20001fcc   Section       96  libspace.o(.bss)
    HEAP                                     0x20002030   Section        0  startup_stm32f10x_hd.o(HEAP)
    STACK                                    0x20002030   Section      512  startup_stm32f10x_hd.o(STACK)
    Heap_Mem                                 0x20002030   Data           0  startup_stm32f10x_hd.o(HEAP)
    Stack_Mem                                0x20002030   Data         512  startup_stm32f10x_hd.o(STACK)
    __initial_sp                             0x20002230   Data           0  startup_stm32f10x_hd.o(STACK)

    Global Symbols

    Symbol Name                              Value     Ov Type        Size  Object(Section)

    BuildAttributes$$THM_ISAv4$P$D$K$B$S$PE$A:L22UL41UL21$X:L11$S22US41US21$IEEE1$IW$USESV6$~STKCKD$USESV7$~SHL$OSPACE$ROPI$EBA8$UX$STANDARDLIB$REQ8$PRES8$EABIv2 0x00000000   Number         0  anon$$obj.o ABSOLUTE
    __ARM_use_no_argv                        0x00000000   Number         0  main.o ABSOLUTE
    __ARM_exceptions_init                     - Undefined Weak Reference
    __alloca_initialize                       - Undefined Weak Reference
    __arm_preinit_                            - Undefined Weak Reference
    __cpp_initialize__aeabi_                  - Undefined Weak Reference
    __cxa_finalize                            - Undefined Weak Reference
    __rt_locale                               - Undefined Weak Reference
    __sigvec_lookup                           - Undefined Weak Reference
    _atexit_init                              - Undefined Weak Reference
    _call_atexit_fns                          - Undefined Weak Reference
    _clock_init                               - Undefined Weak Reference
    _fp_trap_init                             - Undefined Weak Reference
    _fp_trap_shutdown                         - Undefined Weak Reference
    _get_lc_collate                           - Undefined Weak Reference
    _get_lc_ctype                             - Undefined Weak Reference
    _get_lc_monetary                          - Undefined Weak Reference
    _get_lc_numeric                           - Undefined Weak Reference
    _get_lc_time                              - Undefined Weak Reference
    _getenv_init                              - Undefined Weak Reference
    _handle_redirection                       - Undefined Weak Reference
    _init_alloc                               - Undefined Weak Reference
    _init_user_alloc                          - Undefined Weak Reference
    _initio                                   - Undefined Weak Reference
    _rand_init                                - Undefined Weak Reference
    _signal_finish                            - Undefined Weak Reference
    _signal_init                              - Undefined Weak Reference
    _terminate_alloc                          - Undefined Weak Reference
    _terminate_user_alloc                     - Undefined Weak Reference
    _terminateio                              - Undefined Weak Reference
    __Vectors_Size                           0x00000130   Number         0  startup_stm32f10x_hd.o ABSOLUTE
    __RL_RTX_VER                             0x00000480   Number         0  rt_system.o ABSOLUTE
    __Vectors                                0x08000000   Data           4  startup_stm32f10x_hd.o(RESET)
    __Vectors_End                            0x08000130   Data           0  startup_stm32f10x_hd.o(RESET)
    __main                                   0x08000131   Thumb Code     8  __main.o(!!!main)
    __scatterload                            0x08000139   Thumb Code     0  __scatter.o(!!!scatter)
    __scatterload_rt2                        0x08000139   Thumb Code    44  __scatter.o(!!!scatter)
    __scatterload_rt2_thumb_only             0x08000139   Thumb Code     0  __scatter.o(!!!scatter)
    __scatterload_null                       0x08000147   Thumb Code     0  __scatter.o(!!!scatter)
    __scatterload_copy                       0x0800016d   Thumb Code    26  __scatter_copy.o(!!handler_copy)
    __scatterload_zeroinit                   0x08000189   Thumb Code    28  __scatter_zi.o(!!handler_zi)
    __rt_lib_init                            0x080001a5   Thumb Code     0  libinit.o(.ARM.Collect$$libinit$$00000000)
    __rt_lib_init_alloca_1                   0x080001a7   Thumb Code     0  libinit2.o(.ARM.Collect$$libinit$$0000002E)
    __rt_lib_init_argv_1                     0x080001a7   Thumb Code     0  libinit2.o(.ARM.Collect$$libinit$$0000002C)
    __rt_lib_init_atexit_1                   0x080001a7   Thumb Code     0  libinit2.o(.ARM.Collect$$libinit$$0000001B)
    __rt_lib_init_clock_1                    0x080001a7   Thumb Code     0  libinit2.o(.ARM.Collect$$libinit$$00000021)
    __rt_lib_init_cpp_1                      0x080001a7   Thumb Code     0  libinit2.o(.ARM.Collect$$libinit$$00000032)
    __rt_lib_init_exceptions_1               0x080001a7   Thumb Code     0  libinit2.o(.ARM.Collect$$libinit$$00000030)
    __rt_lib_init_fp_1                       0x080001a7   Thumb Code     0  libinit2.o(.ARM.Collect$$libinit$$00000002)
    __rt_lib_init_fp_trap_1                  0x080001a7   Thumb Code     0  libinit2.o(.ARM.Collect$$libinit$$0000001F)
    __rt_lib_init_getenv_1                   0x080001a7   Thumb Code     0  libinit2.o(.ARM.Collect$$libinit$$00000023)
    __rt_lib_init_heap_1                     0x080001a7   Thumb Code     0  libinit2.o(.ARM.Collect$$libinit$$0000000A)
    __rt_lib_init_lc_collate_1               0x080001a7   Thumb Code     0  libinit2.o(.ARM.Collect$$libinit$$00000011)
    __rt_lib_init_lc_ctype_1                 0x080001a7   Thumb Code     0  libinit2.o(.ARM.Collect$$libinit$$00000013)
    __rt_lib_init_lc_monetary_1              0x080001a7   Thumb Code     0  libinit2.o(.ARM.Collect$$libinit$$00000015)
    __rt_lib_init_lc_numeric_1               0x080001a7   Thumb Code     0  libinit2.o(.ARM.Collect$$libinit$$00000017)
    __rt_lib_init_lc_time_1                  0x080001a7   Thumb Code     0  libinit2.o(.ARM.Collect$$libinit$$00000019)
    __rt_lib_init_preinit_1                  0x080001a7   Thumb Code     0  libinit2.o(.ARM.Collect$$libinit$$00000004)
    __rt_lib_init_rand_1                     0x080001a7   Thumb Code     0  libinit2.o(.ARM.Collect$$libinit$$0000000E)
    __rt_lib_init_return                     0x080001a7   Thumb Code     0  libinit2.o(.ARM.Collect$$libinit$$00000033)
    __rt_lib_init_signal_1                   0x080001a7   Thumb Code     0  libinit2.o(.ARM.Collect$$libinit$$0000001D)
    __rt_lib_init_stdio_1                    0x080001a7   Thumb Code     0  libinit2.o(.ARM.Collect$$libinit$$00000025)
    __rt_lib_init_user_alloc_1               0x080001a7   Thumb Code     0  libinit2.o(.ARM.Collect$$libinit$$0000000C)
    __rt_lib_shutdown                        0x080001a9   Thumb Code     0  libshutdown.o(.ARM.Collect$$libshutdown$$00000000)
    __rt_lib_shutdown_cpp_1                  0x080001ab   Thumb Code     0  libshutdown2.o(.ARM.Collect$$libshutdown$$00000002)
    __rt_lib_shutdown_fp_trap_1              0x080001ab   Thumb Code     0  libshutdown2.o(.ARM.Collect$$libshutdown$$00000007)
    __rt_lib_shutdown_heap_1                 0x080001ab   Thumb Code     0  libshutdown2.o(.ARM.Collect$$libshutdown$$0000000F)
    __rt_lib_shutdown_return                 0x080001ab   Thumb Code     0  libshutdown2.o(.ARM.Collect$$libshutdown$$00000010)
    __rt_lib_shutdown_signal_1               0x080001ab   Thumb Code     0  libshutdown2.o(.ARM.Collect$$libshutdown$$0000000A)
    __rt_lib_shutdown_stdio_1                0x080001ab   Thumb Code     0  libshutdown2.o(.ARM.Collect$$libshutdown$$00000004)
    __rt_lib_shutdown_user_alloc_1           0x080001ab   Thumb Code     0  libshutdown2.o(.ARM.Collect$$libshutdown$$0000000C)
    __rt_entry                               0x080001ad   Thumb Code     0  __rtentry.o(.ARM.Collect$$rtentry$$00000000)
    __rt_entry_presh_1                       0x080001ad   Thumb Code     0  __rtentry2.o(.ARM.Collect$$rtentry$$00000002)
    __rt_entry_sh                            0x080001ad   Thumb Code     0  __rtentry4.o(.ARM.Collect$$rtentry$$00000004)
    __rt_entry_li                            0x080001b3   Thumb Code     0  __rtentry2.o(.ARM.Collect$$rtentry$$0000000A)
    __rt_entry_postsh_1                      0x080001b3   Thumb Code     0  __rtentry2.o(.ARM.Collect$$rtentry$$00000009)
    __rt_entry_postli_1                      0x080001b7   Thumb Code     0  __rtentry2.o(.ARM.Collect$$rtentry$$0000000B)
    __rt_entry_main                          0x080001bf   Thumb Code     0  __rtentry2.o(.ARM.Collect$$rtentry$$0000000D)
    __rt_exit                                0x080001c7   Thumb Code     0  rtexit.o(.ARM.Collect$$rtexit$$00000000)
    __rt_exit_ls                             0x080001c9   Thumb Code     0  rtexit2.o(.ARM.Collect$$rtexit$$00000003)
    __rt_exit_prels_1                        0x080001c9   Thumb Code     0  rtexit2.o(.ARM.Collect$$rtexit$$00000002)
    __rt_exit_exit                           0x080001cd   Thumb Code     0  rtexit2.o(.ARM.Collect$$rtexit$$00000004)
    _platform_post_lib_init                  0x080001d5   Thumb Code    24  rtx_conf_cm.o(.emb_text)
    rt_set_PSP                               0x080001f1   Thumb Code     6  hal_cm3.o(.emb_text)
    rt_get_PSP                               0x080001f7   Thumb Code     6  hal_cm3.o(.emb_text)
    os_set_env                               0x080001fd   Thumb Code    24  hal_cm3.o(.emb_text)
    _alloc_box                               0x08000219   Thumb Code    28  hal_cm3.o(.emb_text)
    _free_box                                0x08000239   Thumb Code    28  hal_cm3.o(.emb_text)
    SVC_Handler                              0x08000259   Thumb Code   108  hal_cm3.o(.emb_text)
    PendSV_Handler                           0x080002d1   Thumb Code    56  hal_cm3.o(.emb_text)
    SysTick_Handler                          0x0800030d   Thumb Code     8  hal_cm3.o(.emb_text)
    OS_Tick_Handler                          0x08000315   Thumb Code    12  hal_cm3.o(.emb_text)
    SystemInit_ExtMemCtl                     0x08000321   Thumb Code     2  startup_stm32f10x_hd.o(.text)
    Reset_Handler                            0x08000323   Thumb Code    14  startup_stm32f10x_hd.o(.text)
    NMI_Handler                              0x08000331   Thumb Code     2  startup_stm32f10x_hd.o(.text)
    HardFault_Handler                        0x08000333   Thumb Code     2  startup_stm32f10x_hd.o(.text)
    MemManage_Handler                        0x08000335   Thumb Code     2  startup_stm32f10x_hd.o(.text)
    BusFault_Handler                         0x08000337   Thumb Code     2  startup_stm32f10x_hd.o(.text)
    UsageFault_Handler                       0x08000339   Thumb Code     2  startup_stm32f10x_hd.o(.text)
    DebugMon_Handler                         0x0800033d   Thumb Code     2  startup_stm32f10x_hd.o(.text)
    ADC1_2_IRQHandler                        0x08000343   Thumb Code     0  startup_stm32f10x_hd.o(.text)
    ADC3_IRQHandler                          0x08000343   Thumb Code     0  startup_stm32f10x_hd.o(.text)
    CAN1_RX1_IRQHandler                      0x08000343   Thumb Code     0  startup_stm32f10x_hd.o(.text)
    CAN1_SCE_IRQHandler                      0x08000343   Thumb Code     0  startup_stm32f10x_hd.o(.text)
    DMA1_Channel1_IRQHandler                 0x08000343   Thumb Code     0  startup_stm32f10x_hd.o(.text)
    DMA1_Channel2_IRQHandler                 0x08000343   Thumb Code     0  startup_stm32f10x_hd.o(.text)
    DMA1_Channel3_IRQHandler                 0x08000343   Thumb Code     0  startup_stm32f10x_hd.o(.text)
    DMA1_Channel4_IRQHandler                 0x08000343   Thumb Code     0  startup_stm32f10x_hd.o(.text)
    DMA1_Channel5_IRQHandler                 0x08000343   Thumb Code     0  startup_stm32f10x_hd.o(.text)
    DMA1_Channel6_IRQHandler                 0x08000343   Thumb Code     0  startup_stm32f10x_hd.o(.text)
    DMA1_Channel7_IRQHandler                 0x08000343   Thumb Code     0  startup_stm32f10x_hd.o(.text)
    DMA2_Channel1_IRQHandler                 0x08000343   Thumb Code     0  startup_stm32f10x_hd.o(.text)
    DMA2_Channel2_IRQHandler                 0x08000343   Thumb Code     0  startup_stm32f10x_hd.o(.text)
    DMA2_Channel3_IRQHandler                 0x08000343   Thumb Code     0  startup_stm32f10x_hd.o(.text)
    DMA2_Channel4_5_IRQHandler               0x08000343   Thumb Code     0  startup_stm32f10x_hd.o(.text)
    EXTI15_10_IRQHandler                     0x08000343   Thumb Code     0  startup_stm32f10x_hd.o(.text)
    EXTI1_IRQHandler                         0x08000343   Thumb Code     0  startup_stm32f10x_hd.o(.text)
    EXTI2_IRQHandler                         0x08000343   Thumb Code     0  startup_stm32f10x_hd.o(.text)
    EXTI3_IRQHandler                         0x08000343   Thumb Code     0  startup_stm32f10x_hd.o(.text)
    EXTI4_IRQHandler                         0x08000343   Thumb Code     0  startup_stm32f10x_hd.o(.text)
    EXTI9_5_IRQHandler                       0x08000343   Thumb Code     0  startup_stm32f10x_hd.o(.text)
    FLASH_IRQHandler                         0x08000343   Thumb Code     0  startup_stm32f10x_hd.o(.text)
    FSMC_IRQHandler                          0x08000343   Thumb Code     0  startup_stm32f10x_hd.o(.text)
    I2C1_ER_IRQHandler                       0x08000343   Thumb Code     0  startup_stm32f10x_hd.o(.text)
    I2C1_EV_IRQHandler                       0x08000343   Thumb Code     0  startup_stm32f10x_hd.o(.text)
    I2C2_ER_IRQHandler                       0x08000343   Thumb Code     0  startup_stm32f10x_hd.o(.text)
    I2C2_EV_IRQHandler                       0x08000343   Thumb Code     0  startup_stm32f10x_hd.o(.text)
    PVD_IRQHandler                           0x08000343   Thumb Code     0  startup_stm32f10x_hd.o(.text)
    RCC_IRQHandler                           0x08000343   Thumb Code     0  startup_stm32f10x_hd.o(.text)
    RTCAlarm_IRQHandler                      0x08000343   Thumb Code     0  startup_stm32f10x_hd.o(.text)
    RTC_IRQHandler                           0x08000343   Thumb Code     0  startup_stm32f10x_hd.o(.text)
    SDIO_IRQHandler                          0x08000343   Thumb Code     0  startup_stm32f10x_hd.o(.text)
    SPI1_IRQHandler                          0x08000343   Thumb Code     0  startup_stm32f10x_hd.o(.text)
    SPI2_IRQHandler                          0x08000343   Thumb Code     0  startup_stm32f10x_hd.o(.text)
    SPI3_IRQHandler                          0x08000343   Thumb Code     0  startup_stm32f10x_hd.o(.text)
    TAMPER_IRQHandler                        0x08000343   Thumb Code     0  startup_stm32f10x_hd.o(.text)
    TIM1_BRK_IRQHandler                      0x08000343   Thumb Code     0  startup_stm32f10x_hd.o(.text)
    TIM1_CC_IRQHandler                       0x08000343   Thumb Code     0  startup_stm32f10x_hd.o(.text)
    TIM1_TRG_COM_IRQHandler                  0x08000343   Thumb Code     0  startup_stm32f10x_hd.o(.text)
    TIM1_UP_IRQHandler                       0x08000343   Thumb Code     0  startup_stm32f10x_hd.o(.text)
    TIM3_IRQHandler                          0x08000343   Thumb Code     0  startup_stm32f10x_hd.o(.text)
    TIM4_IRQHandler                          0x08000343   Thumb Code     0  startup_stm32f10x_hd.o(.text)
    TIM5_IRQHandler                          0x08000343   Thumb Code     0  startup_stm32f10x_hd.o(.text)
    TIM6_IRQHandler                          0x08000343   Thumb Code     0  startup_stm32f10x_hd.o(.text)
    TIM7_IRQHandler                          0x08000343   Thumb Code     0  startup_stm32f10x_hd.o(.text)
    TIM8_BRK_IRQHandler                      0x08000343   Thumb Code     0  startup_stm32f10x_hd.o(.text)
    TIM8_CC_IRQHandler                       0x08000343   Thumb Code     0  startup_stm32f10x_hd.o(.text)
    TIM8_TRG_COM_IRQHandler                  0x08000343   Thumb Code     0  startup_stm32f10x_hd.o(.text)
    TIM8_UP_IRQHandler                       0x08000343   Thumb Code     0  startup_stm32f10x_hd.o(.text)
    UART4_IRQHandler                         0x08000343   Thumb Code     0  startup_stm32f10x_hd.o(.text)
    UART5_IRQHandler                         0x08000343   Thumb Code     0  startup_stm32f10x_hd.o(.text)
    USART1_IRQHandler                        0x08000343   Thumb Code     0  startup_stm32f10x_hd.o(.text)
    USART2_IRQHandler                        0x08000343   Thumb Code     0  startup_stm32f10x_hd.o(.text)
    USART3_IRQHandler                        0x08000343   Thumb Code     0  startup_stm32f10x_hd.o(.text)
    USBWakeUp_IRQHandler                     0x08000343   Thumb Code     0  startup_stm32f10x_hd.o(.text)
    USB_HP_CAN1_TX_IRQHandler                0x08000343   Thumb Code     0  startup_stm32f10x_hd.o(.text)
    USB_LP_CAN1_RX0_IRQHandler               0x08000343   Thumb Code     0  startup_stm32f10x_hd.o(.text)
    WWDG_IRQHandler                          0x08000343   Thumb Code     0  startup_stm32f10x_hd.o(.text)
    __user_initial_stackheap                 0x08000345   Thumb Code     0  startup_stm32f10x_hd.o(.text)
    perform                                  0x08000369   Thumb Code   868  main.o(.text)
    timer_callback                           0x080006cd   Thumb Code    12  main.o(.text)
    switch_wtime_or_lightness                0x080006d9   Thumb Code   300  main.o(.text)
    switch_workmode                          0x08000805   Thumb Code   104  main.o(.text)
    task_bat_monitor                         0x0800086d   Thumb Code   548  main.o(.text)
    task_lamp                                0x08000a91   Thumb Code   166  main.o(.text)
    task_uv                                  0x08000b37   Thumb Code   236  main.o(.text)
    task_air                                 0x08000c23   Thumb Code   280  main.o(.text)
    task_buzzer                              0x08000d3b   Thumb Code   390  main.o(.text)
    task_dispatcher                          0x08000ec1   Thumb Code  1360  main.o(.text)
    task_button                              0x08001411   Thumb Code   426  main.o(.text)
    TIM2_IRQHandler                          0x080015bb   Thumb Code   232  main.o(.text)
    EXTI0_IRQHandler                         0x080016a3   Thumb Code    62  main.o(.text)
    main                                     0x080016e1   Thumb Code   474  main.o(.text)
    LED_GPIO_Config                          0x080018bd   Thumb Code   100  led.o(.text)
    LED_Round_robin_blink                    0x08001921   Thumb Code    82  led.o(.text)
    Delay                                    0x08001979   Thumb Code    18  key.o(.text)
    Key_GPIO_Config                          0x0800198b   Thumb Code   130  key.o(.text)
    TM1_PWM1_FAN_ENABLE                      0x08001a7d   Thumb Code    84  pwm_out.o(.text)
    TM1_PWM1_LIGHTNESS_ENABLE                0x08001ad1   Thumb Code    84  pwm_out.o(.text)
    TM1_PWM1_CH3_ENABLE                      0x08001b25   Thumb Code    84  pwm_out.o(.text)
    TM3_PWM3_BEEP_ENABLE                     0x08001beb   Thumb Code    76  pwm_out.o(.text)
    TIM1_PWM_Init                            0x08001c37   Thumb Code    12  pwm_out.o(.text)
    TIM3_PWM_Init                            0x08001c43   Thumb Code    12  pwm_out.o(.text)
    ADC1_GPIO_Config                         0x08001c5d   Thumb Code    32  adc.o(.text)
    ADC1_Mode_Config                         0x08001c7d   Thumb Code   218  adc.o(.text)
    ADC1_Init                                0x08001d57   Thumb Code    12  adc.o(.text)
    TIM2_NVIC_Configuration                  0x08001d75   Thumb Code    42  timer3.o(.text)
    TIM2_Configuration                       0x08001d9f   Thumb Code    84  timer3.o(.text)
    GPIO_DeInit                              0x08001df5   Thumb Code   188  stm32f10x_gpio.o(.text)
    GPIO_AFIODeInit                          0x08001eb1   Thumb Code    20  stm32f10x_gpio.o(.text)
    GPIO_Init                                0x08001ec5   Thumb Code   278  stm32f10x_gpio.o(.text)
    GPIO_StructInit                          0x08001fdb   Thumb Code    16  stm32f10x_gpio.o(.text)
    GPIO_ReadInputDataBit                    0x08001feb   Thumb Code    18  stm32f10x_gpio.o(.text)
    GPIO_ReadInputData                       0x08001ffd   Thumb Code     8  stm32f10x_gpio.o(.text)
    GPIO_ReadOutputDataBit                   0x08002005   Thumb Code    18  stm32f10x_gpio.o(.text)
    GPIO_ReadOutputData                      0x08002017   Thumb Code     8  stm32f10x_gpio.o(.text)
    GPIO_SetBits                             0x0800201f   Thumb Code     4  stm32f10x_gpio.o(.text)
    GPIO_ResetBits                           0x08002023   Thumb Code     4  stm32f10x_gpio.o(.text)
    GPIO_WriteBit                            0x08002027   Thumb Code    10  stm32f10x_gpio.o(.text)
    GPIO_Write                               0x08002031   Thumb Code     4  stm32f10x_gpio.o(.text)
    GPIO_PinLockConfig                       0x08002035   Thumb Code    18  stm32f10x_gpio.o(.text)
    GPIO_EventOutputConfig                   0x08002047   Thumb Code    26  stm32f10x_gpio.o(.text)
    GPIO_EventOutputCmd                      0x08002061   Thumb Code     6  stm32f10x_gpio.o(.text)
    GPIO_PinRemapConfig                      0x08002067   Thumb Code   106  stm32f10x_gpio.o(.text)
    GPIO_EXTILineConfig                      0x080020d1   Thumb Code    66  stm32f10x_gpio.o(.text)
    RCC_DeInit                               0x08002125   Thumb Code    62  stm32f10x_rcc.o(.text)
    RCC_HSEConfig                            0x08002163   Thumb Code    70  stm32f10x_rcc.o(.text)
    RCC_GetFlagStatus                        0x080021a9   Thumb Code    56  stm32f10x_rcc.o(.text)
    RCC_WaitForHSEStartUp                    0x080021e1   Thumb Code    54  stm32f10x_rcc.o(.text)
    RCC_AdjustHSICalibrationValue            0x08002217   Thumb Code    20  stm32f10x_rcc.o(.text)
    RCC_HSICmd                               0x0800222b   Thumb Code     6  stm32f10x_rcc.o(.text)
    RCC_PLLConfig                            0x08002231   Thumb Code    24  stm32f10x_rcc.o(.text)
    RCC_PLLCmd                               0x08002249   Thumb Code     6  stm32f10x_rcc.o(.text)
    RCC_SYSCLKConfig                         0x0800224f   Thumb Code    18  stm32f10x_rcc.o(.text)
    RCC_GetSYSCLKSource                      0x08002261   Thumb Code    10  stm32f10x_rcc.o(.text)
    RCC_HCLKConfig                           0x0800226b   Thumb Code    18  stm32f10x_rcc.o(.text)
    RCC_PCLK1Config                          0x0800227d   Thumb Code    18  stm32f10x_rcc.o(.text)
    RCC_PCLK2Config                          0x0800228f   Thumb Code    20  stm32f10x_rcc.o(.text)
    RCC_ITConfig                             0x080022a3   Thumb Code    26  stm32f10x_rcc.o(.text)
    RCC_USBCLKConfig                         0x080022bd   Thumb Code     8  stm32f10x_rcc.o(.text)
    RCC_ADCCLKConfig                         0x080022c5   Thumb Code    18  stm32f10x_rcc.o(.text)
    RCC_LSEConfig                            0x080022d7   Thumb Code    50  stm32f10x_rcc.o(.text)
    RCC_LSICmd                               0x08002309   Thumb Code     6  stm32f10x_rcc.o(.text)
    RCC_RTCCLKConfig                         0x0800230f   Thumb Code    12  stm32f10x_rcc.o(.text)
    RCC_RTCCLKCmd                            0x0800231b   Thumb Code     8  stm32f10x_rcc.o(.text)
    RCC_GetClocksFreq                        0x08002323   Thumb Code   192  stm32f10x_rcc.o(.text)
    RCC_AHBPeriphClockCmd                    0x080023e3   Thumb Code    26  stm32f10x_rcc.o(.text)
    RCC_APB2PeriphClockCmd                   0x080023fd   Thumb Code    26  stm32f10x_rcc.o(.text)
    RCC_APB1PeriphClockCmd                   0x08002417   Thumb Code    26  stm32f10x_rcc.o(.text)
    RCC_APB2PeriphResetCmd                   0x08002431   Thumb Code    26  stm32f10x_rcc.o(.text)
    RCC_APB1PeriphResetCmd                   0x0800244b   Thumb Code    26  stm32f10x_rcc.o(.text)
    RCC_BackupResetCmd                       0x08002465   Thumb Code     8  stm32f10x_rcc.o(.text)
    RCC_ClockSecuritySystemCmd               0x0800246d   Thumb Code     6  stm32f10x_rcc.o(.text)
    RCC_MCOConfig                            0x08002473   Thumb Code     6  stm32f10x_rcc.o(.text)
    RCC_ClearFlag                            0x08002479   Thumb Code    14  stm32f10x_rcc.o(.text)
    RCC_GetITStatus                          0x08002487   Thumb Code    20  stm32f10x_rcc.o(.text)
    RCC_ClearITPendingBit                    0x0800249b   Thumb Code     6  stm32f10x_rcc.o(.text)
    NVIC_PriorityGroupConfig                 0x080024c5   Thumb Code    10  misc.o(.text)
    NVIC_Init                                0x080024cf   Thumb Code   100  misc.o(.text)
    NVIC_SetVectorTable                      0x08002533   Thumb Code    14  misc.o(.text)
    NVIC_SystemLPConfig                      0x08002541   Thumb Code    34  misc.o(.text)
    SysTick_CLKSourceConfig                  0x08002563   Thumb Code    40  misc.o(.text)
    TIM_DeInit                               0x080025a1   Thumb Code   214  stm32f10x_tim.o(.text)
    TIM_TimeBaseInit                         0x08002677   Thumb Code    50  stm32f10x_tim.o(.text)
    TIM_OC1Init                              0x080026a9   Thumb Code   110  stm32f10x_tim.o(.text)
    TIM_OC2Init                              0x08002717   Thumb Code   148  stm32f10x_tim.o(.text)
    TIM_OC3Init                              0x080027ab   Thumb Code   144  stm32f10x_tim.o(.text)
    TIM_OC4Init                              0x0800283b   Thumb Code   106  stm32f10x_tim.o(.text)
    TIM_SetIC4Prescaler                      0x080028a5   Thumb Code    26  stm32f10x_tim.o(.text)
    TIM_SetIC3Prescaler                      0x08002911   Thumb Code    18  stm32f10x_tim.o(.text)
    TIM_SetIC2Prescaler                      0x0800296b   Thumb Code    42  stm32f10x_tim.o(.text)
    TIM_SetIC1Prescaler                      0x080029e5   Thumb Code    18  stm32f10x_tim.o(.text)
    TIM_ICInit                               0x08002a2f   Thumb Code   110  stm32f10x_tim.o(.text)
    TIM_PWMIConfig                           0x08002a9d   Thumb Code   124  stm32f10x_tim.o(.text)
    TIM_BDTRConfig                           0x08002b19   Thumb Code    32  stm32f10x_tim.o(.text)
    TIM_TimeBaseStructInit                   0x08002b39   Thumb Code    18  stm32f10x_tim.o(.text)
    TIM_OCStructInit                         0x08002b4b   Thumb Code    20  stm32f10x_tim.o(.text)
    TIM_ICStructInit                         0x08002b5f   Thumb Code    18  stm32f10x_tim.o(.text)
    TIM_BDTRStructInit                       0x08002b71   Thumb Code    18  stm32f10x_tim.o(.text)
    TIM_Cmd                                  0x08002b83   Thumb Code    24  stm32f10x_tim.o(.text)
    TIM_CtrlPWMOutputs                       0x08002b9b   Thumb Code    30  stm32f10x_tim.o(.text)
    TIM_ITConfig                             0x08002bb9   Thumb Code    18  stm32f10x_tim.o(.text)
    TIM_GenerateEvent                        0x08002bcb   Thumb Code     4  stm32f10x_tim.o(.text)
    TIM_DMAConfig                            0x08002bcf   Thumb Code    10  stm32f10x_tim.o(.text)
    TIM_DMACmd                               0x08002bd9   Thumb Code    18  stm32f10x_tim.o(.text)
    TIM_InternalClockConfig                  0x08002beb   Thumb Code    12  stm32f10x_tim.o(.text)
    TIM_SelectInputTrigger                   0x08002bf7   Thumb Code    18  stm32f10x_tim.o(.text)
    TIM_ITRxExternalClockConfig              0x08002c09   Thumb Code    24  stm32f10x_tim.o(.text)
    TIM_TIxExternalClockConfig               0x08002c21   Thumb Code    62  stm32f10x_tim.o(.text)
    TIM_ETRConfig                            0x08002c5f   Thumb Code    30  stm32f10x_tim.o(.text)
    TIM_ETRClockMode1Config                  0x08002c7d   Thumb Code    54  stm32f10x_tim.o(.text)
    TIM_ETRClockMode2Config                  0x08002cb3   Thumb Code    32  stm32f10x_tim.o(.text)
    TIM_PrescalerConfig                      0x08002cd3   Thumb Code     6  stm32f10x_tim.o(.text)
    TIM_CounterModeConfig                    0x08002cd9   Thumb Code    18  stm32f10x_tim.o(.text)
    TIM_EncoderInterfaceConfig               0x08002ceb   Thumb Code    66  stm32f10x_tim.o(.text)
    TIM_ForcedOC1Config                      0x08002d2d   Thumb Code    18  stm32f10x_tim.o(.text)
    TIM_ForcedOC2Config                      0x08002d3f   Thumb Code    26  stm32f10x_tim.o(.text)
    TIM_ForcedOC3Config                      0x08002d59   Thumb Code    18  stm32f10x_tim.o(.text)
    TIM_ForcedOC4Config                      0x08002d6b   Thumb Code    26  stm32f10x_tim.o(.text)
    TIM_ARRPreloadConfig                     0x08002d85   Thumb Code    24  stm32f10x_tim.o(.text)
    TIM_SelectCOM                            0x08002d9d   Thumb Code    24  stm32f10x_tim.o(.text)
    TIM_SelectCCDMA                          0x08002db5   Thumb Code    24  stm32f10x_tim.o(.text)
    TIM_CCPreloadControl                     0x08002dcd   Thumb Code    24  stm32f10x_tim.o(.text)
    TIM_OC1PreloadConfig                     0x08002de5   Thumb Code    18  stm32f10x_tim.o(.text)
    TIM_OC2PreloadConfig                     0x08002df7   Thumb Code    26  stm32f10x_tim.o(.text)
    TIM_OC3PreloadConfig                     0x08002e11   Thumb Code    18  stm32f10x_tim.o(.text)
    TIM_OC4PreloadConfig                     0x08002e23   Thumb Code    26  stm32f10x_tim.o(.text)
    TIM_OC1FastConfig                        0x08002e3d   Thumb Code    18  stm32f10x_tim.o(.text)
    TIM_OC2FastConfig                        0x08002e4f   Thumb Code    26  stm32f10x_tim.o(.text)
    TIM_OC3FastConfig                        0x08002e69   Thumb Code    18  stm32f10x_tim.o(.text)
    TIM_OC4FastConfig                        0x08002e7b   Thumb Code    26  stm32f10x_tim.o(.text)
    TIM_ClearOC1Ref                          0x08002e95   Thumb Code    18  stm32f10x_tim.o(.text)
    TIM_ClearOC2Ref                          0x08002ea7   Thumb Code    24  stm32f10x_tim.o(.text)
    TIM_ClearOC3Ref                          0x08002ebf   Thumb Code    18  stm32f10x_tim.o(.text)
    TIM_ClearOC4Ref                          0x08002ed1   Thumb Code    24  stm32f10x_tim.o(.text)
    TIM_OC1PolarityConfig                    0x08002ee9   Thumb Code    18  stm32f10x_tim.o(.text)
    TIM_OC1NPolarityConfig                   0x08002efb   Thumb Code    18  stm32f10x_tim.o(.text)
    TIM_OC2PolarityConfig                    0x08002f0d   Thumb Code    26  stm32f10x_tim.o(.text)
    TIM_OC2NPolarityConfig                   0x08002f27   Thumb Code    26  stm32f10x_tim.o(.text)
    TIM_OC3PolarityConfig                    0x08002f41   Thumb Code    26  stm32f10x_tim.o(.text)
    TIM_OC3NPolarityConfig                   0x08002f5b   Thumb Code    26  stm32f10x_tim.o(.text)
    TIM_OC4PolarityConfig                    0x08002f75   Thumb Code    26  stm32f10x_tim.o(.text)
    TIM_CCxCmd                               0x08002f8f   Thumb Code    26  stm32f10x_tim.o(.text)
    TIM_CCxNCmd                              0x08002fa9   Thumb Code    26  stm32f10x_tim.o(.text)
    TIM_SelectOCxM                           0x08002fc3   Thumb Code   134  stm32f10x_tim.o(.text)
    TIM_UpdateDisableConfig                  0x08003049   Thumb Code    24  stm32f10x_tim.o(.text)
    TIM_UpdateRequestConfig                  0x08003061   Thumb Code    24  stm32f10x_tim.o(.text)
    TIM_SelectHallSensor                     0x08003079   Thumb Code    24  stm32f10x_tim.o(.text)
    TIM_SelectOnePulseMode                   0x08003091   Thumb Code    18  stm32f10x_tim.o(.text)
    TIM_SelectOutputTrigger                  0x080030a3   Thumb Code    18  stm32f10x_tim.o(.text)
    TIM_SelectSlaveMode                      0x080030b5   Thumb Code    18  stm32f10x_tim.o(.text)
    TIM_SelectMasterSlaveMode                0x080030c7   Thumb Code    18  stm32f10x_tim.o(.text)
    TIM_SetCounter                           0x080030d9   Thumb Code     4  stm32f10x_tim.o(.text)
    TIM_SetAutoreload                        0x080030dd   Thumb Code     4  stm32f10x_tim.o(.text)
    TIM_SetCompare1                          0x080030e1   Thumb Code     4  stm32f10x_tim.o(.text)
    TIM_SetCompare2                          0x080030e5   Thumb Code     4  stm32f10x_tim.o(.text)
    TIM_SetCompare3                          0x080030e9   Thumb Code     4  stm32f10x_tim.o(.text)
    TIM_SetCompare4                          0x080030ed   Thumb Code     6  stm32f10x_tim.o(.text)
    TIM_SetClockDivision                     0x080030f3   Thumb Code    14  stm32f10x_tim.o(.text)
    TIM_GetCapture1                          0x08003101   Thumb Code     6  stm32f10x_tim.o(.text)
    TIM_GetCapture2                          0x08003107   Thumb Code     6  stm32f10x_tim.o(.text)
    TIM_GetCapture3                          0x0800310d   Thumb Code     6  stm32f10x_tim.o(.text)
    TIM_GetCapture4                          0x08003113   Thumb Code     8  stm32f10x_tim.o(.text)
    TIM_GetCounter                           0x0800311b   Thumb Code     6  stm32f10x_tim.o(.text)
    TIM_GetPrescaler                         0x08003121   Thumb Code     6  stm32f10x_tim.o(.text)
    TIM_GetFlagStatus                        0x08003127   Thumb Code    18  stm32f10x_tim.o(.text)
    TIM_ClearFlag                            0x08003139   Thumb Code     6  stm32f10x_tim.o(.text)
    TIM_GetITStatus                          0x0800313f   Thumb Code    34  stm32f10x_tim.o(.text)
    TIM_ClearITPendingBit                    0x08003161   Thumb Code     6  stm32f10x_tim.o(.text)
    ADC_DeInit                               0x08003169   Thumb Code    90  stm32f10x_adc.o(.text)
    ADC_Init                                 0x080031c3   Thumb Code    70  stm32f10x_adc.o(.text)
    ADC_StructInit                           0x08003209   Thumb Code    18  stm32f10x_adc.o(.text)
    ADC_Cmd                                  0x0800321b   Thumb Code    22  stm32f10x_adc.o(.text)
    ADC_DMACmd                               0x08003231   Thumb Code    22  stm32f10x_adc.o(.text)
    ADC_ITConfig                             0x08003247   Thumb Code    24  stm32f10x_adc.o(.text)
    ADC_ResetCalibration                     0x0800325f   Thumb Code    10  stm32f10x_adc.o(.text)
    ADC_GetResetCalibrationStatus            0x08003269   Thumb Code    20  stm32f10x_adc.o(.text)
    ADC_StartCalibration                     0x0800327d   Thumb Code    10  stm32f10x_adc.o(.text)
    ADC_GetCalibrationStatus                 0x08003287   Thumb Code    20  stm32f10x_adc.o(.text)
    ADC_SoftwareStartConvCmd                 0x0800329b   Thumb Code    22  stm32f10x_adc.o(.text)
    ADC_GetSoftwareStartConvStatus           0x080032b1   Thumb Code    20  stm32f10x_adc.o(.text)
    ADC_DiscModeChannelCountConfig           0x080032c5   Thumb Code    24  stm32f10x_adc.o(.text)
    ADC_DiscModeCmd                          0x080032dd   Thumb Code    22  stm32f10x_adc.o(.text)
    ADC_RegularChannelConfig                 0x080032f3   Thumb Code   184  stm32f10x_adc.o(.text)
    ADC_ExternalTrigConvCmd                  0x080033ab   Thumb Code    22  stm32f10x_adc.o(.text)
    ADC_GetConversionValue                   0x080033c1   Thumb Code     8  stm32f10x_adc.o(.text)
    ADC_GetDualModeConversionValue           0x080033c9   Thumb Code     6  stm32f10x_adc.o(.text)
    ADC_AutoInjectedConvCmd                  0x080033cf   Thumb Code    22  stm32f10x_adc.o(.text)
    ADC_InjectedDiscModeCmd                  0x080033e5   Thumb Code    22  stm32f10x_adc.o(.text)
    ADC_ExternalTrigInjectedConvConfig       0x080033fb   Thumb Code    16  stm32f10x_adc.o(.text)
    ADC_ExternalTrigInjectedConvCmd          0x0800340b   Thumb Code    22  stm32f10x_adc.o(.text)
    ADC_SoftwareStartInjectedConvCmd         0x08003421   Thumb Code    22  stm32f10x_adc.o(.text)
    ADC_GetSoftwareStartInjectedConvCmdStatus 0x08003437   Thumb Code    20  stm32f10x_adc.o(.text)
    ADC_InjectedChannelConfig                0x0800344b   Thumb Code   130  stm32f10x_adc.o(.text)
    ADC_InjectedSequencerLengthConfig        0x080034cd   Thumb Code    24  stm32f10x_adc.o(.text)
    ADC_SetInjectedOffset                    0x080034e5   Thumb Code     4  stm32f10x_adc.o(.text)
    ADC_GetInjectedConversionValue           0x080034e9   Thumb Code    10  stm32f10x_adc.o(.text)
    ADC_AnalogWatchdogCmd                    0x080034f3   Thumb Code    16  stm32f10x_adc.o(.text)
    ADC_AnalogWatchdogThresholdsConfig       0x08003503   Thumb Code     6  stm32f10x_adc.o(.text)
    ADC_AnalogWatchdogSingleChannelConfig    0x08003509   Thumb Code    16  stm32f10x_adc.o(.text)
    ADC_TempSensorVrefintCmd                 0x08003519   Thumb Code    38  stm32f10x_adc.o(.text)
    ADC_GetFlagStatus                        0x0800353f   Thumb Code    38  stm32f10x_adc.o(.text)
    ADC_ClearFlag                            0x08003565   Thumb Code     6  stm32f10x_adc.o(.text)
    ADC_GetITStatus                          0x0800356b   Thumb Code    36  stm32f10x_adc.o(.text)
    ADC_ClearITPendingBit                    0x0800358f   Thumb Code    10  stm32f10x_adc.o(.text)
    DMA_DeInit                               0x08003599   Thumb Code   306  stm32f10x_dma.o(.text)
    DMA_Init                                 0x080036cb   Thumb Code    60  stm32f10x_dma.o(.text)
    DMA_StructInit                           0x08003707   Thumb Code    26  stm32f10x_dma.o(.text)
    DMA_Cmd                                  0x08003721   Thumb Code    22  stm32f10x_dma.o(.text)
    DMA_ITConfig                             0x08003737   Thumb Code    18  stm32f10x_dma.o(.text)
    DMA_GetCurrDataCounter                   0x08003749   Thumb Code     8  stm32f10x_dma.o(.text)
    DMA_GetFlagStatus                        0x08003751   Thumb Code    40  stm32f10x_dma.o(.text)
    DMA_ClearFlag                            0x08003779   Thumb Code    20  stm32f10x_dma.o(.text)
    DMA_GetITStatus                          0x0800378d   Thumb Code    40  stm32f10x_dma.o(.text)
    DMA_ClearITPendingBit                    0x080037b5   Thumb Code    20  stm32f10x_dma.o(.text)
    SystemInit                               0x080038bd   Thumb Code    68  system_stm32f10x.o(.text)
    os_idle_demon                            0x08003911   Thumb Code     4  rtx_conf_cm.o(.text)
    os_error                                 0x08003915   Thumb Code    34  rtx_conf_cm.o(.text)
    __user_perthread_libspace                0x08003937   Thumb Code    32  rtx_conf_cm.o(.text)
    _mutex_initialize                        0x08003957   Thumb Code    34  rtx_conf_cm.o(.text)
    _mutex_acquire                           0x08003979   Thumb Code    22  rtx_conf_cm.o(.text)
    _mutex_release                           0x0800398f   Thumb Code    18  rtx_conf_cm.o(.text)
    __user_libspace                          0x080039bd   Thumb Code     8  libspace.o(.text)
    __user_perproc_libspace                  0x080039bd   Thumb Code     0  libspace.o(.text)
    exit                                     0x080039c5   Thumb Code    18  exit.o(.text)
    __use_two_region_memory                  0x080039d7   Thumb Code     2  heapauxi.o(.text)
    __rt_heap_escrow$2region                 0x080039d9   Thumb Code     2  heapauxi.o(.text)
    __rt_heap_expand$2region                 0x080039db   Thumb Code     2  heapauxi.o(.text)
    _sys_exit                                0x080039dd   Thumb Code     8  sys_exit.o(.text)
    __user_setup_stackheap                   0x080039e9   Thumb Code    74  sys_stackheap_outer.o(.text)
    __I$use$semihosting                      0x08003a33   Thumb Code     0  use_no_semi.o(.text)
    __use_no_semihosting_swi                 0x08003a33   Thumb Code     2  use_no_semi.o(.text)
    SVC_Count                                0x08003a34   Data           4  svc_table.o(SVC_TABLE)
    __semihosting_library_function           0x08003a35   Thumb Code     0  indicate_semi.o(.text)
    SVC_Table                                0x08003a38   Data           0  svc_table.o(SVC_TABLE)
    _init_box                                0x08003a39   Thumb Code    70  rt_membox.o(i._init_box)
    dbg_init                                 0x08003a81   Thumb Code    34  hal_cm.o(i.dbg_init)
    dbg_task_notify                          0x08003ab1   Thumb Code    32  hal_cm.o(i.dbg_task_notify)
    dbg_task_switch                          0x08003ad1   Thumb Code    16  hal_cm.o(i.dbg_task_switch)
    isrMessageGet                            0x08003ae1   Thumb Code    42  rt_cmsis.o(i.isrMessageGet)
    isrMessagePut                            0x08003b0b   Thumb Code    44  rt_cmsis.o(i.isrMessagePut)
    isrSignalSet                             0x08003b37   Thumb Code    36  rt_cmsis.o(i.isrSignalSet)
    isr_evt_set                              0x08003b5d   Thumb Code    34  rt_event.o(i.isr_evt_set)
    isr_mbx_receive                          0x08003b85   Thumb Code    82  rt_mailbox.o(i.isr_mbx_receive)
    isr_mbx_send                             0x08003bd7   Thumb Code    14  rt_mailbox.o(i.isr_mbx_send)
    osDelay                                  0x08003be5   Thumb Code    18  rt_cmsis.o(i.osDelay)
    osKernelInitialize                       0x08003bfd   Thumb Code    30  rt_cmsis.o(i.osKernelInitialize)
    osKernelStart                            0x08003c21   Thumb Code    98  rt_cmsis.o(i.osKernelStart)
    osMessageCreate                          0x08003c8d   Thumb Code    38  rt_cmsis.o(i.osMessageCreate)
    osMessageGet                             0x08003cbd   Thumb Code    18  rt_cmsis.o(i.osMessageGet)
    osMessagePut                             0x08003cd5   Thumb Code    18  rt_cmsis.o(i.osMessagePut)
    osPoolAlloc                              0x08003ced   Thumb Code    26  rt_cmsis.o(i.osPoolAlloc)
    osPoolCreate                             0x08003d0d   Thumb Code    38  rt_cmsis.o(i.osPoolCreate)
    osPoolFree                               0x08003d3d   Thumb Code    26  rt_cmsis.o(i.osPoolFree)
    osSignalSet                              0x08003d5d   Thumb Code    18  rt_cmsis.o(i.osSignalSet)
    osSignalWait                             0x08003d75   Thumb Code    18  rt_cmsis.o(i.osSignalWait)
    osThreadCreate                           0x08003d8d   Thumb Code    38  rt_cmsis.o(i.osThreadCreate)
    osThreadExit                             0x08003dbd   Thumb Code    14  rt_cmsis.o(i.osThreadExit)
    osTimerCall                              0x08003dd5   Thumb Code     8  rt_cmsis.o(i.osTimerCall)
    osTimerThread                            0x08003de1   Thumb Code    38  rt_cmsis.o(i.osTimerThread)
    os_tick_init                             0x08003e0d   Thumb Code    32  rt_system.o(i.os_tick_init)
    os_tick_irqack                           0x08003e35   Thumb Code     2  rt_system.o(i.os_tick_irqack)
    rt_alloc_box                             0x08003e37   Thumb Code    26  rt_membox.o(i.rt_alloc_box)
    rt_alloc_mem                             0x08003e51   Thumb Code    62  rt_memory.o(i.rt_alloc_mem)
    rt_block                                 0x08003e91   Thumb Code    48  rt_task.o(i.rt_block)
    rt_chk_robin                             0x08003ec9   Thumb Code    60  rt_robin.o(i.rt_chk_robin)
    rt_dec_dly                               0x08003f11   Thumb Code   102  rt_list.o(i.rt_dec_dly)
    rt_dispatch                              0x08003f81   Thumb Code    60  rt_task.o(i.rt_dispatch)
    rt_dly_wait                              0x08003fc5   Thumb Code     6  rt_time.o(i.rt_dly_wait)
    rt_evt_psh                               0x08003fcd   Thumb Code    76  rt_event.o(i.rt_evt_psh)
    rt_evt_set                               0x0800401d   Thumb Code    88  rt_event.o(i.rt_evt_set)
    rt_evt_wait                              0x08004079   Thumb Code    56  rt_event.o(i.rt_evt_wait)
    rt_free_box                              0x080040b5   Thumb Code    44  rt_membox.o(i.rt_free_box)
    rt_free_mem                              0x080040e1   Thumb Code    40  rt_memory.o(i.rt_free_mem)
    rt_get_first                             0x08004109   Thumb Code    40  rt_list.o(i.rt_get_first)
    rt_init_mem                              0x08004181   Thumb Code    26  rt_memory.o(i.rt_init_mem)
    rt_init_robin                            0x0800419d   Thumb Code    14  rt_robin.o(i.rt_init_robin)
    rt_init_stack                            0x080041b5   Thumb Code   118  hal_cm.o(i.rt_init_stack)
    rt_mbx_check                             0x08004235   Thumb Code     8  rt_mailbox.o(i.rt_mbx_check)
    rt_mbx_init                              0x0800423d   Thumb Code    26  rt_mailbox.o(i.rt_mbx_init)
    rt_mbx_psh                               0x08004259   Thumb Code   236  rt_mailbox.o(i.rt_mbx_psh)
    rt_mbx_send                              0x08004349   Thumb Code   148  rt_mailbox.o(i.rt_mbx_send)
    rt_mbx_wait                              0x080043e1   Thumb Code   174  rt_mailbox.o(i.rt_mbx_wait)
    rt_mut_init                              0x080044d9   Thumb Code    16  rt_mutex.o(i.rt_mut_init)
    rt_mut_release                           0x080044e9   Thumb Code   208  rt_mutex.o(i.rt_mut_release)
    rt_mut_wait                              0x080045c1   Thumb Code   100  rt_mutex.o(i.rt_mut_wait)
    rt_pop_req                               0x08004629   Thumb Code   112  rt_system.o(i.rt_pop_req)
    rt_psh_req                               0x080046a5   Thumb Code    22  rt_system.o(i.rt_psh_req)
    rt_psq_enq                               0x080046c5   Thumb Code    88  rt_list.o(i.rt_psq_enq)
    rt_put_dly                               0x08004721   Thumb Code    68  rt_list.o(i.rt_put_dly)
    rt_put_prio                              0x08004769   Thumb Code    54  rt_list.o(i.rt_put_prio)
    rt_put_rdy_first                         0x080047a1   Thumb Code    14  rt_list.o(i.rt_put_rdy_first)
    rt_resort_prio                           0x080047b5   Thumb Code    46  rt_list.o(i.rt_resort_prio)
    rt_ret_val                               0x080047e9   Thumb Code     6  hal_cm.o(i.rt_ret_val)
    rt_ret_val2                              0x080047ef   Thumb Code     8  hal_cm.o(i.rt_ret_val2)
    rt_rmv_dly                               0x080047f7   Thumb Code    40  rt_list.o(i.rt_rmv_dly)
    rt_rmv_list                              0x08004821   Thumb Code    44  rt_list.o(i.rt_rmv_list)
    rt_sem_psh                               0x08004851   Thumb Code    48  rt_semaphore.o(i.rt_sem_psh)
    rt_stk_check                             0x08004885   Thumb Code    28  rt_system.o(i.rt_stk_check)
    rt_switch_req                            0x080048a9   Thumb Code    30  rt_task.o(i.rt_switch_req)
    rt_sys_init                              0x080048d1   Thumb Code   138  rt_task.o(i.rt_sys_init)
    rt_sys_start                             0x0800499d   Thumb Code   110  rt_task.o(i.rt_sys_start)
    rt_systick                               0x08004a15   Thumb Code    50  rt_system.o(i.rt_systick)
    rt_tsk_create                            0x08004a9d   Thumb Code   118  rt_task.o(i.rt_tsk_create)
    rt_tsk_delete                            0x08004b25   Thumb Code   352  rt_task.o(i.rt_tsk_delete)
    rt_tsk_prio                              0x08004ca1   Thumb Code   108  rt_task.o(i.rt_tsk_prio)
    rt_tsk_self                              0x08004d1d   Thumb Code    12  rt_task.o(i.rt_tsk_self)
    svcDelay                                 0x08004d2d   Thumb Code    18  rt_cmsis.o(i.svcDelay)
    svcKernelInitialize                      0x08004d41   Thumb Code    80  rt_cmsis.o(i.svcKernelInitialize)
    svcKernelStart                           0x08004db1   Thumb Code    62  rt_cmsis.o(i.svcKernelStart)
    svcMessageCreate                         0x08004df9   Thumb Code    36  rt_cmsis.o(i.svcMessageCreate)
    svcMessageGet                            0x08004e1d   Thumb Code    58  rt_cmsis.o(i.svcMessageGet)
    svcMessagePut                            0x08004e57   Thumb Code    54  rt_cmsis.o(i.svcMessagePut)
    svcPoolCreate                            0x08004e8d   Thumb Code    40  rt_cmsis.o(i.svcPoolCreate)
    svcSignalSet                             0x08004eb5   Thumb Code    36  rt_cmsis.o(i.svcSignalSet)
    svcSignalWait                            0x08004ed9   Thumb Code    80  rt_cmsis.o(i.svcSignalWait)
    svcThreadCreate                          0x08004f2d   Thumb Code   100  rt_cmsis.o(i.svcThreadCreate)
    svcThreadGetId                           0x08004f9d   Thumb Code    22  rt_cmsis.o(i.svcThreadGetId)
    svcThreadTerminate                       0x08004fb9   Thumb Code    50  rt_cmsis.o(i.svcThreadTerminate)
    svcTimerCall                             0x08004ff1   Thumb Code    24  rt_cmsis.o(i.svcTimerCall)
    sysPoolAlloc                             0x08005009   Thumb Code    10  rt_cmsis.o(i.sysPoolAlloc)
    sysPoolFree                              0x08005013   Thumb Code    20  rt_cmsis.o(i.sysPoolFree)
    sysTimerTick                             0x08005029   Thumb Code    84  rt_cmsis.o(i.sysTimerTick)
    os_pool_def_task_dispatcher_pool         0x08005084   Data          12  main.o(.constdata)
    os_messageQ_def_task_dispatcher_quenue   0x08005090   Data           8  main.o(.constdata)
    os_pool_def_task_buzzer_pool             0x08005098   Data          12  main.o(.constdata)
    os_messageQ_def_task_buzzer_quenue       0x080050a4   Data           8  main.o(.constdata)
    os_pool_def_task_air_pool                0x080050ac   Data          12  main.o(.constdata)
    os_messageQ_def_task_air_quenue          0x080050b8   Data           8  main.o(.constdata)
    os_pool_def_task_uv_pool                 0x080050c0   Data          12  main.o(.constdata)
    os_messageQ_def_task_uv_quenue           0x080050cc   Data           8  main.o(.constdata)
    os_pool_def_task_lamp_pool               0x080050d4   Data          12  main.o(.constdata)
    os_messageQ_def_task_lamp_quenue         0x080050e0   Data           8  main.o(.constdata)
    os_thread_def_task_bat_monitor           0x080050e8   Data          16  main.o(.constdata)
    os_thread_def_task_lamp                  0x080050f8   Data          16  main.o(.constdata)
    os_thread_def_task_uv                    0x08005108   Data          16  main.o(.constdata)
    os_thread_def_task_air                   0x08005118   Data          16  main.o(.constdata)
    os_thread_def_task_buzzer                0x08005128   Data          16  main.o(.constdata)
    os_thread_def_task_dispatcher            0x08005138   Data          16  main.o(.constdata)
    os_thread_def_task_button                0x08005148   Data          16  main.o(.constdata)
    LED_CTL_TABLE                            0x08005158   Data         120  led.o(.constdata)
    os_maxtaskrun                            0x080051d0   Data           2  rtx_conf_cm.o(.constdata)
    os_stackinfo                             0x080051d4   Data           4  rtx_conf_cm.o(.constdata)
    os_rrobin                                0x080051d8   Data           4  rtx_conf_cm.o(.constdata)
    os_tickfreq                              0x080051dc   Data           4  rtx_conf_cm.o(.constdata)
    os_tickus_i                              0x080051e0   Data           2  rtx_conf_cm.o(.constdata)
    os_tickus_f                              0x080051e2   Data           2  rtx_conf_cm.o(.constdata)
    os_trv                                   0x080051e4   Data           4  rtx_conf_cm.o(.constdata)
    os_flags                                 0x080051e8   Data           1  rtx_conf_cm.o(.constdata)
    CMSIS_RTOS_API_Version                   0x080051ec   Data           4  rtx_conf_cm.o(.constdata)
    CMSIS_RTOS_RTX_Version                   0x080051f0   Data           4  rtx_conf_cm.o(.constdata)
    os_clockrate                             0x080051f4   Data           4  rtx_conf_cm.o(.constdata)
    os_timernum                              0x080051f8   Data           4  rtx_conf_cm.o(.constdata)
    mp_tcb_size                              0x080051fc   Data           2  rtx_conf_cm.o(.constdata)
    mp_stk_size                              0x08005200   Data           4  rtx_conf_cm.o(.constdata)
    os_stack_sz                              0x08005204   Data           4  rtx_conf_cm.o(.constdata)
    os_fifo_size                             0x08005208   Data           1  rtx_conf_cm.o(.constdata)
    os_thread_def_osTimerThread              0x0800520c   Data          16  rtx_conf_cm.o(.constdata)
    os_messageQ_def_osTimerMessageQ          0x0800521c   Data           8  rtx_conf_cm.o(.constdata)
    mp_tmr_size                              0x08005224   Data           2  rtx_conf_cm.o(.constdata)
    Region$$Table$$Base                      0x08005228   Number         0  anon$$obj.o(Region$$Table)
    Region$$Table$$Limit                     0x08005248   Number         0  anon$$obj.o(Region$$Table)
    task_button_id                           0x20000000   Data           4  main.o(.data)
    task_dispatcher_id                       0x20000004   Data           4  main.o(.data)
    task_buzzer_id                           0x20000008   Data           4  main.o(.data)
    task_air_id                              0x2000000c   Data           4  main.o(.data)
    task_uv_id                               0x20000010   Data           4  main.o(.data)
    task_lamp_id                             0x20000014   Data           4  main.o(.data)
    task_bat_monitor_id                      0x20000018   Data           4  main.o(.data)
    task_dispatcher_pool                     0x2000001c   Data           4  main.o(.data)
    task_dispatcher_quenue                   0x20000020   Data           4  main.o(.data)
    task_buzzer_pool                         0x20000024   Data           4  main.o(.data)
    task_buzzer_quenue                       0x20000028   Data           4  main.o(.data)
    task_air_pool                            0x2000002c   Data           4  main.o(.data)
    task_air_quenue                          0x20000030   Data           4  main.o(.data)
    task_uv_pool                             0x20000034   Data           4  main.o(.data)
    task_uv_quenue                           0x20000038   Data           4  main.o(.data)
    task_lamp_pool                           0x2000003c   Data           4  main.o(.data)
    task_lamp_quenue                         0x20000040   Data           4  main.o(.data)
    BEEP_STATUS                              0x20000044   Data           1  main.o(.data)
    ADC_ConvertedValue                       0x20000046   Data           2  adc.o(.data)
    osThreadId_osTimerThread                 0x2000005c   Data           4  rtx_conf_cm.o(.data)
    osMessageQId_osTimerMessageQ             0x20000060   Data           4  rtx_conf_cm.o(.data)
    os_tmr                                   0x20000064   Data           4  rtx_conf_cm.o(.data)
    m_tmr                                    0x20000068   Data           4  rtx_conf_cm.o(.data)
    os_thread_def_main                       0x20000070   Data          16  rtx_conf_cm.o(.data)
    os_initialized                           0x20000080   Data           1  rt_cmsis.o(.data)
    os_running                               0x20000081   Data           1  rt_cmsis.o(.data)
    os_timer_head                            0x20000084   Data           4  rt_cmsis.o(.data)
    os_tsk                                   0x20000088   Data           8  rt_task.o(.data)
    os_tick_irqn                             0x20000094   Data           4  rt_system.o(.data)
    os_time                                  0x20000098   Data           4  rt_time.o(.data)
    os_robin                                 0x2000009c   Data           8  rt_robin.o(.data)
    dbg_msg                                  0x200000a4   Data           1  hal_cm.o(.data)
    uv_private                               0x200000a8   Data          44  main.o(.bss)
    os_pool_m_task_dispatcher_pool           0x200000d4   Data          48  main.o(.bss)
    os_messageQ_q_task_dispatcher_quenue     0x20000104   Data          28  main.o(.bss)
    task_dispatcher_evt                      0x20000120   Data          12  main.o(.bss)
    os_pool_m_task_buzzer_pool               0x2000012c   Data          48  main.o(.bss)
    os_messageQ_q_task_buzzer_quenue         0x2000015c   Data          28  main.o(.bss)
    task_buzzer_evt                          0x20000178   Data          12  main.o(.bss)
    os_pool_m_task_air_pool                  0x20000184   Data          48  main.o(.bss)
    os_messageQ_q_task_air_quenue            0x200001b4   Data          28  main.o(.bss)
    task_air_evt                             0x200001d0   Data          12  main.o(.bss)
    os_pool_m_task_uv_pool                   0x200001dc   Data          48  main.o(.bss)
    os_messageQ_q_task_uv_quenue             0x2000020c   Data          28  main.o(.bss)
    task_uv_evt                              0x20000228   Data          12  main.o(.bss)
    os_pool_m_task_lamp_pool                 0x20000234   Data          48  main.o(.bss)
    os_messageQ_q_task_lamp_quenue           0x20000264   Data          28  main.o(.bss)
    task_lamp_evt                            0x20000280   Data          12  main.o(.bss)
    mp_tcb                                   0x20000290   Data         584  rtx_conf_cm.o(.bss)
    mp_stk                                   0x200004d8   Data        4976  rtx_conf_cm.o(.bss)
    os_stack_mem                             0x20001848   Data         432  rtx_conf_cm.o(.bss)
    os_fifo                                  0x200019f8   Data         132  rtx_conf_cm.o(.bss)
    os_active_TCB                            0x20001a7c   Data          44  rtx_conf_cm.o(.bss)
    os_messageQ_q_osTimerMessageQ            0x20001aa8   Data          32  rtx_conf_cm.o(.bss)
    os_idle_TCB                              0x20001f68   Data          52  rt_task.o(.bss)
    os_rdy                                   0x20001f9c   Data          24  rt_list.o(.bss)
    os_dly                                   0x20001fb4   Data          24  rt_list.o(.bss)
    __libspace_start                         0x20001fcc   Data          96  libspace.o(.bss)
    __temporary_stack_top$libspace           0x2000202c   Data           0  libspace.o(.bss)



==============================================================================

Memory Map of the image

  Image Entry point : 0x08000323

  Load Region LR_1 (Base: 0x08000000, Size: 0x000052f0, Max: 0xffffffff, ABSOLUTE)

    Execution Region ER_RO (Base: 0x08000000, Size: 0x00005248, Max: 0xffffffff, ABSOLUTE)

    Base Addr    Size         Type   Attr      Idx    E Section Name        Object

    0x08000000   0x00000130   Data   RO            3    RESET               startup_stm32f10x_hd.o
    0x08000130   0x00000008   Code   RO         1539  * !!!main             c_w.l(__main.o)
    0x08000138   0x00000034   Code   RO         1700    !!!scatter          c_w.l(__scatter.o)
    0x0800016c   0x0000001a   Code   RO         1702    !!handler_copy      c_w.l(__scatter_copy.o)
    0x08000186   0x00000002   PAD
    0x08000188   0x0000001c   Code   RO         1704    !!handler_zi        c_w.l(__scatter_zi.o)
    0x080001a4   0x00000002   Code   RO         1586    .ARM.Collect$$libinit$$00000000  c_w.l(libinit.o)
    0x080001a6   0x00000000   Code   RO         1598    .ARM.Collect$$libinit$$00000002  c_w.l(libinit2.o)
    0x080001a6   0x00000000   Code   RO         1600    .ARM.Collect$$libinit$$00000004  c_w.l(libinit2.o)
    0x080001a6   0x00000000   Code   RO         1603    .ARM.Collect$$libinit$$0000000A  c_w.l(libinit2.o)
    0x080001a6   0x00000000   Code   RO         1605    .ARM.Collect$$libinit$$0000000C  c_w.l(libinit2.o)
    0x080001a6   0x00000000   Code   RO         1607    .ARM.Collect$$libinit$$0000000E  c_w.l(libinit2.o)
    0x080001a6   0x00000000   Code   RO         1610    .ARM.Collect$$libinit$$00000011  c_w.l(libinit2.o)
    0x080001a6   0x00000000   Code   RO         1612    .ARM.Collect$$libinit$$00000013  c_w.l(libinit2.o)
    0x080001a6   0x00000000   Code   RO         1614    .ARM.Collect$$libinit$$00000015  c_w.l(libinit2.o)
    0x080001a6   0x00000000   Code   RO         1616    .ARM.Collect$$libinit$$00000017  c_w.l(libinit2.o)
    0x080001a6   0x00000000   Code   RO         1618    .ARM.Collect$$libinit$$00000019  c_w.l(libinit2.o)
    0x080001a6   0x00000000   Code   RO         1620    .ARM.Collect$$libinit$$0000001B  c_w.l(libinit2.o)
    0x080001a6   0x00000000   Code   RO         1622    .ARM.Collect$$libinit$$0000001D  c_w.l(libinit2.o)
    0x080001a6   0x00000000   Code   RO         1624    .ARM.Collect$$libinit$$0000001F  c_w.l(libinit2.o)
    0x080001a6   0x00000000   Code   RO         1626    .ARM.Collect$$libinit$$00000021  c_w.l(libinit2.o)
    0x080001a6   0x00000000   Code   RO         1628    .ARM.Collect$$libinit$$00000023  c_w.l(libinit2.o)
    0x080001a6   0x00000000   Code   RO         1630    .ARM.Collect$$libinit$$00000025  c_w.l(libinit2.o)
    0x080001a6   0x00000000   Code   RO         1634    .ARM.Collect$$libinit$$0000002C  c_w.l(libinit2.o)
    0x080001a6   0x00000000   Code   RO         1636    .ARM.Collect$$libinit$$0000002E  c_w.l(libinit2.o)
    0x080001a6   0x00000000   Code   RO         1638    .ARM.Collect$$libinit$$00000030  c_w.l(libinit2.o)
    0x080001a6   0x00000000   Code   RO         1640    .ARM.Collect$$libinit$$00000032  c_w.l(libinit2.o)
    0x080001a6   0x00000002   Code   RO         1641    .ARM.Collect$$libinit$$00000033  c_w.l(libinit2.o)
    0x080001a8   0x00000002   Code   RO         1587    .ARM.Collect$$libshutdown$$00000000  c_w.l(libshutdown.o)
    0x080001aa   0x00000000   Code   RO         1643    .ARM.Collect$$libshutdown$$00000002  c_w.l(libshutdown2.o)
    0x080001aa   0x00000000   Code   RO         1645    .ARM.Collect$$libshutdown$$00000004  c_w.l(libshutdown2.o)
    0x080001aa   0x00000000   Code   RO         1648    .ARM.Collect$$libshutdown$$00000007  c_w.l(libshutdown2.o)
    0x080001aa   0x00000000   Code   RO         1651    .ARM.Collect$$libshutdown$$0000000A  c_w.l(libshutdown2.o)
    0x080001aa   0x00000000   Code   RO         1653    .ARM.Collect$$libshutdown$$0000000C  c_w.l(libshutdown2.o)
    0x080001aa   0x00000000   Code   RO         1656    .ARM.Collect$$libshutdown$$0000000F  c_w.l(libshutdown2.o)
    0x080001aa   0x00000002   Code   RO         1657    .ARM.Collect$$libshutdown$$00000010  c_w.l(libshutdown2.o)
    0x080001ac   0x00000000   Code   RO         1541    .ARM.Collect$$rtentry$$00000000  c_w.l(__rtentry.o)
    0x080001ac   0x00000000   Code   RO         1549    .ARM.Collect$$rtentry$$00000002  c_w.l(__rtentry2.o)
    0x080001ac   0x00000006   Code   RO         1561    .ARM.Collect$$rtentry$$00000004  c_w.l(__rtentry4.o)
    0x080001b2   0x00000000   Code   RO         1551    .ARM.Collect$$rtentry$$00000009  c_w.l(__rtentry2.o)
    0x080001b2   0x00000004   Code   RO         1552    .ARM.Collect$$rtentry$$0000000A  c_w.l(__rtentry2.o)
    0x080001b6   0x00000008   Code   RO         1553    .ARM.Collect$$rtentry$$0000000B  c_w.l(__rtentry2.o)
    0x080001be   0x00000008   Code   RO         1555    .ARM.Collect$$rtentry$$0000000D  c_w.l(__rtentry2.o)
    0x080001c6   0x00000002   Code   RO         1542    .ARM.Collect$$rtexit$$00000000  c_w.l(rtexit.o)
    0x080001c8   0x00000000   Code   RO         1564    .ARM.Collect$$rtexit$$00000002  c_w.l(rtexit2.o)
    0x080001c8   0x00000004   Code   RO         1565    .ARM.Collect$$rtexit$$00000003  c_w.l(rtexit2.o)
    0x080001cc   0x00000006   Code   RO         1566    .ARM.Collect$$rtexit$$00000004  c_w.l(rtexit2.o)
    0x080001d2   0x00000002   PAD
    0x080001d4   0x0000001c   Code   RO          289    .emb_text           rtx_conf_cm.o
    0x080001f0   0x00000130   Code   RO         1515    .emb_text           RTX_CM3.lib(hal_cm3.o)
    0x08000320   0x00000048   Code   RO            4  * .text               startup_stm32f10x_hd.o
    0x08000368   0x00001552   Code   RO           10    .text               main.o
    0x080018ba   0x00000002   PAD
    0x080018bc   0x000000bc   Code   RO           85    .text               led.o
    0x08001978   0x00000098   Code   RO          100    .text               key.o
    0x08001a10   0x0000024c   Code   RO          112    .text               pwm_out.o
    0x08001c5c   0x00000118   Code   RO          124    .text               adc.o
    0x08001d74   0x0000007e   Code   RO          145    .text               timer3.o
    0x08001df2   0x00000002   PAD
    0x08001df4   0x00000330   Code   RO          160    .text               stm32f10x_gpio.o
    0x08002124   0x000003a0   Code   RO          172    .text               stm32f10x_rcc.o
    0x080024c4   0x000000dc   Code   RO          186    .text               misc.o
    0x080025a0   0x00000bc6   Code   RO          198    .text               stm32f10x_tim.o
    0x08003166   0x00000002   PAD
    0x08003168   0x00000430   Code   RO          210    .text               stm32f10x_adc.o
    0x08003598   0x00000240   Code   RO          222    .text               stm32f10x_dma.o
    0x080037d8   0x00000138   Code   RO          271    .text               system_stm32f10x.o
    0x08003910   0x000000ac   Code   RO          290    .text               rtx_conf_cm.o
    0x080039bc   0x00000008   Code   RO         1530    .text               c_w.l(libspace.o)
    0x080039c4   0x00000012   Code   RO         1535    .text               c_w.l(exit.o)
    0x080039d6   0x00000006   Code   RO         1537    .text               c_w.l(heapauxi.o)
    0x080039dc   0x0000000c   Code   RO         1572    .text               c_w.l(sys_exit.o)
    0x080039e8   0x0000004a   Code   RO         1574    .text               c_w.l(sys_stackheap_outer.o)
    0x08003a32   0x00000002   Code   RO         1588    .text               c_w.l(use_no_semi.o)
    0x08003a34   0x00000000   Code   RO         1590    .text               c_w.l(indicate_semi.o)
    0x08003a34   0x00000004   Code   RO         1525    SVC_TABLE           RTX_CM3.lib(svc_table.o)
    0x08003a38   0x00000046   Code   RO         1414    i._init_box         RTX_CM3.lib(rt_membox.o)
    0x08003a7e   0x00000002   PAD
    0x08003a80   0x00000030   Code   RO         1467    i.dbg_init          RTX_CM3.lib(hal_cm.o)
    0x08003ab0   0x00000020   Code   RO         1468    i.dbg_task_notify   RTX_CM3.lib(hal_cm.o)
    0x08003ad0   0x00000010   Code   RO         1469    i.dbg_task_switch   RTX_CM3.lib(hal_cm.o)
    0x08003ae0   0x0000002a   Code   RO          320    i.isrMessageGet     RTX_CM3.lib(rt_cmsis.o)
    0x08003b0a   0x0000002c   Code   RO          321    i.isrMessagePut     RTX_CM3.lib(rt_cmsis.o)
    0x08003b36   0x00000024   Code   RO          323    i.isrSignalSet      RTX_CM3.lib(rt_cmsis.o)
    0x08003b5a   0x00000002   PAD
    0x08003b5c   0x00000028   Code   RO         1151    i.isr_evt_set       RTX_CM3.lib(rt_event.o)
    0x08003b84   0x00000052   Code   RO         1269    i.isr_mbx_receive   RTX_CM3.lib(rt_mailbox.o)
    0x08003bd6   0x0000000e   Code   RO         1270    i.isr_mbx_send      RTX_CM3.lib(rt_mailbox.o)
    0x08003be4   0x00000018   Code   RO          324    i.osDelay           RTX_CM3.lib(rt_cmsis.o)
    0x08003bfc   0x00000024   Code   RO          325    i.osKernelInitialize  RTX_CM3.lib(rt_cmsis.o)
    0x08003c20   0x0000006c   Code   RO          327    i.osKernelStart     RTX_CM3.lib(rt_cmsis.o)
    0x08003c8c   0x00000030   Code   RO          335    i.osMessageCreate   RTX_CM3.lib(rt_cmsis.o)
    0x08003cbc   0x00000018   Code   RO          336    i.osMessageGet      RTX_CM3.lib(rt_cmsis.o)
    0x08003cd4   0x00000018   Code   RO          337    i.osMessagePut      RTX_CM3.lib(rt_cmsis.o)
    0x08003cec   0x00000020   Code   RO          342    i.osPoolAlloc       RTX_CM3.lib(rt_cmsis.o)
    0x08003d0c   0x00000030   Code   RO          344    i.osPoolCreate      RTX_CM3.lib(rt_cmsis.o)
    0x08003d3c   0x00000020   Code   RO          345    i.osPoolFree        RTX_CM3.lib(rt_cmsis.o)
    0x08003d5c   0x00000018   Code   RO          351    i.osSignalSet       RTX_CM3.lib(rt_cmsis.o)
    0x08003d74   0x00000018   Code   RO          352    i.osSignalWait      RTX_CM3.lib(rt_cmsis.o)
    0x08003d8c   0x00000030   Code   RO          353    i.osThreadCreate    RTX_CM3.lib(rt_cmsis.o)
    0x08003dbc   0x00000018   Code   RO          354    i.osThreadExit      RTX_CM3.lib(rt_cmsis.o)
    0x08003dd4   0x0000000c   Code   RO          360    i.osTimerCall       RTX_CM3.lib(rt_cmsis.o)
    0x08003de0   0x0000002c   Code   RO          365    i.osTimerThread     RTX_CM3.lib(rt_cmsis.o)
    0x08003e0c   0x00000028   Code   RO         1061    i.os_tick_init      RTX_CM3.lib(rt_system.o)
    0x08003e34   0x00000002   Code   RO         1062    i.os_tick_irqack    RTX_CM3.lib(rt_system.o)
    0x08003e36   0x0000001a   Code   RO         1415    i.rt_alloc_box      RTX_CM3.lib(rt_membox.o)
    0x08003e50   0x0000003e   Code   RO         1443    i.rt_alloc_mem      RTX_CM3.lib(rt_memory.o)
    0x08003e8e   0x00000002   PAD
    0x08003e90   0x00000038   Code   RO          942    i.rt_block          RTX_CM3.lib(rt_task.o)
    0x08003ec8   0x00000048   Code   RO         1392    i.rt_chk_robin      RTX_CM3.lib(rt_robin.o)
    0x08003f10   0x00000070   Code   RO         1193    i.rt_dec_dly        RTX_CM3.lib(rt_list.o)
    0x08003f80   0x00000044   Code   RO          943    i.rt_dispatch       RTX_CM3.lib(rt_task.o)
    0x08003fc4   0x00000006   Code   RO         1359    i.rt_dly_wait       RTX_CM3.lib(rt_time.o)
    0x08003fca   0x00000002   PAD
    0x08003fcc   0x00000050   Code   RO         1154    i.rt_evt_psh        RTX_CM3.lib(rt_event.o)
    0x0800401c   0x0000005c   Code   RO         1155    i.rt_evt_set        RTX_CM3.lib(rt_event.o)
    0x08004078   0x0000003c   Code   RO         1156    i.rt_evt_wait       RTX_CM3.lib(rt_event.o)
    0x080040b4   0x0000002c   Code   RO         1416    i.rt_free_box       RTX_CM3.lib(rt_membox.o)
    0x080040e0   0x00000028   Code   RO         1444    i.rt_free_mem       RTX_CM3.lib(rt_memory.o)
    0x08004108   0x00000028   Code   RO         1194    i.rt_get_first      RTX_CM3.lib(rt_list.o)
    0x08004130   0x00000008   Code   RO          370    i.rt_id2obj         RTX_CM3.lib(rt_cmsis.o)
    0x08004138   0x00000048   Code   RO          944    i.rt_init_context   RTX_CM3.lib(rt_task.o)
    0x08004180   0x0000001a   Code   RO         1445    i.rt_init_mem       RTX_CM3.lib(rt_memory.o)
    0x0800419a   0x00000002   PAD
    0x0800419c   0x00000018   Code   RO         1393    i.rt_init_robin     RTX_CM3.lib(rt_robin.o)
    0x080041b4   0x00000080   Code   RO         1470    i.rt_init_stack     RTX_CM3.lib(hal_cm.o)
    0x08004234   0x00000008   Code   RO         1271    i.rt_mbx_check      RTX_CM3.lib(rt_mailbox.o)
    0x0800423c   0x0000001a   Code   RO         1272    i.rt_mbx_init       RTX_CM3.lib(rt_mailbox.o)
    0x08004256   0x00000002   PAD
    0x08004258   0x000000f0   Code   RO         1273    i.rt_mbx_psh        RTX_CM3.lib(rt_mailbox.o)
    0x08004348   0x00000098   Code   RO         1274    i.rt_mbx_send       RTX_CM3.lib(rt_mailbox.o)
    0x080043e0   0x000000b4   Code   RO         1275    i.rt_mbx_wait       RTX_CM3.lib(rt_mailbox.o)
    0x08004494   0x00000044   Code   RO          371    i.rt_ms2tick        RTX_CM3.lib(rt_cmsis.o)
    0x080044d8   0x00000010   Code   RO         1027    i.rt_mut_init       RTX_CM3.lib(rt_mutex.o)
    0x080044e8   0x000000d8   Code   RO         1028    i.rt_mut_release    RTX_CM3.lib(rt_mutex.o)
    0x080045c0   0x00000068   Code   RO         1029    i.rt_mut_wait       RTX_CM3.lib(rt_mutex.o)
    0x08004628   0x0000007c   Code   RO         1065    i.rt_pop_req        RTX_CM3.lib(rt_system.o)
    0x080046a4   0x00000020   Code   RO         1066    i.rt_psh_req        RTX_CM3.lib(rt_system.o)
    0x080046c4   0x0000005c   Code   RO         1196    i.rt_psq_enq        RTX_CM3.lib(rt_list.o)
    0x08004720   0x00000048   Code   RO         1197    i.rt_put_dly        RTX_CM3.lib(rt_list.o)
    0x08004768   0x00000036   Code   RO         1198    i.rt_put_prio       RTX_CM3.lib(rt_list.o)
    0x0800479e   0x00000002   PAD
    0x080047a0   0x00000014   Code   RO         1199    i.rt_put_rdy_first  RTX_CM3.lib(rt_list.o)
    0x080047b4   0x00000034   Code   RO         1200    i.rt_resort_prio    RTX_CM3.lib(rt_list.o)
    0x080047e8   0x00000006   Code   RO         1471    i.rt_ret_val        RTX_CM3.lib(hal_cm.o)
    0x080047ee   0x00000008   Code   RO         1472    i.rt_ret_val2       RTX_CM3.lib(hal_cm.o)
    0x080047f6   0x00000028   Code   RO         1201    i.rt_rmv_dly        RTX_CM3.lib(rt_list.o)
    0x0800481e   0x00000002   PAD
    0x08004820   0x00000030   Code   RO         1202    i.rt_rmv_list       RTX_CM3.lib(rt_list.o)
    0x08004850   0x00000034   Code   RO         1320    i.rt_sem_psh        RTX_CM3.lib(rt_semaphore.o)
    0x08004884   0x00000024   Code   RO         1068    i.rt_stk_check      RTX_CM3.lib(rt_system.o)
    0x080048a8   0x00000028   Code   RO          945    i.rt_switch_req     RTX_CM3.lib(rt_task.o)
    0x080048d0   0x000000cc   Code   RO          946    i.rt_sys_init       RTX_CM3.lib(rt_task.o)
    0x0800499c   0x00000078   Code   RO          947    i.rt_sys_start      RTX_CM3.lib(rt_task.o)
    0x08004a14   0x00000040   Code   RO         1070    i.rt_systick        RTX_CM3.lib(rt_system.o)
    0x08004a54   0x00000012   Code   RO          372    i.rt_tid2ptcb       RTX_CM3.lib(rt_cmsis.o)
    0x08004a66   0x00000002   PAD
    0x08004a68   0x00000034   Code   RO          373    i.rt_timer_insert   RTX_CM3.lib(rt_cmsis.o)
    0x08004a9c   0x00000088   Code   RO          948    i.rt_tsk_create     RTX_CM3.lib(rt_task.o)
    0x08004b24   0x0000017c   Code   RO          949    i.rt_tsk_delete     RTX_CM3.lib(rt_task.o)
    0x08004ca0   0x0000007c   Code   RO          951    i.rt_tsk_prio       RTX_CM3.lib(rt_task.o)
    0x08004d1c   0x00000010   Code   RO          952    i.rt_tsk_self       RTX_CM3.lib(rt_task.o)
    0x08004d2c   0x00000012   Code   RO          375    i.svcDelay          RTX_CM3.lib(rt_cmsis.o)
    0x08004d3e   0x00000002   PAD
    0x08004d40   0x00000070   Code   RO          376    i.svcKernelInitialize  RTX_CM3.lib(rt_cmsis.o)
    0x08004db0   0x00000048   Code   RO          378    i.svcKernelStart    RTX_CM3.lib(rt_cmsis.o)
    0x08004df8   0x00000024   Code   RO          381    i.svcMessageCreate  RTX_CM3.lib(rt_cmsis.o)
    0x08004e1c   0x0000003a   Code   RO          382    i.svcMessageGet     RTX_CM3.lib(rt_cmsis.o)
    0x08004e56   0x00000036   Code   RO          383    i.svcMessagePut     RTX_CM3.lib(rt_cmsis.o)
    0x08004e8c   0x00000028   Code   RO          388    i.svcPoolCreate     RTX_CM3.lib(rt_cmsis.o)
    0x08004eb4   0x00000024   Code   RO          394    i.svcSignalSet      RTX_CM3.lib(rt_cmsis.o)
    0x08004ed8   0x00000054   Code   RO          395    i.svcSignalWait     RTX_CM3.lib(rt_cmsis.o)
    0x08004f2c   0x00000070   Code   RO          396    i.svcThreadCreate   RTX_CM3.lib(rt_cmsis.o)
    0x08004f9c   0x0000001c   Code   RO          397    i.svcThreadGetId    RTX_CM3.lib(rt_cmsis.o)
    0x08004fb8   0x00000038   Code   RO          400    i.svcThreadTerminate  RTX_CM3.lib(rt_cmsis.o)
    0x08004ff0   0x00000018   Code   RO          402    i.svcTimerCall      RTX_CM3.lib(rt_cmsis.o)
    0x08005008   0x0000000a   Code   RO          409    i.sysPoolAlloc      RTX_CM3.lib(rt_cmsis.o)
    0x08005012   0x00000014   Code   RO          410    i.sysPoolFree       RTX_CM3.lib(rt_cmsis.o)
    0x08005026   0x00000002   PAD
    0x08005028   0x0000005c   Code   RO          411    i.sysTimerTick      RTX_CM3.lib(rt_cmsis.o)
    0x08005084   0x000000d4   Data   RO           12    .constdata          main.o
    0x08005158   0x00000078   Data   RO           86    .constdata          led.o
    0x080051d0   0x00000056   Data   RO          292    .constdata          rtx_conf_cm.o
    0x08005226   0x00000002   PAD
    0x08005228   0x00000020   Data   RO         1698    Region$$Table       anon$$obj.o


    Execution Region ER_RW (Base: 0x20000000, Size: 0x000000a8, Max: 0xffffffff, ABSOLUTE)

    Base Addr    Size         Type   Attr      Idx    E Section Name        Object

    0x20000000   0x00000045   Data   RW           13    .data               main.o
    0x20000045   0x00000001   PAD
    0x20000046   0x00000002   Data   RW          125    .data               adc.o
    0x20000048   0x00000014   Data   RW          173    .data               stm32f10x_rcc.o
    0x2000005c   0x00000024   Data   RW          293    .data               rtx_conf_cm.o
    0x20000080   0x00000008   Data   RW          414    .data               RTX_CM3.lib(rt_cmsis.o)
    0x20000088   0x00000008   Data   RW          954    .data               RTX_CM3.lib(rt_task.o)
    0x20000090   0x00000008   Data   RW         1073    .data               RTX_CM3.lib(rt_system.o)
    0x20000098   0x00000004   Data   RW         1363    .data               RTX_CM3.lib(rt_time.o)
    0x2000009c   0x00000008   Data   RW         1394    .data               RTX_CM3.lib(rt_robin.o)
    0x200000a4   0x00000001   Data   RW         1473    .data               RTX_CM3.lib(hal_cm.o)


    Execution Region ER_ZI (Base: 0x200000a8, Size: 0x00002188, Max: 0xffffffff, ABSOLUTE)

    Base Addr    Size         Type   Attr      Idx    E Section Name        Object

    0x200000a8   0x000001e4   Zero   RW           11    .bss                main.o
    0x2000028c   0x00000004   PAD
    0x20000290   0x00001cd8   Zero   RW          291    .bss                rtx_conf_cm.o
    0x20001f68   0x00000034   Zero   RW          953    .bss                RTX_CM3.lib(rt_task.o)
    0x20001f9c   0x00000030   Zero   RW         1203    .bss                RTX_CM3.lib(rt_list.o)
    0x20001fcc   0x00000060   Zero   RW         1531    .bss                c_w.l(libspace.o)
    0x2000202c   0x00000004   PAD
    0x20002030   0x00000000   Zero   RW            2    HEAP                startup_stm32f10x_hd.o
    0x20002030   0x00000200   Zero   RW            1    STACK               startup_stm32f10x_hd.o


==============================================================================

Image component sizes


      Code (inc. data)   RO Data    RW Data    ZI Data      Debug   Object Name

       280         18          0          2          0      20539   adc.o
       152          4          0          0          0       1020   key.o
       188          6        120          0          0       1388   led.o
      5458        376        212         69        484     262169   main.o
       220         22          0          0          0       1737   misc.o
       588         14          0          0          0       2241   pwm_out.o
       200         34         86         36       7384       8709   rtx_conf_cm.o
        72         26        304          0        512        896   startup_stm32f10x_hd.o
      1072         20          0          0          0      10885   stm32f10x_adc.o
       576         16          0          0          0       3491   stm32f10x_dma.o
       816         18          0          0          0       5195   stm32f10x_gpio.o
       928         36          0         20          0       8840   stm32f10x_rcc.o
      3014         16          0          0          0      24516   stm32f10x_tim.o
       312         16          0          0          0       1173   system_stm32f10x.o
       126          0          0          0          0        749   timer3.o

    ----------------------------------------------------------------------
     14008        622        756        128       8384     353548   Object Totals
         0          0         32          0          0          0   (incl. Generated)
         6          0          2          1          4          0   (incl. Padding)

    ----------------------------------------------------------------------

      Code (inc. data)   RO Data    RW Data    ZI Data      Debug   Library Member Name

       238         24          0          1          0       3256   hal_cm.o
       304         36          0          0          0        760   hal_cm3.o
      1672        200          0          8          0      41054   rt_cmsis.o
       272         18          0          0          0       2618   rt_event.o
       530         34          0          0         48       8165   rt_list.o
       702         14          0          0          0       4727   rt_mailbox.o
       140          0          0          0          0       1901   rt_membox.o
       128          0          0          0          0       2275   rt_memory.o
       336         12          0          0          0       2057   rt_mutex.o
        96         22          0          8          0       1134   rt_robin.o
        52          4          0          0          0        565   rt_semaphore.o
       298         52          0          8          0       6151   rt_system.o
      1216        174          0          8         52       9545   rt_task.o
         6          0          0          4          0        636   rt_time.o
         4          4          0          0          0        200   svc_table.o
         8          0          0          0          0         68   __main.o
         0          0          0          0          0          0   __rtentry.o
        20          0          0          0          0          0   __rtentry2.o
         6          0          0          0          0          0   __rtentry4.o
        52          8          0          0          0          0   __scatter.o
        26          0          0          0          0          0   __scatter_copy.o
        28          0          0          0          0          0   __scatter_zi.o
        18          0          0          0          0         80   exit.o
         6          0          0          0          0        152   heapauxi.o
         0          0          0          0          0          0   indicate_semi.o
         2          0          0          0          0          0   libinit.o
         2          0          0          0          0          0   libinit2.o
         2          0          0          0          0          0   libshutdown.o
         2          0          0          0          0          0   libshutdown2.o
         8          4          0          0         96         68   libspace.o
         2          0          0          0          0          0   rtexit.o
        10          0          0          0          0          0   rtexit2.o
        12          4          0          0          0         68   sys_exit.o
        74          0          0          0          0         80   sys_stackheap_outer.o
         2          0          0          0          0         68   use_no_semi.o

    ----------------------------------------------------------------------
      6300        610          0         40        200      85628   Library Totals
        26          0          0          3          4          0   (incl. Padding)

    ----------------------------------------------------------------------

      Code (inc. data)   RO Data    RW Data    ZI Data      Debug   Library Name

      5994        594          0         37        100      85044   RTX_CM3.lib
       280         16          0          0         96        584   c_w.l

    ----------------------------------------------------------------------
      6300        610          0         40        200      85628   Library Totals

    ----------------------------------------------------------------------

==============================================================================


      Code (inc. data)   RO Data    RW Data    ZI Data      Debug   

     20308       1232        756        168       8584     432984   Grand Totals
     20308       1232        756        168       8584     432984   ELF Image Totals
     20308       1232        756        168          0          0   ROM Totals

==============================================================================

    Total RO  Size (Code + RO Data)                21064 (  20.57kB)
    Total RW  Size (RW Data + ZI Data)              8752 (   8.55kB)
    Total ROM Size (Code + RO Data + RW Data)      21232 (  20.73kB)

==============================================================================

